[1;32m[2026-07-24T22:54:25+0700] STARTED launcher inputs and installed ROS interfaces validated[0m
[2026-07-24T22:54:25+0700] Independent observer-only 2D mapping startup
[2026-07-24T22:54:25+0700] This launcher will only start mapping scan deskew and slam_toolbox
[2026-07-24T22:54:25+0700] It will not manage RF2O/PX4 fusion, MAVROS, LiDAR, camera, AprilTag, planner, or flight control
[2026-07-24T22:54:39+0700] Waiting for /scan_rf2o; elapsed=3s deadline=60s
[1;32m[2026-07-24T22:54:42+0700] STARTED live input /scan_rf2o[0m
[1;32m[2026-07-24T22:54:45+0700] STARTED live input /mavros/local_position/odom[0m
[1;32m[2026-07-24T22:54:50+0700] STARTED live scan and odometry timestamps share one clock domain[0m
[1;32m[2026-07-24T22:54:54+0700] STARTED TF odom -> base_footprint[0m
[1;32m[2026-07-24T22:54:57+0700] STARTED TF base_footprint -> laser_frame[0m
[1;32m[2026-07-24T22:54:57+0700] STARTED mapping_scan_deskew pgid=24846[0m
[2026-07-24T22:54:58+0700] Waiting for /scan_slam; elapsed=1s deadline=60s
[2026-07-24T22:55:05+0700] Waiting for /scan_slam; elapsed=8s deadline=60s
[1;32m[2026-07-24T22:55:07+0700] STARTED live input /scan_slam[0m
[1;32m[2026-07-24T22:55:11+0700] STARTED diagnostic /scan_slam/diagnostics deskew_applied=true[0m
[1;32m[2026-07-24T22:55:12+0700] STARTED mapping scan deskew active on /scan_slam[0m
[1;32m[2026-07-24T22:55:15+0700] STARTED live scan and odometry timestamps share one clock domain[0m
[1;32m[2026-07-24T22:55:15+0700] STARTED slam_toolbox pgid=25234[0m
[2026-07-24T22:55:19+0700] Waiting for /map; elapsed=4s deadline=120s
[2026-07-24T22:55:25+0700] Waiting for /map; elapsed=10s deadline=120s
[1;32m[2026-07-24T22:55:28+0700] STARTED 2D occupancy map /map[0m
[2026-07-24T22:55:31+0700] Waiting for TF map -> odom; elapsed=3s deadline=60s
[1;32m[2026-07-24T22:55:35+0700] STARTED TF map -> odom[0m
[1;32m[2026-07-24T22:55:39+0700] STARTED TF map -> laser_frame[0m
[1;32m[2026-07-24T22:55:40+0700] STARTED slam_toolbox scan subscription verified[0m
[1;32m[2026-07-24T22:55:43+0700] STARTED no flight-control or planner publishers added[0m

[1;32m######################################################################
#                                                                    #
#                         2D MAP READY                               #
#                                                                    #
#          DESKEW ACTIVE - OBSERVER ONLY - NO FLIGHT CONTROL         #
#                                                                    #
######################################################################
[0m
[2026-07-24T22:55:52+0700] Move the vehicle manually to build the map; this process sends no vehicle commands
[2026-07-24T22:55:52+0700] On Ctrl+C, autosave writes /home/pi5drone/drone_ros_ws/maps/indoor_map_20260724_225422.yaml/.pgm/.png
[2026-07-24T22:55:52+0700] Runtime logs: /home/pi5drone/drone_ros_ws/runtime_logs/mapping_2d_20260724_225422
[2026-07-24T23:02:17+0700] Shutdown reason: received signal INT; launcher_exit=130
[2026-07-24T23:02:22+0700] Autosaving 2D map to /home/pi5drone/drone_ros_ws/maps/indoor_map_20260724_225422.yaml/.pgm
[1;33m[2026-07-24T23:02:25+0700] WARNING 2D map autosave failed; map_saver_cli did not complete within 20s[0m
[2026-07-24T23:02:25+0700] Stopping mapping-owned process group: slam_toolbox pgid=25234
[2026-07-24T23:02:25+0700] Stopping mapping-owned process group: mapping_scan_deskew pgid=24846
[2026-07-24T23:02:25+0700] RF2O/PX4 fusion, MAVROS, LiDAR, camera, AprilTag, and flight control were not stopped
