[2026-07-26T18:10:16+0700] Real lidar2 3D mapping startup
[2026-07-26T18:10:16+0700] Workspace=/home/pi5drone/drone_ros_ws; lidar2=/dev/ttyUSB1@460800; target_frame=odom
[2026-07-26T18:10:16+0700] This launcher will not manage lidar1, RF2O, 2D SLAM, MAVROS, or flight control
[1;32m[2026-07-26T18:10:19+0700] STARTED message stream /mavros/local_position/odom[0m
[1;32m[2026-07-26T18:10:22+0700] STARTED TF odom -> base_footprint[0m
[1;33m[2026-07-26T18:10:22+0700] WARNING REQUIRE_2D_MAP=0; mapper will use TARGET_FRAME=odom[0m
[1;32m[2026-07-26T18:10:23+0700] STARTED sllidar2 pgid=8427[0m
[2026-07-26T18:10:24+0700] Waiting for /scan_vertical; elapsed=1s deadline=60s
[1;32m[2026-07-26T18:10:28+0700] STARTED message stream /scan_vertical[0m
[1;32m[2026-07-26T18:10:32+0700] STARTED lidar2_static_tf pgid=8685[0m
[1;32m[2026-07-26T18:10:36+0700] STARTED TF base_footprint -> lidar_vert_link[0m
[1;32m[2026-07-26T18:10:39+0700] STARTED verified lidar2 TF: translation=[0.000, 0.000, 0.700] RPY=[1.571, 0.000, -1.571][0m
[2026-07-26T18:10:42+0700] Waiting for TF odom -> lidar_vert_link; elapsed=3s deadline=90s
[1;32m[2026-07-26T18:10:46+0700] STARTED TF odom -> lidar_vert_link[0m
[1;32m[2026-07-26T18:10:53+0700] STARTED vertical_lidar_mapper pgid=9251[0m
[2026-07-26T18:10:54+0700] Waiting for /vertical_cloud; elapsed=1s deadline=90s
[2026-07-26T18:10:58+0700] Waiting for /vertical_cloud; elapsed=5s deadline=90s
[1;32m[2026-07-26T18:11:02+0700] STARTED message stream /vertical_cloud[0m
[1;32m[2026-07-26T18:11:05+0700] STARTED message stream /mapping/global_cloud[0m

[1;32m######################################################################
#                                                                    #
#                       LIDAR2 3D MAP READY                          #
#                                                                    #
#             VERTICAL C1M1 MAPPING - OBSERVER ONLY                  #
#                                                                    #
######################################################################
[0m
[2026-07-26T18:11:28+0700] Export service: ros2 service call /vertical_lidar_mapper/save_pcd std_srvs/srv/Trigger '{}'
[2026-07-26T18:11:28+0700] On Ctrl+C, autosave requests one PCD/GLB asset set in /home/pi5drone/drone_ros_ws/maps/vertical_3d
[2026-07-26T18:11:28+0700] Runtime logs: /home/pi5drone/drone_ros_ws/runtime_logs/lidar2_3d_20260726_181014
[2026-07-26T18:11:28+0700] No PX4 parameter, arm, mode, movement, or setpoint command was sent
