[2026-07-24T22:55:55+0700] Real lidar2 3D mapping startup
[2026-07-24T22:55:55+0700] Workspace=/home/pi5drone/drone_ros_ws; lidar2=/dev/ttyUSB1@460800; target_frame=map
[2026-07-24T22:55:55+0700] This launcher will not manage lidar1, RF2O, 2D SLAM, MAVROS, or flight control
[2026-07-24T22:55:59+0700] Waiting for /mavros/local_position/odom; elapsed=4s deadline=90s
[1;32m[2026-07-24T22:56:02+0700] STARTED message stream /mavros/local_position/odom[0m
[1;32m[2026-07-24T22:56:05+0700] STARTED TF odom -> base_footprint[0m
[1;32m[2026-07-24T22:56:07+0700] STARTED message stream /map[0m
[1;32m[2026-07-24T22:56:10+0700] STARTED TF map -> odom[0m
[1;32m[2026-07-24T22:56:11+0700] STARTED sllidar2 pgid=26328[0m
[2026-07-24T22:56:12+0700] Waiting for /scan_vertical; elapsed=1s deadline=60s
[2026-07-24T22:56:19+0700] Waiting for /scan_vertical; elapsed=8s deadline=60s
[1;32m[2026-07-24T22:56:22+0700] STARTED message stream /scan_vertical[0m
[1;32m[2026-07-24T22:56:26+0700] STARTED lidar2_static_tf pgid=26625[0m
[1;32m[2026-07-24T22:56:30+0700] STARTED TF base_footprint -> lidar_vert_link[0m
[1;32m[2026-07-24T22:56:33+0700] STARTED TF map -> lidar_vert_link[0m
[1;32m[2026-07-24T22:56:39+0700] STARTED vertical_lidar_mapper pgid=26903[0m
[2026-07-24T22:56:40+0700] Waiting for /vertical_cloud; elapsed=1s deadline=90s
[2026-07-24T22:56:44+0700] Waiting for /vertical_cloud; elapsed=5s deadline=90s
[2026-07-24T22:56:49+0700] Waiting for /vertical_cloud; elapsed=10s deadline=90s
[1;32m[2026-07-24T22:56:53+0700] STARTED message stream /vertical_cloud[0m
[2026-07-24T22:56:56+0700] Waiting for /mapping/global_cloud; elapsed=3s deadline=90s
[2026-07-24T22:57:01+0700] Waiting for /mapping/global_cloud; elapsed=8s deadline=90s
[2026-07-24T22:57:05+0700] Waiting for /mapping/global_cloud; elapsed=12s deadline=90s
[1;32m[2026-07-24T22:57:08+0700] STARTED message stream /mapping/global_cloud[0m

[1;32m######################################################################
#                                                                    #
#                       LIDAR2 3D MAP READY                          #
#                                                                    #
#             VERTICAL C1M1 MAPPING - OBSERVER ONLY                  #
#                                                                    #
######################################################################
[0m
[2026-07-24T22:57:28+0700] Export service: ros2 service call /vertical_lidar_mapper/save_pcd std_srvs/srv/Trigger '{}'
[2026-07-24T22:57:28+0700] On Ctrl+C, autosave requests one PCD/GLB asset set in /home/pi5drone/drone_ros_ws/maps/vertical_3d
[2026-07-24T22:57:28+0700] Runtime logs: /home/pi5drone/drone_ros_ws/runtime_logs/lidar2_3d_20260724_225553
[2026-07-24T22:57:28+0700] No PX4 parameter, arm, mode, movement, or setpoint command was sent
[2026-07-24T23:02:22+0700] Shutdown reason: received signal INT; launcher_exit=130
[2026-07-24T23:02:24+0700] Autosaving 3D map assets through /vertical_lidar_mapper/save_pcd
[2026-07-24T23:02:26+0700] 3D map autosave requested; PCD/GLB output directory: /home/pi5drone/drone_ros_ws/maps/vertical_3d
[2026-07-24T23:02:26+0700] Stopping launcher-owned process group: vertical_lidar_mapper pgid=26903
[2026-07-24T23:02:26+0700] Stopping launcher-owned process group: lidar2_static_tf pgid=26625
[2026-07-24T23:02:26+0700] Stopping launcher-owned process group: sllidar2 pgid=26328
[2026-07-24T23:02:27+0700] lidar1, RF2O, 2D SLAM, MAVROS, camera, AprilTag, planner, and flight control were not stopped
