[1;32m[2026-07-26T18:10:08+0700] STARTED launcher inputs and installed ROS interfaces validated[0m
[2026-07-26T18:10:08+0700] Independent observer-only 2D mapping startup
[2026-07-26T18:10:08+0700] This launcher will only start mapping scan deskew and slam_toolbox
[2026-07-26T18:10:08+0700] It will not manage RF2O/PX4 fusion, MAVROS, LiDAR, camera, AprilTag, planner, or flight control
[2026-07-26T18:10:22+0700] Waiting for /scan_rf2o; elapsed=3s deadline=60s
[1;32m[2026-07-26T18:10:26+0700] STARTED live input /scan_rf2o[0m
[1;32m[2026-07-26T18:10:28+0700] STARTED live input /mavros/local_position/odom[0m
[1;32m[2026-07-26T18:10:34+0700] STARTED live scan and odometry timestamps share one clock domain[0m
[1;32m[2026-07-26T18:10:37+0700] STARTED TF odom -> base_footprint[0m
[1;32m[2026-07-26T18:10:40+0700] STARTED TF base_footprint -> laser_frame[0m
[1;32m[2026-07-26T18:10:40+0700] STARTED mapping_scan_deskew pgid=8937[0m
[2026-07-26T18:10:43+0700] Waiting for /scan_slam; elapsed=3s deadline=60s
[2026-07-26T18:10:48+0700] Waiting for /scan_slam; elapsed=8s deadline=60s
[1;32m[2026-07-26T18:10:51+0700] STARTED live input /scan_slam[0m
[1;32m[2026-07-26T18:10:54+0700] STARTED diagnostic /scan_slam/diagnostics deskew_applied=true[0m
[1;32m[2026-07-26T18:10:55+0700] STARTED mapping scan deskew active on /scan_slam[0m
[1;32m[2026-07-26T18:11:04+0700] STARTED live scan and odometry timestamps share one clock domain[0m
[1;32m[2026-07-26T18:11:04+0700] STARTED slam_toolbox pgid=9534[0m
[2026-07-26T18:11:08+0700] Waiting for /map; elapsed=4s deadline=120s
[2026-07-26T18:11:13+0700] Waiting for /map; elapsed=9s deadline=120s
[2026-07-26T18:11:17+0700] Waiting for /map; elapsed=13s deadline=120s
[1;32m[2026-07-26T18:11:21+0700] STARTED 2D occupancy map /map[0m
[2026-07-26T18:11:24+0700] Waiting for TF map -> odom; elapsed=3s deadline=60s
[1;32m[2026-07-26T18:11:28+0700] STARTED TF map -> odom[0m
[1;32m[2026-07-26T18:11:32+0700] STARTED TF map -> laser_frame[0m
[1;32m[2026-07-26T18:11:33+0700] STARTED slam_toolbox scan subscription verified[0m
[1;32m[2026-07-26T18:11:36+0700] STARTED no flight-control or planner publishers added[0m

[1;32m######################################################################
#                                                                    #
#                         2D MAP READY                               #
#                                                                    #
#          DESKEW ACTIVE - OBSERVER ONLY - NO FLIGHT CONTROL         #
#                                                                    #
######################################################################
[0m
[2026-07-26T18:11:45+0700] Move the vehicle manually to build the map; this process sends no vehicle commands
[2026-07-26T18:11:45+0700] On Ctrl+C, autosave writes /home/pi5drone/drone_ros_ws/maps/indoor_map_20260726_181004.yaml/.pgm/.png
[2026-07-26T18:11:45+0700] Runtime logs: /home/pi5drone/drone_ros_ws/runtime_logs/mapping_2d_20260726_181004
