[WARN] [1785071501.313578607] [rcl.logging_rosout]: Publisher already registered for node name: 'rf2o_laser_odometry'. If this is due to multiple nodes with the same name then all logs for the logger named 'rf2o_laser_odometry' will go out over the existing publisher. As soon as any node with that name is destructed it will unregister the publisher, preventing any further logs for that name from being published on the rosout topic.
[INFO] [1785071501.339554630] [rf2o_laser_odometry]: Initializing RF2O node...
[WARN] [1785071501.367450963] [rf2o_laser_odometry]: Waiting for qualified laser scans
[INFO] [1785071501.569127497] [rf2o_laser_odometry]: RF2O canonical scan qualification: 1/5
[WARN] [1785071502.074010175] [rf2o_laser_odometry]: "laser_frame" passed to lookupTransform argument source_frame does not exist. 
[WARN] [1785071502.074126377] [rf2o_laser_odometry]: Waiting for transform from laser_frame to base_footprint before RF2O initialization
[WARN] [1785071504.090008566] [rf2o_laser_odometry]: Waiting for transform from laser_frame to base_footprint before RF2O initialization
[INFO] [1785071504.191188204] [rf2o_laser_odometry]: Got first Laser Scan .... Configuring node
[WARN] [1785071506.391153259] [rf2o_laser_odometry]: Waiting for qualified laser scans
[WARN] [1785071511.591973248] [rf2o_laser_odometry]: Waiting for qualified laser scans
[WARN] [1785071516.790691352] [rf2o_laser_odometry]: Waiting for qualified laser scans
[WARN] [1785071521.990657203] [rf2o_laser_odometry]: Waiting for qualified laser scans
[WARN] [1785071527.191098876] [rf2o_laser_odometry]: Waiting for qualified laser scans
[WARN] [1785071532.290647052] [rf2o_laser_odometry]: Waiting for qualified laser scans
[WARN] [1785071537.491236680] [rf2o_laser_odometry]: Waiting for qualified laser scans
[WARN] [1785071542.590660752] [rf2o_laser_odometry]: Waiting for qualified laser scans
[WARN] [1785071547.690658029] [rf2o_laser_odometry]: Waiting for qualified laser scans
[WARN] [1785071552.790630166] [rf2o_laser_odometry]: Waiting for qualified laser scans
[WARN] [1785071558.001188533] [rf2o_laser_odometry]: Waiting for qualified laser scans
[WARN] [1785071563.291261966] [rf2o_laser_odometry]: Waiting for qualified laser scans
[WARN] [1785071568.590628988] [rf2o_laser_odometry]: Waiting for qualified laser scans
[WARN] [1785071573.690704804] [rf2o_laser_odometry]: Waiting for qualified laser scans
[WARN] [1785071578.691580186] [rf2o_laser_odometry]: Waiting for qualified laser scans
[WARN] [1785071584.073636494] [rf2o_laser_odometry]: Waiting for qualified laser scans
[WARN] [1785071589.178581753] [rf2o_laser_odometry]: Waiting for qualified laser scans
[WARN] [1785071594.274343846] [rf2o_laser_odometry]: Waiting for qualified laser scans
[WARN] [1785071599.373700218] [rf2o_laser_odometry]: Waiting for qualified laser scans
[WARN] [1785071604.473725782] [rf2o_laser_odometry]: Waiting for qualified laser scans
[WARN] [1785071609.573711409] [rf2o_laser_odometry]: Waiting for qualified laser scans
[WARN] [1785071614.673693931] [rf2o_laser_odometry]: Waiting for qualified laser scans
[WARN] [1785071619.775209443] [rf2o_laser_odometry]: Waiting for qualified laser scans
[WARN] [1785071624.873722284] [rf2o_laser_odometry]: Waiting for qualified laser scans
[WARN] [1785071629.875022828] [rf2o_laser_odometry]: Waiting for qualified laser scans
[WARN] [1785071634.946867557] [rf2o_laser_odometry]: Waiting for qualified laser scans
[WARN] [1785071640.060022492] [rf2o_laser_odometry]: Waiting for qualified laser scans
[WARN] [1785071645.159593211] [rf2o_laser_odometry]: Waiting for qualified laser scans
[WARN] [1785071650.359792065] [rf2o_laser_odometry]: Waiting for qualified laser scans
[WARN] [1785071655.377144902] [rf2o_laser_odometry]: Waiting for qualified laser scans
[WARN] [1785071660.477145010] [rf2o_laser_odometry]: Waiting for qualified laser scans
[WARN] [1785071665.578639643] [rf2o_laser_odometry]: Waiting for qualified laser scans
[WARN] [1785071670.677134119] [rf2o_laser_odometry]: Waiting for qualified laser scans
[WARN] [1785071675.777136219] [rf2o_laser_odometry]: Waiting for qualified laser scans
[WARN] [1785071680.877093217] [rf2o_laser_odometry]: Waiting for qualified laser scans
[WARN] [1785071685.978011370] [rf2o_laser_odometry]: Waiting for qualified laser scans
[WARN] [1785071691.177173564] [rf2o_laser_odometry]: Waiting for qualified laser scans
[WARN] [1785071696.279717520] [rf2o_laser_odometry]: Waiting for qualified laser scans
[WARN] [1785071701.377065228] [rf2o_laser_odometry]: Waiting for qualified laser scans
[WARN] [1785071706.477166817] [rf2o_laser_odometry]: Waiting for qualified laser scans
[WARN] [1785071711.577082488] [rf2o_laser_odometry]: Waiting for qualified laser scans
[WARN] [1785071716.777103401] [rf2o_laser_odometry]: Waiting for qualified laser scans
[WARN] [1785071721.877133164] [rf2o_laser_odometry]: Waiting for qualified laser scans
[WARN] [1785071727.077096744] [rf2o_laser_odometry]: Waiting for qualified laser scans
[WARN] [1785071732.277089659] [rf2o_laser_odometry]: Waiting for qualified laser scans
[WARN] [1785071737.477086530] [rf2o_laser_odometry]: Waiting for qualified laser scans
[WARN] [1785071742.577099220] [rf2o_laser_odometry]: Waiting for qualified laser scans
[WARN] [1785071747.777099065] [rf2o_laser_odometry]: Waiting for qualified laser scans
[WARN] [1785071752.977140146] [rf2o_laser_odometry]: Waiting for qualified laser scans
[WARN] [1785071758.177179951] [rf2o_laser_odometry]: Waiting for qualified laser scans
[WARN] [1785071763.377090914] [rf2o_laser_odometry]: Waiting for qualified laser scans
[WARN] [1785071768.577114537] [rf2o_laser_odometry]: Waiting for qualified laser scans
[WARN] [1785071773.677105801] [rf2o_laser_odometry]: Waiting for qualified laser scans
[WARN] [1785071778.877104077] [rf2o_laser_odometry]: Waiting for qualified laser scans
[WARN] [1785071784.077121527] [rf2o_laser_odometry]: Waiting for qualified laser scans
[WARN] [1785071789.277130377] [rf2o_laser_odometry]: Waiting for qualified laser scans
[WARN] [1785071794.477134224] [rf2o_laser_odometry]: Waiting for qualified laser scans
[WARN] [1785071799.677093534] [rf2o_laser_odometry]: Waiting for qualified laser scans
[WARN] [1785071804.877096253] [rf2o_laser_odometry]: Waiting for qualified laser scans
[WARN] [1785071810.077107663] [rf2o_laser_odometry]: Waiting for qualified laser scans
[WARN] [1785071815.277093470] [rf2o_laser_odometry]: Waiting for qualified laser scans
[WARN] [1785071820.477097194] [rf2o_laser_odometry]: Waiting for qualified laser scans
[WARN] [1785071825.677121486] [rf2o_laser_odometry]: Waiting for qualified laser scans
[WARN] [1785071830.877175124] [rf2o_laser_odometry]: Waiting for qualified laser scans
[WARN] [1785071836.077086282] [rf2o_laser_odometry]: Waiting for qualified laser scans
[WARN] [1785071841.277328691] [rf2o_laser_odometry]: Waiting for qualified laser scans
[WARN] [1785071846.477077370] [rf2o_laser_odometry]: Waiting for qualified laser scans
[WARN] [1785071851.677989378] [rf2o_laser_odometry]: Waiting for qualified laser scans
[WARN] [1785071856.877280091] [rf2o_laser_odometry]: Waiting for qualified laser scans
[WARN] [1785071862.077099593] [rf2o_laser_odometry]: Waiting for qualified laser scans
[WARN] [1785071867.277135022] [rf2o_laser_odometry]: Waiting for qualified laser scans
[WARN] [1785071872.577092346] [rf2o_laser_odometry]: Waiting for qualified laser scans
[WARN] [1785071877.777145196] [rf2o_laser_odometry]: Waiting for qualified laser scans
[WARN] [1785071882.977150667] [rf2o_laser_odometry]: Waiting for qualified laser scans
[WARN] [1785071888.177109037] [rf2o_laser_odometry]: Waiting for qualified laser scans
[WARN] [1785071893.477139690] [rf2o_laser_odometry]: Waiting for qualified laser scans
[WARN] [1785071898.677105691] [rf2o_laser_odometry]: Waiting for qualified laser scans
[WARN] [1785071903.877088982] [rf2o_laser_odometry]: Waiting for qualified laser scans
[WARN] [1785071909.177094372] [rf2o_laser_odometry]: Waiting for qualified laser scans
[WARN] [1785071914.377089001] [rf2o_laser_odometry]: Waiting for qualified laser scans
[WARN] [1785071919.577108679] [rf2o_laser_odometry]: Waiting for qualified laser scans
[WARN] [1785071924.777102075] [rf2o_laser_odometry]: Waiting for qualified laser scans
[WARN] [1785071930.077139071] [rf2o_laser_odometry]: Waiting for qualified laser scans
[WARN] [1785071935.277110884] [rf2o_laser_odometry]: Waiting for qualified laser scans
[WARN] [1785071940.577080114] [rf2o_laser_odometry]: Waiting for qualified laser scans
[WARN] [1785071945.777089511] [rf2o_laser_odometry]: Waiting for qualified laser scans
[WARN] [1785071950.977094627] [rf2o_laser_odometry]: Waiting for qualified laser scans
[WARN] [1785071956.277122234] [rf2o_laser_odometry]: Waiting for qualified laser scans
[WARN] [1785071961.477480910] [rf2o_laser_odometry]: Waiting for qualified laser scans
[WARN] [1785071966.677096877] [rf2o_laser_odometry]: Waiting for qualified laser scans
[WARN] [1785071971.977103810] [rf2o_laser_odometry]: Waiting for qualified laser scans
[WARN] [1785071977.177099208] [rf2o_laser_odometry]: Waiting for qualified laser scans
[WARN] [1785071982.377115493] [rf2o_laser_odometry]: Waiting for qualified laser scans
[WARN] [1785071987.677142771] [rf2o_laser_odometry]: Waiting for qualified laser scans
[WARN] [1785071992.977093529] [rf2o_laser_odometry]: Waiting for qualified laser scans
[WARN] [1785071998.377101539] [rf2o_laser_odometry]: Waiting for qualified laser scans
[WARN] [1785072001.979887530] [rf2o_laser_odometry]: Eigensolver could not find a solution; RF2O pose was not updated
[WARN] [1785072003.777097010] [rf2o_laser_odometry]: Waiting for qualified laser scans
[WARN] [1785072009.177104350] [rf2o_laser_odometry]: Waiting for qualified laser scans
[WARN] [1785072014.477106954] [rf2o_laser_odometry]: Waiting for qualified laser scans
[WARN] [1785072019.477128442] [rf2o_laser_odometry]: Waiting for qualified laser scans
[WARN] [1785072024.877133297] [rf2o_laser_odometry]: Waiting for qualified laser scans
[WARN] [1785072030.277095115] [rf2o_laser_odometry]: Waiting for qualified laser scans
[WARN] [1785072035.677121152] [rf2o_laser_odometry]: Waiting for qualified laser scans
[WARN] [1785072041.077110245] [rf2o_laser_odometry]: Waiting for qualified laser scans
[WARN] [1785072046.477108837] [rf2o_laser_odometry]: Waiting for qualified laser scans
[WARN] [1785072051.777093731] [rf2o_laser_odometry]: Waiting for qualified laser scans
[WARN] [1785072056.777095806] [rf2o_laser_odometry]: Waiting for qualified laser scans
[WARN] [1785072062.177107637] [rf2o_laser_odometry]: Waiting for qualified laser scans
[WARN] [1785072066.179853543] [rf2o_laser_odometry]: Eigensolver could not find a solution; RF2O pose was not updated
[WARN] [1785072067.177110322] [rf2o_laser_odometry]: Waiting for qualified laser scans
[WARN] [1785072072.577309722] [rf2o_laser_odometry]: Waiting for qualified laser scans
[WARN] [1785072077.977100518] [rf2o_laser_odometry]: Waiting for qualified laser scans
[WARN] [1785072082.977136035] [rf2o_laser_odometry]: Waiting for qualified laser scans
[WARN] [1785072088.377098715] [rf2o_laser_odometry]: Waiting for qualified laser scans
[WARN] [1785072093.377131657] [rf2o_laser_odometry]: Waiting for qualified laser scans
[WARN] [1785072098.377182710] [rf2o_laser_odometry]: Waiting for qualified laser scans
[WARN] [1785072103.777102113] [rf2o_laser_odometry]: Waiting for qualified laser scans
[WARN] [1785072106.979798285] [rf2o_laser_odometry]: Eigensolver could not find a solution; RF2O pose was not updated
[WARN] [1785072108.777104610] [rf2o_laser_odometry]: Waiting for qualified laser scans
[WARN] [1785072113.777150792] [rf2o_laser_odometry]: Waiting for qualified laser scans
[WARN] [1785072119.177060842] [rf2o_laser_odometry]: Waiting for qualified laser scans
[WARN] [1785072124.177085301] [rf2o_laser_odometry]: Waiting for qualified laser scans
[WARN] [1785072129.177108964] [rf2o_laser_odometry]: Waiting for qualified laser scans
[WARN] [1785072134.577099623] [rf2o_laser_odometry]: Waiting for qualified laser scans
[WARN] [1785072139.577516685] [rf2o_laser_odometry]: Waiting for qualified laser scans
[WARN] [1785072144.977178609] [rf2o_laser_odometry]: Waiting for qualified laser scans
[WARN] [1785072150.477323204] [rf2o_laser_odometry]: Waiting for qualified laser scans
[WARN] [1785072155.877097663] [rf2o_laser_odometry]: Waiting for qualified laser scans
[WARN] [1785072160.877098418] [rf2o_laser_odometry]: Waiting for qualified laser scans
[WARN] [1785072165.877127301] [rf2o_laser_odometry]: Waiting for qualified laser scans
[WARN] [1785072169.379816844] [rf2o_laser_odometry]: Eigensolver could not find a solution; RF2O pose was not updated
[WARN] [1785072171.277092645] [rf2o_laser_odometry]: Waiting for qualified laser scans
[WARN] [1785072176.277100955] [rf2o_laser_odometry]: Waiting for qualified laser scans
[WARN] [1785072181.777128885] [rf2o_laser_odometry]: Waiting for qualified laser scans
[WARN] [1785072187.177112709] [rf2o_laser_odometry]: Waiting for qualified laser scans
[WARN] [1785072192.177238979] [rf2o_laser_odometry]: Waiting for qualified laser scans
[WARN] [1785072197.577100343] [rf2o_laser_odometry]: Waiting for qualified laser scans
[WARN] [1785072202.977086816] [rf2o_laser_odometry]: Waiting for qualified laser scans
[WARN] [1785072205.180358235] [rf2o_laser_odometry]: Eigensolver could not find a solution; RF2O pose was not updated
[WARN] [1785072207.977106514] [rf2o_laser_odometry]: Waiting for qualified laser scans
[WARN] [1785072212.977148230] [rf2o_laser_odometry]: Waiting for qualified laser scans
[WARN] [1785072218.077100387] [rf2o_laser_odometry]: Waiting for qualified laser scans
[WARN] [1785072223.477139414] [rf2o_laser_odometry]: Waiting for qualified laser scans
[WARN] [1785072228.577103663] [rf2o_laser_odometry]: Waiting for qualified laser scans
[WARN] [1785072233.577136027] [rf2o_laser_odometry]: Waiting for qualified laser scans
[WARN] [1785072238.977796337] [rf2o_laser_odometry]: Waiting for qualified laser scans
[WARN] [1785072244.377177130] [rf2o_laser_odometry]: Waiting for qualified laser scans
[WARN] [1785072249.877128754] [rf2o_laser_odometry]: Waiting for qualified laser scans
[WARN] [1785072255.277101721] [rf2o_laser_odometry]: Waiting for qualified laser scans
[WARN] [1785072260.277138277] [rf2o_laser_odometry]: Waiting for qualified laser scans
[WARN] [1785072265.277459251] [rf2o_laser_odometry]: Waiting for qualified laser scans
[WARN] [1785072270.377094674] [rf2o_laser_odometry]: Waiting for qualified laser scans
[WARN] [1785072275.377117554] [rf2o_laser_odometry]: Waiting for qualified laser scans
[WARN] [1785072280.777098557] [rf2o_laser_odometry]: Waiting for qualified laser scans
[WARN] [1785072285.777259025] [rf2o_laser_odometry]: Waiting for qualified laser scans
[WARN] [1785072291.177092693] [rf2o_laser_odometry]: Waiting for qualified laser scans
[WARN] [1785072296.277666425] [rf2o_laser_odometry]: Waiting for qualified laser scans
[WARN] [1785072301.677129753] [rf2o_laser_odometry]: Waiting for qualified laser scans
[WARN] [1785072307.177060015] [rf2o_laser_odometry]: Waiting for qualified laser scans
[WARN] [1785072312.177097211] [rf2o_laser_odometry]: Waiting for qualified laser scans
[WARN] [1785072317.177133169] [rf2o_laser_odometry]: Waiting for qualified laser scans
[WARN] [1785072322.577106626] [rf2o_laser_odometry]: Waiting for qualified laser scans
[WARN] [1785072327.677141976] [rf2o_laser_odometry]: Waiting for qualified laser scans
[WARN] [1785072333.077106513] [rf2o_laser_odometry]: Waiting for qualified laser scans
[WARN] [1785072338.477098884] [rf2o_laser_odometry]: Waiting for qualified laser scans
[WARN] [1785072343.577899770] [rf2o_laser_odometry]: Waiting for qualified laser scans
[WARN] [1785072348.977132680] [rf2o_laser_odometry]: Waiting for qualified laser scans
[WARN] [1785072354.077093235] [rf2o_laser_odometry]: Waiting for qualified laser scans
[WARN] [1785072359.077094334] [rf2o_laser_odometry]: Waiting for qualified laser scans
[WARN] [1785072364.077109201] [rf2o_laser_odometry]: Waiting for qualified laser scans
[WARN] [1785072369.577109002] [rf2o_laser_odometry]: Waiting for qualified laser scans
[WARN] [1785072374.977121846] [rf2o_laser_odometry]: Waiting for qualified laser scans
[WARN] [1785072380.077146064] [rf2o_laser_odometry]: Waiting for qualified laser scans
[WARN] [1785072385.477108441] [rf2o_laser_odometry]: Waiting for qualified laser scans
[WARN] [1785072390.477349586] [rf2o_laser_odometry]: Waiting for qualified laser scans
[WARN] [1785072395.577129570] [rf2o_laser_odometry]: Waiting for qualified laser scans
[WARN] [1785072400.578083885] [rf2o_laser_odometry]: Waiting for qualified laser scans
[WARN] [1785072405.677086927] [rf2o_laser_odometry]: Waiting for qualified laser scans
[WARN] [1785072410.677124506] [rf2o_laser_odometry]: Waiting for qualified laser scans
[WARN] [1785072416.177137741] [rf2o_laser_odometry]: Waiting for qualified laser scans
[WARN] [1785072421.577161986] [rf2o_laser_odometry]: Waiting for qualified laser scans
[WARN] [1785072426.677124559] [rf2o_laser_odometry]: Waiting for qualified laser scans
[WARN] [1785072431.677401353] [rf2o_laser_odometry]: Waiting for qualified laser scans
[WARN] [1785072436.777092654] [rf2o_laser_odometry]: Waiting for qualified laser scans
[WARN] [1785072441.777102115] [rf2o_laser_odometry]: Waiting for qualified laser scans
[WARN] [1785072446.877139130] [rf2o_laser_odometry]: Waiting for qualified laser scans
[WARN] [1785072452.277124040] [rf2o_laser_odometry]: Waiting for qualified laser scans
[WARN] [1785072457.377110717] [rf2o_laser_odometry]: Waiting for qualified laser scans
[WARN] [1785072462.877093330] [rf2o_laser_odometry]: Waiting for qualified laser scans
[WARN] [1785072467.877096857] [rf2o_laser_odometry]: Waiting for qualified laser scans
[WARN] [1785072472.977109716] [rf2o_laser_odometry]: Waiting for qualified laser scans
[WARN] [1785072477.977113334] [rf2o_laser_odometry]: Waiting for qualified laser scans
[WARN] [1785072483.077120993] [rf2o_laser_odometry]: Waiting for qualified laser scans
[WARN] [1785072488.177155962] [rf2o_laser_odometry]: Waiting for qualified laser scans
[WARN] [1785072493.577196644] [rf2o_laser_odometry]: Waiting for qualified laser scans
[WARN] [1785072498.677093510] [rf2o_laser_odometry]: Waiting for qualified laser scans
[WARN] [1785072503.777126363] [rf2o_laser_odometry]: Waiting for qualified laser scans
[WARN] [1785072508.877103777] [rf2o_laser_odometry]: Waiting for qualified laser scans
[WARN] [1785072513.877580599] [rf2o_laser_odometry]: Waiting for qualified laser scans
[WARN] [1785072518.977147166] [rf2o_laser_odometry]: Waiting for qualified laser scans
[WARN] [1785072524.077110701] [rf2o_laser_odometry]: Waiting for qualified laser scans
[WARN] [1785072529.177098350] [rf2o_laser_odometry]: Waiting for qualified laser scans
[WARN] [1785072534.277092561] [rf2o_laser_odometry]: Waiting for qualified laser scans
[WARN] [1785072539.377097815] [rf2o_laser_odometry]: Waiting for qualified laser scans
[WARN] [1785072544.377107835] [rf2o_laser_odometry]: Waiting for qualified laser scans
[WARN] [1785072549.477139713] [rf2o_laser_odometry]: Waiting for qualified laser scans
[WARN] [1785072554.577103692] [rf2o_laser_odometry]: Waiting for qualified laser scans
[WARN] [1785072559.677126159] [rf2o_laser_odometry]: Waiting for qualified laser scans
[WARN] [1785072564.777110065] [rf2o_laser_odometry]: Waiting for qualified laser scans
[WARN] [1785072569.877125126] [rf2o_laser_odometry]: Waiting for qualified laser scans
[WARN] [1785072574.977097199] [rf2o_laser_odometry]: Waiting for qualified laser scans
[WARN] [1785072580.077130507] [rf2o_laser_odometry]: Waiting for qualified laser scans
[WARN] [1785072585.577105442] [rf2o_laser_odometry]: Waiting for qualified laser scans
[WARN] [1785072590.677101761] [rf2o_laser_odometry]: Waiting for qualified laser scans
[WARN] [1785072595.677162465] [rf2o_laser_odometry]: Waiting for qualified laser scans
[WARN] [1785072600.777107916] [rf2o_laser_odometry]: Waiting for qualified laser scans
[WARN] [1785072605.777111378] [rf2o_laser_odometry]: Waiting for qualified laser scans
[WARN] [1785072610.977105196] [rf2o_laser_odometry]: Waiting for qualified laser scans
[WARN] [1785072616.377167577] [rf2o_laser_odometry]: Waiting for qualified laser scans
[WARN] [1785072621.477109852] [rf2o_laser_odometry]: Waiting for qualified laser scans
[WARN] [1785072626.577391611] [rf2o_laser_odometry]: Waiting for qualified laser scans
[WARN] [1785072632.077095141] [rf2o_laser_odometry]: Waiting for qualified laser scans
[WARN] [1785072637.077102596] [rf2o_laser_odometry]: Waiting for qualified laser scans
[WARN] [1785072642.177576412] [rf2o_laser_odometry]: Waiting for qualified laser scans
[WARN] [1785072647.277272599] [rf2o_laser_odometry]: Waiting for qualified laser scans
[WARN] [1785072652.277931877] [rf2o_laser_odometry]: Waiting for qualified laser scans
[WARN] [1785072657.377222082] [rf2o_laser_odometry]: Waiting for qualified laser scans
[WARN] [1785072662.477100835] [rf2o_laser_odometry]: Waiting for qualified laser scans
[WARN] [1785072667.577105247] [rf2o_laser_odometry]: Waiting for qualified laser scans
[WARN] [1785072672.677118711] [rf2o_laser_odometry]: Waiting for qualified laser scans
[WARN] [1785072678.177120985] [rf2o_laser_odometry]: Waiting for qualified laser scans
[WARN] [1785072683.177142011] [rf2o_laser_odometry]: Waiting for qualified laser scans
[WARN] [1785072688.277435006] [rf2o_laser_odometry]: Waiting for qualified laser scans
[WARN] [1785072693.377096898] [rf2o_laser_odometry]: Waiting for qualified laser scans
[WARN] [1785072698.477100831] [rf2o_laser_odometry]: Waiting for qualified laser scans
[WARN] [1785072703.577100191] [rf2o_laser_odometry]: Waiting for qualified laser scans
[WARN] [1785072708.577113159] [rf2o_laser_odometry]: Waiting for qualified laser scans
[WARN] [1785072713.677124447] [rf2o_laser_odometry]: Waiting for qualified laser scans
[WARN] [1785072718.777102142] [rf2o_laser_odometry]: Waiting for qualified laser scans
[WARN] [1785072723.877105299] [rf2o_laser_odometry]: Waiting for qualified laser scans
[WARN] [1785072728.977124286] [rf2o_laser_odometry]: Waiting for qualified laser scans
[WARN] [1785072734.077141002] [rf2o_laser_odometry]: Waiting for qualified laser scans
[WARN] [1785072739.177247559] [rf2o_laser_odometry]: Waiting for qualified laser scans
[WARN] [1785072744.277057044] [rf2o_laser_odometry]: Waiting for qualified laser scans
[WARN] [1785072749.377146882] [rf2o_laser_odometry]: Waiting for qualified laser scans
[WARN] [1785072754.477108843] [rf2o_laser_odometry]: Waiting for qualified laser scans
[WARN] [1785072759.577107050] [rf2o_laser_odometry]: Waiting for qualified laser scans
[WARN] [1785072764.677104387] [rf2o_laser_odometry]: Waiting for qualified laser scans
[WARN] [1785072769.777118956] [rf2o_laser_odometry]: Waiting for qualified laser scans
[WARN] [1785072774.877096509] [rf2o_laser_odometry]: Waiting for qualified laser scans
[WARN] [1785072779.877104951] [rf2o_laser_odometry]: Waiting for qualified laser scans
[WARN] [1785072784.977566160] [rf2o_laser_odometry]: Waiting for qualified laser scans
[WARN] [1785072790.177089956] [rf2o_laser_odometry]: Waiting for qualified laser scans
[WARN] [1785072795.277104534] [rf2o_laser_odometry]: Waiting for qualified laser scans
[WARN] [1785072800.777094167] [rf2o_laser_odometry]: Waiting for qualified laser scans
[WARN] [1785072805.877127119] [rf2o_laser_odometry]: Waiting for qualified laser scans
[WARN] [1785072810.977091763] [rf2o_laser_odometry]: Waiting for qualified laser scans
[WARN] [1785072816.077108750] [rf2o_laser_odometry]: Waiting for qualified laser scans
[WARN] [1785072821.177095663] [rf2o_laser_odometry]: Waiting for qualified laser scans
[WARN] [1785072826.279174073] [rf2o_laser_odometry]: Waiting for qualified laser scans
[WARN] [1785072831.377086160] [rf2o_laser_odometry]: Waiting for qualified laser scans
[WARN] [1785072836.477140919] [rf2o_laser_odometry]: Waiting for qualified laser scans
[WARN] [1785072841.577094901] [rf2o_laser_odometry]: Waiting for qualified laser scans
[WARN] [1785072846.677103257] [rf2o_laser_odometry]: Waiting for qualified laser scans
[WARN] [1785072852.177106472] [rf2o_laser_odometry]: Waiting for qualified laser scans
[WARN] [1785072857.277681096] [rf2o_laser_odometry]: Waiting for qualified laser scans
[WARN] [1785072862.377129359] [rf2o_laser_odometry]: Waiting for qualified laser scans
[WARN] [1785072867.577110495] [rf2o_laser_odometry]: Waiting for qualified laser scans
[WARN] [1785072872.677103051] [rf2o_laser_odometry]: Waiting for qualified laser scans
[WARN] [1785072877.777220013] [rf2o_laser_odometry]: Waiting for qualified laser scans
[WARN] [1785072882.877154752] [rf2o_laser_odometry]: Waiting for qualified laser scans
[WARN] [1785072888.077111678] [rf2o_laser_odometry]: Waiting for qualified laser scans
[WARN] [1785072893.180229679] [rf2o_laser_odometry]: Waiting for qualified laser scans
[WARN] [1785072898.577126682] [rf2o_laser_odometry]: Waiting for qualified laser scans
[WARN] [1785072903.578203879] [rf2o_laser_odometry]: Waiting for qualified laser scans
[WARN] [1785072908.977114954] [rf2o_laser_odometry]: Waiting for qualified laser scans
[WARN] [1785072913.978371442] [rf2o_laser_odometry]: Waiting for qualified laser scans
[WARN] [1785072919.077729725] [rf2o_laser_odometry]: Waiting for qualified laser scans
[WARN] [1785072924.079352044] [rf2o_laser_odometry]: Waiting for qualified laser scans
[WARN] [1785072929.477144728] [rf2o_laser_odometry]: Waiting for qualified laser scans
[WARN] [1785072934.877188220] [rf2o_laser_odometry]: Waiting for qualified laser scans
[WARN] [1785072939.977108570] [rf2o_laser_odometry]: Waiting for qualified laser scans
[WARN] [1785072944.977111037] [rf2o_laser_odometry]: Waiting for qualified laser scans
[WARN] [1785072949.977136379] [rf2o_laser_odometry]: Waiting for qualified laser scans
[WARN] [1785072955.377133872] [rf2o_laser_odometry]: Waiting for qualified laser scans
[WARN] [1785072960.577135167] [rf2o_laser_odometry]: Waiting for qualified laser scans
[WARN] [1785072965.677095742] [rf2o_laser_odometry]: Waiting for qualified laser scans
[WARN] [1785072970.777102666] [rf2o_laser_odometry]: Waiting for qualified laser scans
[WARN] [1785072975.877559933] [rf2o_laser_odometry]: Waiting for qualified laser scans
[WARN] [1785072981.077114806] [rf2o_laser_odometry]: Waiting for qualified laser scans
[WARN] [1785072986.177135673] [rf2o_laser_odometry]: Waiting for qualified laser scans
[WARN] [1785072991.277108292] [rf2o_laser_odometry]: Waiting for qualified laser scans
[WARN] [1785072996.477100444] [rf2o_laser_odometry]: Waiting for qualified laser scans
[WARN] [1785073001.577107704] [rf2o_laser_odometry]: Waiting for qualified laser scans
[WARN] [1785073006.777109221] [rf2o_laser_odometry]: Waiting for qualified laser scans
[WARN] [1785073011.877118835] [rf2o_laser_odometry]: Waiting for qualified laser scans
[WARN] [1785073016.977155409] [rf2o_laser_odometry]: Waiting for qualified laser scans
[WARN] [1785073022.377253423] [rf2o_laser_odometry]: Waiting for qualified laser scans
[WARN] [1785073027.477124046] [rf2o_laser_odometry]: Waiting for qualified laser scans
[WARN] [1785073032.577106940] [rf2o_laser_odometry]: Waiting for qualified laser scans
[WARN] [1785073037.577107987] [rf2o_laser_odometry]: Waiting for qualified laser scans
[WARN] [1785073042.577243510] [rf2o_laser_odometry]: Waiting for qualified laser scans
[WARN] [1785073047.677259888] [rf2o_laser_odometry]: Waiting for qualified laser scans
[WARN] [1785073053.078701033] [rf2o_laser_odometry]: Waiting for qualified laser scans
[WARN] [1785073058.577101681] [rf2o_laser_odometry]: Waiting for qualified laser scans
[WARN] [1785073063.677131546] [rf2o_laser_odometry]: Waiting for qualified laser scans
[WARN] [1785073069.077107850] [rf2o_laser_odometry]: Waiting for qualified laser scans
[WARN] [1785073074.077217113] [rf2o_laser_odometry]: Waiting for qualified laser scans
[WARN] [1785073079.177128469] [rf2o_laser_odometry]: Waiting for qualified laser scans
[WARN] [1785073084.178029517] [rf2o_laser_odometry]: Waiting for qualified laser scans
[WARN] [1785073089.677108138] [rf2o_laser_odometry]: Waiting for qualified laser scans
[WARN] [1785073095.077062678] [rf2o_laser_odometry]: Waiting for qualified laser scans
[WARN] [1785073100.277194485] [rf2o_laser_odometry]: Waiting for qualified laser scans
[WARN] [1785073105.377720443] [rf2o_laser_odometry]: Waiting for qualified laser scans
[WARN] [1785073110.477119998] [rf2o_laser_odometry]: Waiting for qualified laser scans
[WARN] [1785073115.577103375] [rf2o_laser_odometry]: Waiting for qualified laser scans
[WARN] [1785073120.777111591] [rf2o_laser_odometry]: Waiting for qualified laser scans
[WARN] [1785073125.877107371] [rf2o_laser_odometry]: Waiting for qualified laser scans
[WARN] [1785073130.977510163] [rf2o_laser_odometry]: Waiting for qualified laser scans
[WARN] [1785073136.177098629] [rf2o_laser_odometry]: Waiting for qualified laser scans
[WARN] [1785073141.277097516] [rf2o_laser_odometry]: Waiting for qualified laser scans
[WARN] [1785073146.377101491] [rf2o_laser_odometry]: Waiting for qualified laser scans
[WARN] [1785073151.477101656] [rf2o_laser_odometry]: Waiting for qualified laser scans
[WARN] [1785073156.677151771] [rf2o_laser_odometry]: Waiting for qualified laser scans
[WARN] [1785073161.777110899] [rf2o_laser_odometry]: Waiting for qualified laser scans
[WARN] [1785073166.877103846] [rf2o_laser_odometry]: Waiting for qualified laser scans
[WARN] [1785073171.977276173] [rf2o_laser_odometry]: Waiting for qualified laser scans
[WARN] [1785073177.177105285] [rf2o_laser_odometry]: Waiting for qualified laser scans
[WARN] [1785073182.277828085] [rf2o_laser_odometry]: Waiting for qualified laser scans
[WARN] [1785073187.477360028] [rf2o_laser_odometry]: Waiting for qualified laser scans
[WARN] [1785073192.577121240] [rf2o_laser_odometry]: Waiting for qualified laser scans
[WARN] [1785073197.677803376] [rf2o_laser_odometry]: Waiting for qualified laser scans
[WARN] [1785073202.777376173] [rf2o_laser_odometry]: Waiting for qualified laser scans
[WARN] [1785073207.977097312] [rf2o_laser_odometry]: Waiting for qualified laser scans
[WARN] [1785073213.077092058] [rf2o_laser_odometry]: Waiting for qualified laser scans
[WARN] [1785073218.177112105] [rf2o_laser_odometry]: Waiting for qualified laser scans
[WARN] [1785073223.377106828] [rf2o_laser_odometry]: Waiting for qualified laser scans
[WARN] [1785073228.477105044] [rf2o_laser_odometry]: Waiting for qualified laser scans
[WARN] [1785073233.577089390] [rf2o_laser_odometry]: Waiting for qualified laser scans
[WARN] [1785073238.677100409] [rf2o_laser_odometry]: Waiting for qualified laser scans
[WARN] [1785073243.877122420] [rf2o_laser_odometry]: Waiting for qualified laser scans
[WARN] [1785073248.977091349] [rf2o_laser_odometry]: Waiting for qualified laser scans
[WARN] [1785073254.177118788] [rf2o_laser_odometry]: Waiting for qualified laser scans
[WARN] [1785073259.377116317] [rf2o_laser_odometry]: Waiting for qualified laser scans
[WARN] [1785073264.377118530] [rf2o_laser_odometry]: Waiting for qualified laser scans
[WARN] [1785073269.677706796] [rf2o_laser_odometry]: Waiting for qualified laser scans
[WARN] [1785073275.077126270] [rf2o_laser_odometry]: Waiting for qualified laser scans
[WARN] [1785073280.477097422] [rf2o_laser_odometry]: Waiting for qualified laser scans
[WARN] [1785073285.577108122] [rf2o_laser_odometry]: Waiting for qualified laser scans
[WARN] [1785073290.677160439] [rf2o_laser_odometry]: Waiting for qualified laser scans
[WARN] [1785073295.777145472] [rf2o_laser_odometry]: Waiting for qualified laser scans
[WARN] [1785073301.077125627] [rf2o_laser_odometry]: Waiting for qualified laser scans
[WARN] [1785073306.177110047] [rf2o_laser_odometry]: Waiting for qualified laser scans
[WARN] [1785073311.377102531] [rf2o_laser_odometry]: Waiting for qualified laser scans
[WARN] [1785073316.677115744] [rf2o_laser_odometry]: Waiting for qualified laser scans
[WARN] [1785073321.877102197] [rf2o_laser_odometry]: Waiting for qualified laser scans
[WARN] [1785073327.077419314] [rf2o_laser_odometry]: Waiting for qualified laser scans
[WARN] [1785073332.277561262] [rf2o_laser_odometry]: Waiting for qualified laser scans
[WARN] [1785073337.477130236] [rf2o_laser_odometry]: Waiting for qualified laser scans
[WARN] [1785073342.677095458] [rf2o_laser_odometry]: Waiting for qualified laser scans
[WARN] [1785073347.877065765] [rf2o_laser_odometry]: Waiting for qualified laser scans
[WARN] [1785073353.177166616] [rf2o_laser_odometry]: Waiting for qualified laser scans
[WARN] [1785073358.377088726] [rf2o_laser_odometry]: Waiting for qualified laser scans
[WARN] [1785073363.577113853] [rf2o_laser_odometry]: Waiting for qualified laser scans
[WARN] [1785073368.877099044] [rf2o_laser_odometry]: Waiting for qualified laser scans
[WARN] [1785073374.077107693] [rf2o_laser_odometry]: Waiting for qualified laser scans
[WARN] [1785073379.377098925] [rf2o_laser_odometry]: Waiting for qualified laser scans
[WARN] [1785073384.577097570] [rf2o_laser_odometry]: Waiting for qualified laser scans
[WARN] [1785073389.777261588] [rf2o_laser_odometry]: Waiting for qualified laser scans
[WARN] [1785073394.977090314] [rf2o_laser_odometry]: Waiting for qualified laser scans
[WARN] [1785073400.277088521] [rf2o_laser_odometry]: Waiting for qualified laser scans
[WARN] [1785073405.477118212] [rf2o_laser_odometry]: Waiting for qualified laser scans
[WARN] [1785073410.677126839] [rf2o_laser_odometry]: Waiting for qualified laser scans
[WARN] [1785073415.977096823] [rf2o_laser_odometry]: Waiting for qualified laser scans
[WARN] [1785073421.177387220] [rf2o_laser_odometry]: Waiting for qualified laser scans
[WARN] [1785073426.377114848] [rf2o_laser_odometry]: Waiting for qualified laser scans
[WARN] [1785073431.577096425] [rf2o_laser_odometry]: Waiting for qualified laser scans
[WARN] [1785073436.877079574] [rf2o_laser_odometry]: Waiting for qualified laser scans
[WARN] [1785073442.077101645] [rf2o_laser_odometry]: Waiting for qualified laser scans
[WARN] [1785073447.277107680] [rf2o_laser_odometry]: Waiting for qualified laser scans
[WARN] [1785073452.477095096] [rf2o_laser_odometry]: Waiting for qualified laser scans
[WARN] [1785073457.677100068] [rf2o_laser_odometry]: Waiting for qualified laser scans
[WARN] [1785073462.877137657] [rf2o_laser_odometry]: Waiting for qualified laser scans
[WARN] [1785073468.177109038] [rf2o_laser_odometry]: Waiting for qualified laser scans
[WARN] [1785073473.377107513] [rf2o_laser_odometry]: Waiting for qualified laser scans
[WARN] [1785073478.577110309] [rf2o_laser_odometry]: Waiting for qualified laser scans
[WARN] [1785073483.777090767] [rf2o_laser_odometry]: Waiting for qualified laser scans
[WARN] [1785073489.077108923] [rf2o_laser_odometry]: Waiting for qualified laser scans
[WARN] [1785073494.277089354] [rf2o_laser_odometry]: Waiting for qualified laser scans
[WARN] [1785073499.477099096] [rf2o_laser_odometry]: Waiting for qualified laser scans
[WARN] [1785073504.677127042] [rf2o_laser_odometry]: Waiting for qualified laser scans
[WARN] [1785073509.877134902] [rf2o_laser_odometry]: Waiting for qualified laser scans
[WARN] [1785073515.077092161] [rf2o_laser_odometry]: Waiting for qualified laser scans
[WARN] [1785073520.377100271] [rf2o_laser_odometry]: Waiting for qualified laser scans
[WARN] [1785073525.577104672] [rf2o_laser_odometry]: Waiting for qualified laser scans
[WARN] [1785073530.777107234] [rf2o_laser_odometry]: Waiting for qualified laser scans
[WARN] [1785073535.977107164] [rf2o_laser_odometry]: Waiting for qualified laser scans
[WARN] [1785073541.277100145] [rf2o_laser_odometry]: Waiting for qualified laser scans
[WARN] [1785073546.477097780] [rf2o_laser_odometry]: Waiting for qualified laser scans
[WARN] [1785073551.677082041] [rf2o_laser_odometry]: Waiting for qualified laser scans
[WARN] [1785073556.877308066] [rf2o_laser_odometry]: Waiting for qualified laser scans
[WARN] [1785073562.077105410] [rf2o_laser_odometry]: Waiting for qualified laser scans
[WARN] [1785073567.377095839] [rf2o_laser_odometry]: Waiting for qualified laser scans
[WARN] [1785073572.577104982] [rf2o_laser_odometry]: Waiting for qualified laser scans
[WARN] [1785073577.798314218] [rf2o_laser_odometry]: Waiting for qualified laser scans
[WARN] [1785073582.898312720] [rf2o_laser_odometry]: Waiting for qualified laser scans
[WARN] [1785073588.098281623] [rf2o_laser_odometry]: Waiting for qualified laser scans
[WARN] [1785073593.298574584] [rf2o_laser_odometry]: Waiting for qualified laser scans
[WARN] [1785073598.598272194] [rf2o_laser_odometry]: Waiting for qualified laser scans
[WARN] [1785073603.698272306] [rf2o_laser_odometry]: Waiting for qualified laser scans
[WARN] [1785073608.898265136] [rf2o_laser_odometry]: Waiting for qualified laser scans
[WARN] [1785073613.998297351] [rf2o_laser_odometry]: Waiting for qualified laser scans
[WARN] [1785073619.198336829] [rf2o_laser_odometry]: Waiting for qualified laser scans
[WARN] [1785073624.398468597] [rf2o_laser_odometry]: Waiting for qualified laser scans
[WARN] [1785073629.598980811] [rf2o_laser_odometry]: Waiting for qualified laser scans
[WARN] [1785073634.798276691] [rf2o_laser_odometry]: Waiting for qualified laser scans
[WARN] [1785073639.898271083] [rf2o_laser_odometry]: Waiting for qualified laser scans
[WARN] [1785073645.098292754] [rf2o_laser_odometry]: Waiting for qualified laser scans
[WARN] [1785073650.198273663] [rf2o_laser_odometry]: Waiting for qualified laser scans
[WARN] [1785073655.404971830] [rf2o_laser_odometry]: Waiting for qualified laser scans
[WARN] [1785073660.498397623] [rf2o_laser_odometry]: Waiting for qualified laser scans
[WARN] [1785073665.698296424] [rf2o_laser_odometry]: Waiting for qualified laser scans
[WARN] [1785073670.798308960] [rf2o_laser_odometry]: Waiting for qualified laser scans
[WARN] [1785073675.998266122] [rf2o_laser_odometry]: Waiting for qualified laser scans
[WARN] [1785073681.198273788] [rf2o_laser_odometry]: Waiting for qualified laser scans
[WARN] [1785073686.298283430] [rf2o_laser_odometry]: Waiting for qualified laser scans
[WARN] [1785073691.398359584] [rf2o_laser_odometry]: Waiting for qualified laser scans
[WARN] [1785073696.698317443] [rf2o_laser_odometry]: Waiting for qualified laser scans
[WARN] [1785073701.898257593] [rf2o_laser_odometry]: Waiting for qualified laser scans
[WARN] [1785073707.098292159] [rf2o_laser_odometry]: Waiting for qualified laser scans
[WARN] [1785073712.298266977] [rf2o_laser_odometry]: Waiting for qualified laser scans
[WARN] [1785073717.498306830] [rf2o_laser_odometry]: Waiting for qualified laser scans
[WARN] [1785073722.798359780] [rf2o_laser_odometry]: Waiting for qualified laser scans
[WARN] [1785073727.998260784] [rf2o_laser_odometry]: Waiting for qualified laser scans
[WARN] [1785073733.298273374] [rf2o_laser_odometry]: Waiting for qualified laser scans
[WARN] [1785073738.398778748] [rf2o_laser_odometry]: Waiting for qualified laser scans
[WARN] [1785073743.498845263] [rf2o_laser_odometry]: Waiting for qualified laser scans
[WARN] [1785073748.698279334] [rf2o_laser_odometry]: Waiting for qualified laser scans
[WARN] [1785073753.898262190] [rf2o_laser_odometry]: Waiting for qualified laser scans
[WARN] [1785073759.000378184] [rf2o_laser_odometry]: Waiting for qualified laser scans
[WARN] [1785073764.098340584] [rf2o_laser_odometry]: Waiting for qualified laser scans
[WARN] [1785073769.199544798] [rf2o_laser_odometry]: Waiting for qualified laser scans
[WARN] [1785073774.299716175] [rf2o_laser_odometry]: Waiting for qualified laser scans
[WARN] [1785073779.398268419] [rf2o_laser_odometry]: Waiting for qualified laser scans
[WARN] [1785073784.598355347] [rf2o_laser_odometry]: Waiting for qualified laser scans
[WARN] [1785073789.699109618] [rf2o_laser_odometry]: Waiting for qualified laser scans
[WARN] [1785073794.898306081] [rf2o_laser_odometry]: Waiting for qualified laser scans
[WARN] [1785073799.998277590] [rf2o_laser_odometry]: Waiting for qualified laser scans
[WARN] [1785073805.298346827] [rf2o_laser_odometry]: Waiting for qualified laser scans
[WARN] [1785073810.498285765] [rf2o_laser_odometry]: Waiting for qualified laser scans
[WARN] [1785073815.698251511] [rf2o_laser_odometry]: Waiting for qualified laser scans
[WARN] [1785073820.898312512] [rf2o_laser_odometry]: Waiting for qualified laser scans
[WARN] [1785073826.198305804] [rf2o_laser_odometry]: Waiting for qualified laser scans
[WARN] [1785073831.398276354] [rf2o_laser_odometry]: Waiting for qualified laser scans
[WARN] [1785073836.498271071] [rf2o_laser_odometry]: Waiting for qualified laser scans
[WARN] [1785073841.798256029] [rf2o_laser_odometry]: Waiting for qualified laser scans
[WARN] [1785073846.898263871] [rf2o_laser_odometry]: Waiting for qualified laser scans
[WARN] [1785073851.999216758] [rf2o_laser_odometry]: Waiting for qualified laser scans
[WARN] [1785073857.198321745] [rf2o_laser_odometry]: Waiting for qualified laser scans
[WARN] [1785073862.299406704] [rf2o_laser_odometry]: Waiting for qualified laser scans
[WARN] [1785073867.505506895] [rf2o_laser_odometry]: Waiting for qualified laser scans
[WARN] [1785073872.605551420] [rf2o_laser_odometry]: Waiting for qualified laser scans
[WARN] [1785073877.705485632] [rf2o_laser_odometry]: Waiting for qualified laser scans
[WARN] [1785073882.905452565] [rf2o_laser_odometry]: Waiting for qualified laser scans
[WARN] [1785073888.289234827] [rf2o_laser_odometry]: Waiting for qualified laser scans
[WARN] [1785073893.389300933] [rf2o_laser_odometry]: Waiting for qualified laser scans
[WARN] [1785073898.489250813] [rf2o_laser_odometry]: Waiting for qualified laser scans
[WARN] [1785073903.589435469] [rf2o_laser_odometry]: Waiting for qualified laser scans
[WARN] [1785073908.689260421] [rf2o_laser_odometry]: Waiting for qualified laser scans
[WARN] [1785073913.889248078] [rf2o_laser_odometry]: Waiting for qualified laser scans
[WARN] [1785073919.245167683] [rf2o_laser_odometry]: Waiting for qualified laser scans
[WARN] [1785073924.445144288] [rf2o_laser_odometry]: Waiting for qualified laser scans
[WARN] [1785073929.545152394] [rf2o_laser_odometry]: Waiting for qualified laser scans
[WARN] [1785073934.638649346] [rf2o_laser_odometry]: Waiting for qualified laser scans
[WARN] [1785073939.838603122] [rf2o_laser_odometry]: Waiting for qualified laser scans
[WARN] [1785073944.938609494] [rf2o_laser_odometry]: Waiting for qualified laser scans
[WARN] [1785073950.238619867] [rf2o_laser_odometry]: Waiting for qualified laser scans
[WARN] [1785073955.438609583] [rf2o_laser_odometry]: Waiting for qualified laser scans
[WARN] [1785073960.638630871] [rf2o_laser_odometry]: Waiting for qualified laser scans
[WARN] [1785073965.838634178] [rf2o_laser_odometry]: Waiting for qualified laser scans
[WARN] [1785073971.038605654] [rf2o_laser_odometry]: Waiting for qualified laser scans
[WARN] [1785073976.238613431] [rf2o_laser_odometry]: Waiting for qualified laser scans
[WARN] [1785073981.439009419] [rf2o_laser_odometry]: Waiting for qualified laser scans
[WARN] [1785073986.638615806] [rf2o_laser_odometry]: Waiting for qualified laser scans
[WARN] [1785073991.838635927] [rf2o_laser_odometry]: Waiting for qualified laser scans
[WARN] [1785073996.938611604] [rf2o_laser_odometry]: Waiting for qualified laser scans
[WARN] [1785074002.038860583] [rf2o_laser_odometry]: Waiting for qualified laser scans
[WARN] [1785074007.238607744] [rf2o_laser_odometry]: Waiting for qualified laser scans
[WARN] [1785074012.338628294] [rf2o_laser_odometry]: Waiting for qualified laser scans
[WARN] [1785074017.598615989] [rf2o_laser_odometry]: Waiting for qualified laser scans
[WARN] [1785074022.688623715] [rf2o_laser_odometry]: Waiting for qualified laser scans
[WARN] [1785074027.888574351] [rf2o_laser_odometry]: Waiting for qualified laser scans
[WARN] [1785074032.989156308] [rf2o_laser_odometry]: Waiting for qualified laser scans
[WARN] [1785074038.088535046] [rf2o_laser_odometry]: Waiting for qualified laser scans
[WARN] [1785074043.360672729] [rf2o_laser_odometry]: Waiting for qualified laser scans
[WARN] [1785074048.559026040] [rf2o_laser_odometry]: Waiting for qualified laser scans
[WARN] [1785074053.659052307] [rf2o_laser_odometry]: Waiting for qualified laser scans
[WARN] [1785074058.859133866] [rf2o_laser_odometry]: Waiting for qualified laser scans
[WARN] [1785074063.859957836] [rf2o_laser_odometry]: Waiting for qualified laser scans
[WARN] [1785074068.960779899] [rf2o_laser_odometry]: Waiting for qualified laser scans
[WARN] [1785074074.159046436] [rf2o_laser_odometry]: Waiting for qualified laser scans
[WARN] [1785074079.259020772] [rf2o_laser_odometry]: Waiting for qualified laser scans
[WARN] [1785074084.459044316] [rf2o_laser_odometry]: Waiting for qualified laser scans
[WARN] [1785074089.659049413] [rf2o_laser_odometry]: Waiting for qualified laser scans
[WARN] [1785074094.859026824] [rf2o_laser_odometry]: Waiting for qualified laser scans
[WARN] [1785074099.959043796] [rf2o_laser_odometry]: Waiting for qualified laser scans
[WARN] [1785074105.059015833] [rf2o_laser_odometry]: Waiting for qualified laser scans
[WARN] [1785074110.159030881] [rf2o_laser_odometry]: Waiting for qualified laser scans
[WARN] [1785074115.259015052] [rf2o_laser_odometry]: Waiting for qualified laser scans
[WARN] [1785074120.559037289] [rf2o_laser_odometry]: Waiting for qualified laser scans
[WARN] [1785074125.859031307] [rf2o_laser_odometry]: Waiting for qualified laser scans
[WARN] [1785074130.859139132] [rf2o_laser_odometry]: Waiting for qualified laser scans
[WARN] [1785074136.159023503] [rf2o_laser_odometry]: Waiting for qualified laser scans
[WARN] [1785074141.159045057] [rf2o_laser_odometry]: Waiting for qualified laser scans
[WARN] [1785074146.159077788] [rf2o_laser_odometry]: Waiting for qualified laser scans
[WARN] [1785074151.559126057] [rf2o_laser_odometry]: Waiting for qualified laser scans
[WARN] [1785074156.959044945] [rf2o_laser_odometry]: Waiting for qualified laser scans
[WARN] [1785074162.359089080] [rf2o_laser_odometry]: Waiting for qualified laser scans
[WARN] [1785074167.359112443] [rf2o_laser_odometry]: Waiting for qualified laser scans
[WARN] [1785074172.759081448] [rf2o_laser_odometry]: Waiting for qualified laser scans
[WARN] [1785074177.759103855] [rf2o_laser_odometry]: Waiting for qualified laser scans
[WARN] [1785074182.759297413] [rf2o_laser_odometry]: Waiting for qualified laser scans
[WARN] [1785074187.859485211] [rf2o_laser_odometry]: Waiting for qualified laser scans
[WARN] [1785074193.159048084] [rf2o_laser_odometry]: Waiting for qualified laser scans
[WARN] [1785074198.159051258] [rf2o_laser_odometry]: Waiting for qualified laser scans
[WARN] [1785074203.259054594] [rf2o_laser_odometry]: Waiting for qualified laser scans
[WARN] [1785074208.259553616] [rf2o_laser_odometry]: Waiting for qualified laser scans
[WARN] [1785074213.659029460] [rf2o_laser_odometry]: Waiting for qualified laser scans
[WARN] [1785074219.059039627] [rf2o_laser_odometry]: Waiting for qualified laser scans
[WARN] [1785074224.459092229] [rf2o_laser_odometry]: Waiting for qualified laser scans
[WARN] [1785074229.859050159] [rf2o_laser_odometry]: Waiting for qualified laser scans
[WARN] [1785074234.959064289] [rf2o_laser_odometry]: Waiting for qualified laser scans
[WARN] [1785074240.359029625] [rf2o_laser_odometry]: Waiting for qualified laser scans
[WARN] [1785074245.359033366] [rf2o_laser_odometry]: Waiting for qualified laser scans
[WARN] [1785074250.359160813] [rf2o_laser_odometry]: Waiting for qualified laser scans
[WARN] [1785074255.659079953] [rf2o_laser_odometry]: Waiting for qualified laser scans
[WARN] [1785074260.959020971] [rf2o_laser_odometry]: Waiting for qualified laser scans
[WARN] [1785074266.259034776] [rf2o_laser_odometry]: Waiting for qualified laser scans
[WARN] [1785074271.459231918] [rf2o_laser_odometry]: Waiting for qualified laser scans
[WARN] [1785074276.759027156] [rf2o_laser_odometry]: Waiting for qualified laser scans
[WARN] [1785074282.059388110] [rf2o_laser_odometry]: Waiting for qualified laser scans
[WARN] [1785074287.359041136] [rf2o_laser_odometry]: Waiting for qualified laser scans
[WARN] [1785074292.359088060] [rf2o_laser_odometry]: Waiting for qualified laser scans
[WARN] [1785074297.659100682] [rf2o_laser_odometry]: Waiting for qualified laser scans
[WARN] [1785074302.859110035] [rf2o_laser_odometry]: Waiting for qualified laser scans
[WARN] [1785074308.045614686] [rf2o_laser_odometry]: Waiting for qualified laser scans
[WARN] [1785074313.345470225] [rf2o_laser_odometry]: Waiting for qualified laser scans
[WARN] [1785074318.645527565] [rf2o_laser_odometry]: Waiting for qualified laser scans
[WARN] [1785074323.846212205] [rf2o_laser_odometry]: Waiting for qualified laser scans
[WARN] [1785074329.245683502] [rf2o_laser_odometry]: Waiting for qualified laser scans
[WARN] [1785074334.545560066] [rf2o_laser_odometry]: Waiting for qualified laser scans
[WARN] [1785074339.846082398] [rf2o_laser_odometry]: Waiting for qualified laser scans
[WARN] [1785074345.145540797] [rf2o_laser_odometry]: Waiting for qualified laser scans
[WARN] [1785074350.346133717] [rf2o_laser_odometry]: Waiting for qualified laser scans
[WARN] [1785074355.646142032] [rf2o_laser_odometry]: Waiting for qualified laser scans
[WARN] [1785074360.845491248] [rf2o_laser_odometry]: Waiting for qualified laser scans
[WARN] [1785074366.145648723] [rf2o_laser_odometry]: Waiting for qualified laser scans
[WARN] [1785074371.694718807] [rf2o_laser_odometry]: Waiting for qualified laser scans
[WARN] [1785074377.086725274] [rf2o_laser_odometry]: Waiting for qualified laser scans
[WARN] [1785074382.152375509] [rf2o_laser_odometry]: Waiting for qualified laser scans
[WARN] [1785074387.603790355] [rf2o_laser_odometry]: Waiting for qualified laser scans
[WARN] [1785074392.702388665] [rf2o_laser_odometry]: Waiting for qualified laser scans
[WARN] [1785074398.036506108] [rf2o_laser_odometry]: Waiting for qualified laser scans
[WARN] [1785074403.232865152] [rf2o_laser_odometry]: Waiting for qualified laser scans
[WARN] [1785074408.332842453] [rf2o_laser_odometry]: Waiting for qualified laser scans
[WARN] [1785074413.332851730] [rf2o_laser_odometry]: Waiting for qualified laser scans
[WARN] [1785074418.432835526] [rf2o_laser_odometry]: Waiting for qualified laser scans
[WARN] [1785074423.633365797] [rf2o_laser_odometry]: Waiting for qualified laser scans
[WARN] [1785074428.932852563] [rf2o_laser_odometry]: Waiting for qualified laser scans
[WARN] [1785074434.232815134] [rf2o_laser_odometry]: Waiting for qualified laser scans
[WARN] [1785074439.232826853] [rf2o_laser_odometry]: Waiting for qualified laser scans
[WARN] [1785074444.532837177] [rf2o_laser_odometry]: Waiting for qualified laser scans
[WARN] [1785074449.933768612] [rf2o_laser_odometry]: Waiting for qualified laser scans
[WARN] [1785074455.232799207] [rf2o_laser_odometry]: Waiting for qualified laser scans
[WARN] [1785074460.232842194] [rf2o_laser_odometry]: Waiting for qualified laser scans
[WARN] [1785074465.532820862] [rf2o_laser_odometry]: Waiting for qualified laser scans
[WARN] [1785074470.532821696] [rf2o_laser_odometry]: Waiting for qualified laser scans
[WARN] [1785074475.532823782] [rf2o_laser_odometry]: Waiting for qualified laser scans
[WARN] [1785074480.532826286] [rf2o_laser_odometry]: Waiting for qualified laser scans
[WARN] [1785074485.832833251] [rf2o_laser_odometry]: Waiting for qualified laser scans
[WARN] [1785074491.132856774] [rf2o_laser_odometry]: Waiting for qualified laser scans
[WARN] [1785074496.132875863] [rf2o_laser_odometry]: Waiting for qualified laser scans
[WARN] [1785074501.532807112] [rf2o_laser_odometry]: Waiting for qualified laser scans
[WARN] [1785074506.832816227] [rf2o_laser_odometry]: Waiting for qualified laser scans
[WARN] [1785074511.832817666] [rf2o_laser_odometry]: Waiting for qualified laser scans
[WARN] [1785074517.133362281] [rf2o_laser_odometry]: Waiting for qualified laser scans
[WARN] [1785074522.532826094] [rf2o_laser_odometry]: Waiting for qualified laser scans
[WARN] [1785074527.833090058] [rf2o_laser_odometry]: Waiting for qualified laser scans
[WARN] [1785074533.232844922] [rf2o_laser_odometry]: Waiting for qualified laser scans
[WARN] [1785074538.632937700] [rf2o_laser_odometry]: Waiting for qualified laser scans
[WARN] [1785074543.932847548] [rf2o_laser_odometry]: Waiting for qualified laser scans
[WARN] [1785074549.332823013] [rf2o_laser_odometry]: Waiting for qualified laser scans
[WARN] [1785074554.632798885] [rf2o_laser_odometry]: Waiting for qualified laser scans
[WARN] [1785074559.632829518] [rf2o_laser_odometry]: Waiting for qualified laser scans
[WARN] [1785074565.032833840] [rf2o_laser_odometry]: Waiting for qualified laser scans
[WARN] [1785074570.032858849] [rf2o_laser_odometry]: Waiting for qualified laser scans
[WARN] [1785074575.332821809] [rf2o_laser_odometry]: Waiting for qualified laser scans
[WARN] [1785074580.732811864] [rf2o_laser_odometry]: Waiting for qualified laser scans
[WARN] [1785074586.032827099] [rf2o_laser_odometry]: Waiting for qualified laser scans
[WARN] [1785074591.432814743] [rf2o_laser_odometry]: Waiting for qualified laser scans
[WARN] [1785074596.432820940] [rf2o_laser_odometry]: Waiting for qualified laser scans
[WARN] [1785074601.732817181] [rf2o_laser_odometry]: Waiting for qualified laser scans
[WARN] [1785074606.732824784] [rf2o_laser_odometry]: Waiting for qualified laser scans
[WARN] [1785074612.132828606] [rf2o_laser_odometry]: Waiting for qualified laser scans
[WARN] [1785074617.432833637] [rf2o_laser_odometry]: Waiting for qualified laser scans
[WARN] [1785074622.832802983] [rf2o_laser_odometry]: Waiting for qualified laser scans
[WARN] [1785074627.833338711] [rf2o_laser_odometry]: Waiting for qualified laser scans
[WARN] [1785074633.232801477] [rf2o_laser_odometry]: Waiting for qualified laser scans
[WARN] [1785074638.532819701] [rf2o_laser_odometry]: Waiting for qualified laser scans
[WARN] [1785074643.932814273] [rf2o_laser_odometry]: Waiting for qualified laser scans
[WARN] [1785074649.332832517] [rf2o_laser_odometry]: Waiting for qualified laser scans
[WARN] [1785074654.632965929] [rf2o_laser_odometry]: Waiting for qualified laser scans
[WARN] [1785074660.032829615] [rf2o_laser_odometry]: Waiting for qualified laser scans
[WARN] [1785074665.332819583] [rf2o_laser_odometry]: Waiting for qualified laser scans
[WARN] [1785074670.332823486] [rf2o_laser_odometry]: Waiting for qualified laser scans
[WARN] [1785074675.732819407] [rf2o_laser_odometry]: Waiting for qualified laser scans
[WARN] [1785074680.732832620] [rf2o_laser_odometry]: Waiting for qualified laser scans
[WARN] [1785074686.132818603] [rf2o_laser_odometry]: Waiting for qualified laser scans
[WARN] [1785074691.432823009] [rf2o_laser_odometry]: Waiting for qualified laser scans
[WARN] [1785074696.732857947] [rf2o_laser_odometry]: Waiting for qualified laser scans
[WARN] [1785074702.032809937] [rf2o_laser_odometry]: Waiting for qualified laser scans
[WARN] [1785074707.332824794] [rf2o_laser_odometry]: Waiting for qualified laser scans
[WARN] [1785074712.732834419] [rf2o_laser_odometry]: Waiting for qualified laser scans
[WARN] [1785074718.032957529] [rf2o_laser_odometry]: Waiting for qualified laser scans
[WARN] [1785074723.332811213] [rf2o_laser_odometry]: Waiting for qualified laser scans
[WARN] [1785074728.532809297] [rf2o_laser_odometry]: Waiting for qualified laser scans
[WARN] [1785074733.832800110] [rf2o_laser_odometry]: Waiting for qualified laser scans
[WARN] [1785074739.132914813] [rf2o_laser_odometry]: Waiting for qualified laser scans
[WARN] [1785074744.332819291] [rf2o_laser_odometry]: Waiting for qualified laser scans
[WARN] [1785074749.632805905] [rf2o_laser_odometry]: Waiting for qualified laser scans
[WARN] [1785074754.834539716] [rf2o_laser_odometry]: Waiting for qualified laser scans
[WARN] [1785074760.133240748] [rf2o_laser_odometry]: Waiting for qualified laser scans
[WARN] [1785074765.432888242] [rf2o_laser_odometry]: Waiting for qualified laser scans
[WARN] [1785074770.733214534] [rf2o_laser_odometry]: Waiting for qualified laser scans
[WARN] [1785074775.932820798] [rf2o_laser_odometry]: Waiting for qualified laser scans
[WARN] [1785074781.232800472] [rf2o_laser_odometry]: Waiting for qualified laser scans
[WARN] [1785074786.432815154] [rf2o_laser_odometry]: Waiting for qualified laser scans
[WARN] [1785074791.732794451] [rf2o_laser_odometry]: Waiting for qualified laser scans
[WARN] [1785074796.932853871] [rf2o_laser_odometry]: Waiting for qualified laser scans
[WARN] [1785074802.232818219] [rf2o_laser_odometry]: Waiting for qualified laser scans
[WARN] [1785074807.532801556] [rf2o_laser_odometry]: Waiting for qualified laser scans
[WARN] [1785074812.732863686] [rf2o_laser_odometry]: Waiting for qualified laser scans
[WARN] [1785074818.032835263] [rf2o_laser_odometry]: Waiting for qualified laser scans
[WARN] [1785074823.332806996] [rf2o_laser_odometry]: Waiting for qualified laser scans
[WARN] [1785074828.532940026] [rf2o_laser_odometry]: Waiting for qualified laser scans
[WARN] [1785074833.832802206] [rf2o_laser_odometry]: Waiting for qualified laser scans
[WARN] [1785074839.033706589] [rf2o_laser_odometry]: Waiting for qualified laser scans
[WARN] [1785074844.332814571] [rf2o_laser_odometry]: Waiting for qualified laser scans
[WARN] [1785074849.632806746] [rf2o_laser_odometry]: Waiting for qualified laser scans
[WARN] [1785074854.832801854] [rf2o_laser_odometry]: Waiting for qualified laser scans
[WARN] [1785074860.132802369] [rf2o_laser_odometry]: Waiting for qualified laser scans
[WARN] [1785074865.332835134] [rf2o_laser_odometry]: Waiting for qualified laser scans
[WARN] [1785074870.632822933] [rf2o_laser_odometry]: Waiting for qualified laser scans
[WARN] [1785074875.832833283] [rf2o_laser_odometry]: Waiting for qualified laser scans
[WARN] [1785074881.132794259] [rf2o_laser_odometry]: Waiting for qualified laser scans
[WARN] [1785074886.332822472] [rf2o_laser_odometry]: Waiting for qualified laser scans
[WARN] [1785074891.632796014] [rf2o_laser_odometry]: Waiting for qualified laser scans
[WARN] [1785074896.832816223] [rf2o_laser_odometry]: Waiting for qualified laser scans
[WARN] [1785074902.132801908] [rf2o_laser_odometry]: Waiting for qualified laser scans
[WARN] [1785074907.332801945] [rf2o_laser_odometry]: Waiting for qualified laser scans
[WARN] [1785074912.632815737] [rf2o_laser_odometry]: Waiting for qualified laser scans
[WARN] [1785074917.932815750] [rf2o_laser_odometry]: Waiting for qualified laser scans
[WARN] [1785074923.132810396] [rf2o_laser_odometry]: Waiting for qualified laser scans
[WARN] [1785074928.433435034] [rf2o_laser_odometry]: Waiting for qualified laser scans
[WARN] [1785074933.632785499] [rf2o_laser_odometry]: Waiting for qualified laser scans
[WARN] [1785074938.935393017] [rf2o_laser_odometry]: Waiting for qualified laser scans
[WARN] [1785074944.232822242] [rf2o_laser_odometry]: Waiting for qualified laser scans
[WARN] [1785074949.532818012] [rf2o_laser_odometry]: Waiting for qualified laser scans
[WARN] [1785074954.732842182] [rf2o_laser_odometry]: Waiting for qualified laser scans
[WARN] [1785074960.032842474] [rf2o_laser_odometry]: Waiting for qualified laser scans
[WARN] [1785074965.232797279] [rf2o_laser_odometry]: Waiting for qualified laser scans
[WARN] [1785074970.532799853] [rf2o_laser_odometry]: Waiting for qualified laser scans
[WARN] [1785074975.832797873] [rf2o_laser_odometry]: Waiting for qualified laser scans
[WARN] [1785074981.132804526] [rf2o_laser_odometry]: Waiting for qualified laser scans
[WARN] [1785074986.332800918] [rf2o_laser_odometry]: Waiting for qualified laser scans
[WARN] [1785074991.632824596] [rf2o_laser_odometry]: Waiting for qualified laser scans
[WARN] [1785074996.932809371] [rf2o_laser_odometry]: Waiting for qualified laser scans
[WARN] [1785075002.132802629] [rf2o_laser_odometry]: Waiting for qualified laser scans
[WARN] [1785075007.432823691] [rf2o_laser_odometry]: Waiting for qualified laser scans
[WARN] [1785075012.732807294] [rf2o_laser_odometry]: Waiting for qualified laser scans
[WARN] [1785075017.932817494] [rf2o_laser_odometry]: Waiting for qualified laser scans
[WARN] [1785075023.232824646] [rf2o_laser_odometry]: Waiting for qualified laser scans
[WARN] [1785075028.532795489] [rf2o_laser_odometry]: Waiting for qualified laser scans
[WARN] [1785075033.732825931] [rf2o_laser_odometry]: Waiting for qualified laser scans
[WARN] [1785075039.032992248] [rf2o_laser_odometry]: Waiting for qualified laser scans
[WARN] [1785075044.232799947] [rf2o_laser_odometry]: Waiting for qualified laser scans
[WARN] [1785075049.532955131] [rf2o_laser_odometry]: Waiting for qualified laser scans
[WARN] [1785075054.832808860] [rf2o_laser_odometry]: Waiting for qualified laser scans
[WARN] [1785075060.032796360] [rf2o_laser_odometry]: Waiting for qualified laser scans
[WARN] [1785075065.332824827] [rf2o_laser_odometry]: Waiting for qualified laser scans
[WARN] [1785075070.532858696] [rf2o_laser_odometry]: Waiting for qualified laser scans
[WARN] [1785075075.568179810] [rf2o_laser_odometry]: Waiting for qualified laser scans
[WARN] [1785075080.768158552] [rf2o_laser_odometry]: Waiting for qualified laser scans
[WARN] [1785075086.068133149] [rf2o_laser_odometry]: Waiting for qualified laser scans
[WARN] [1785075091.268118818] [rf2o_laser_odometry]: Waiting for qualified laser scans
[WARN] [1785075096.568120860] [rf2o_laser_odometry]: Waiting for qualified laser scans
[WARN] [1785075101.768199198] [rf2o_laser_odometry]: Waiting for qualified laser scans
[WARN] [1785075107.068239575] [rf2o_laser_odometry]: Waiting for qualified laser scans
[WARN] [1785075112.268145862] [rf2o_laser_odometry]: Waiting for qualified laser scans
[WARN] [1785075117.468138919] [rf2o_laser_odometry]: Waiting for qualified laser scans
[WARN] [1785075122.768124478] [rf2o_laser_odometry]: Waiting for qualified laser scans
[WARN] [1785075127.968136614] [rf2o_laser_odometry]: Waiting for qualified laser scans
[WARN] [1785075133.168147244] [rf2o_laser_odometry]: Waiting for qualified laser scans
[WARN] [1785075138.468231227] [rf2o_laser_odometry]: Waiting for qualified laser scans
[WARN] [1785075143.768194760] [rf2o_laser_odometry]: Waiting for qualified laser scans
[WARN] [1785075148.968301391] [rf2o_laser_odometry]: Waiting for qualified laser scans
[WARN] [1785075154.268130116] [rf2o_laser_odometry]: Waiting for qualified laser scans
[WARN] [1785075159.568177705] [rf2o_laser_odometry]: Waiting for qualified laser scans
[WARN] [1785075164.868136308] [rf2o_laser_odometry]: Waiting for qualified laser scans
[WARN] [1785075170.168131794] [rf2o_laser_odometry]: Waiting for qualified laser scans
[WARN] [1785075175.468617199] [rf2o_laser_odometry]: Waiting for qualified laser scans
[WARN] [1785075180.768146751] [rf2o_laser_odometry]: Waiting for qualified laser scans
[WARN] [1785075186.068138908] [rf2o_laser_odometry]: Waiting for qualified laser scans
[WARN] [1785075191.068200738] [rf2o_laser_odometry]: Waiting for qualified laser scans
[WARN] [1785075196.468125168] [rf2o_laser_odometry]: Waiting for qualified laser scans
[WARN] [1785075201.468135086] [rf2o_laser_odometry]: Waiting for qualified laser scans
[WARN] [1785075206.468139651] [rf2o_laser_odometry]: Waiting for qualified laser scans
[WARN] [1785075211.868133497] [rf2o_laser_odometry]: Waiting for qualified laser scans
[WARN] [1785075216.868153689] [rf2o_laser_odometry]: Waiting for qualified laser scans
[WARN] [1785075221.968188935] [rf2o_laser_odometry]: Waiting for qualified laser scans
[WARN] [1785075226.968538402] [rf2o_laser_odometry]: Waiting for qualified laser scans
[WARN] [1785075232.368130665] [rf2o_laser_odometry]: Waiting for qualified laser scans
[WARN] [1785075237.368817777] [rf2o_laser_odometry]: Waiting for qualified laser scans
[WARN] [1785075242.768223667] [rf2o_laser_odometry]: Waiting for qualified laser scans
[WARN] [1785075248.168149255] [rf2o_laser_odometry]: Waiting for qualified laser scans
[WARN] [1785075253.268148273] [rf2o_laser_odometry]: Waiting for qualified laser scans
[WARN] [1785075258.268156072] [rf2o_laser_odometry]: Waiting for qualified laser scans
[WARN] [1785075263.668153360] [rf2o_laser_odometry]: Waiting for qualified laser scans
[WARN] [1785075268.668204177] [rf2o_laser_odometry]: Waiting for qualified laser scans
[WARN] [1785075273.668809511] [rf2o_laser_odometry]: Waiting for qualified laser scans
[WARN] [1785075278.768159756] [rf2o_laser_odometry]: Waiting for qualified laser scans
[WARN] [1785075284.168140376] [rf2o_laser_odometry]: Waiting for qualified laser scans
[WARN] [1785075289.168450437] [rf2o_laser_odometry]: Waiting for qualified laser scans
[WARN] [1785075294.568143910] [rf2o_laser_odometry]: Waiting for qualified laser scans
[WARN] [1785075299.568178623] [rf2o_laser_odometry]: Waiting for qualified laser scans
[WARN] [1785075304.668142333] [rf2o_laser_odometry]: Waiting for qualified laser scans
[WARN] [1785075309.668144588] [rf2o_laser_odometry]: Waiting for qualified laser scans
[WARN] [1785075314.768133094] [rf2o_laser_odometry]: Waiting for qualified laser scans
[WARN] [1785075319.768152074] [rf2o_laser_odometry]: Waiting for qualified laser scans
[WARN] [1785075324.768154166] [rf2o_laser_odometry]: Waiting for qualified laser scans
[WARN] [1785075329.868134907] [rf2o_laser_odometry]: Waiting for qualified laser scans
[WARN] [1785075334.868861025] [rf2o_laser_odometry]: Waiting for qualified laser scans
[WARN] [1785075339.968151449] [rf2o_laser_odometry]: Waiting for qualified laser scans
[WARN] [1785075345.368187842] [rf2o_laser_odometry]: Waiting for qualified laser scans
[WARN] [1785075350.368579523] [rf2o_laser_odometry]: Waiting for qualified laser scans
[WARN] [1785075355.468136373] [rf2o_laser_odometry]: Waiting for qualified laser scans
[WARN] [1785075360.868175081] [rf2o_laser_odometry]: Waiting for qualified laser scans
[WARN] [1785075365.868243788] [rf2o_laser_odometry]: Waiting for qualified laser scans
[WARN] [1785075370.868797390] [rf2o_laser_odometry]: Waiting for qualified laser scans
