[1;32m[2026-07-26T20:50:47+0700] STARTED launcher inputs and installed ROS interfaces validated[0m
[2026-07-26T20:50:47+0700] Independent observer-only 2D mapping startup
[2026-07-26T20:50:47+0700] This launcher will only start mapping scan deskew and slam_toolbox
[2026-07-26T20:50:47+0700] It will not manage RF2O/PX4 fusion, MAVROS, LiDAR, camera, AprilTag, planner, or flight control
[2026-07-26T20:51:00+0700] Waiting for /scan_rf2o; elapsed=3s deadline=60s
[1;32m[2026-07-26T20:51:03+0700] STARTED live input /scan_rf2o[0m
[2026-07-26T20:51:06+0700] Waiting for /mavros/local_position/odom; elapsed=3s deadline=60s
[2026-07-26T20:51:11+0700] Waiting for /mavros/local_position/odom; elapsed=8s deadline=60s
[1;32m[2026-07-26T20:51:14+0700] STARTED live input /mavros/local_position/odom[0m
[1;32m[2026-07-26T20:51:20+0700] STARTED live scan and odometry timestamps share one clock domain[0m
[1;32m[2026-07-26T20:51:23+0700] STARTED TF odom -> base_footprint[0m
[1;32m[2026-07-26T20:51:26+0700] STARTED TF base_footprint -> laser_frame[0m
[1;32m[2026-07-26T20:51:26+0700] STARTED mapping_scan_deskew pgid=44697[0m
[1;32m[2026-07-26T20:51:29+0700] STARTED live input /scan_slam[0m
[1;32m[2026-07-26T20:51:31+0700] STARTED diagnostic /scan_slam/diagnostics deskew_applied=true[0m
[1;32m[2026-07-26T20:51:32+0700] STARTED mapping scan deskew active on /scan_slam[0m
[1;32m[2026-07-26T20:51:37+0700] STARTED live scan and odometry timestamps share one clock domain[0m
[1;32m[2026-07-26T20:51:37+0700] STARTED slam_toolbox pgid=44975[0m
[2026-07-26T20:51:40+0700] Waiting for /map; elapsed=3s deadline=120s
[2026-07-26T20:51:44+0700] Waiting for /map; elapsed=7s deadline=120s
[1;32m[2026-07-26T20:51:47+0700] STARTED 2D occupancy map /map[0m
[1;32m[2026-07-26T20:51:50+0700] STARTED TF map -> odom[0m
[2026-07-26T20:51:54+0700] Waiting for TF map -> laser_frame; elapsed=4s deadline=60s
[2026-07-26T20:51:58+0700] Waiting for TF map -> laser_frame; elapsed=8s deadline=60s
[1;32m[2026-07-26T20:52:03+0700] STARTED TF map -> laser_frame[0m
[1;32m[2026-07-26T20:52:03+0700] STARTED slam_toolbox scan subscription verified[0m
[1;32m[2026-07-26T20:52:07+0700] STARTED no flight-control or planner publishers added[0m

[1;32m######################################################################
#                                                                    #
#                         2D MAP READY                               #
#                                                                    #
#          DESKEW ACTIVE - OBSERVER ONLY - NO FLIGHT CONTROL         #
#                                                                    #
######################################################################
[0m
[2026-07-26T20:52:16+0700] Move the vehicle manually to build the map; this process sends no vehicle commands
[2026-07-26T20:52:16+0700] On Ctrl+C, autosave writes /home/pi5drone/drone_ros_ws/maps/indoor_map_20260726_205043.yaml/.pgm/.png
[2026-07-26T20:52:16+0700] Runtime logs: /home/pi5drone/drone_ros_ws/runtime_logs/mapping_2d_20260726_205043
[2026-07-26T20:58:19+0700] Shutdown reason: received signal INT; launcher_exit=130
[2026-07-26T20:58:22+0700] Autosaving 2D map to /home/pi5drone/drone_ros_ws/maps/indoor_map_20260726_205043.yaml/.pgm
[2026-07-26T20:58:25+0700] 2D map autosaved: /home/pi5drone/drone_ros_ws/maps/indoor_map_20260726_205043.yaml, /home/pi5drone/drone_ros_ws/maps/indoor_map_20260726_205043.pgm, /home/pi5drone/drone_ros_ws/maps/indoor_map_20260726_205043.png
[2026-07-26T20:58:25+0700] Stopping mapping-owned process group: slam_toolbox pgid=44975
[2026-07-26T20:58:25+0700] Stopping mapping-owned process group: mapping_scan_deskew pgid=44697
[2026-07-26T20:58:25+0700] RF2O/PX4 fusion, MAVROS, LiDAR, camera, AprilTag, and flight control were not stopped
