[1;32m[2026-08-02T20:41:31+0700] STARTED launcher inputs and installed ROS interfaces validated[0m
[2026-08-02T20:41:31+0700] Independent observer-only 2D mapping startup
[2026-08-02T20:41:31+0700] This launcher starts mapping scan deskew, slam_toolbox, and enhanced submap SLAM
[2026-08-02T20:41:31+0700] It will not manage RF2O/PX4 fusion, MAVROS, LiDAR, camera, AprilTag, planner, or flight control
[1;32m[2026-08-02T20:41:44+0700] STARTED live input /scan_rf2o[0m
[2026-08-02T20:41:47+0700] Waiting for /mavros/local_position/odom; elapsed=3s deadline=60s
[1;32m[2026-08-02T20:41:50+0700] STARTED live input /mavros/local_position/odom[0m
[1;32m[2026-08-02T20:41:56+0700] STARTED live scan and odometry timestamps share one clock domain[0m
[2026-08-02T20:41:59+0700] Waiting for TF odom -> base_footprint; elapsed=3s deadline=60s
[1;32m[2026-08-02T20:42:03+0700] STARTED TF odom -> base_footprint[0m
[1;32m[2026-08-02T20:42:06+0700] STARTED TF base_footprint -> laser_frame[0m
[1;32m[2026-08-02T20:42:06+0700] STARTED mapping_scan_deskew pgid=15416[0m
[2026-08-02T20:42:07+0700] Waiting for /scan_slam; elapsed=1s deadline=60s
[1;32m[2026-08-02T20:42:10+0700] STARTED live input /scan_slam[0m
[2026-08-02T20:42:14+0700] Waiting for /scan_slam/diagnostics deskew_applied=true; elapsed=4s deadline=60s
[1;32m[2026-08-02T20:42:17+0700] STARTED diagnostic /scan_slam/diagnostics deskew_applied=true[0m
[1;32m[2026-08-02T20:42:18+0700] STARTED mapping scan deskew active on /scan_slam[0m
[1;32m[2026-08-02T20:42:22+0700] STARTED live scan and odometry timestamps share one clock domain[0m
[1;32m[2026-08-02T20:42:22+0700] STARTED slam_toolbox pgid=15757[0m
[1;32m[2026-08-02T20:42:22+0700] STARTED submap_slam_2d pgid=15759[0m
[2026-08-02T20:42:26+0700] Waiting for /map; elapsed=4s deadline=120s
[2026-08-02T20:42:30+0700] Waiting for /map; elapsed=8s deadline=120s
[2026-08-02T20:42:35+0700] Waiting for /map; elapsed=13s deadline=120s
[2026-08-02T20:42:39+0700] Waiting for /map; elapsed=17s deadline=120s
[2026-08-02T20:42:43+0700] Waiting for /map; elapsed=21s deadline=120s
[2026-08-02T20:42:48+0700] Waiting for /map; elapsed=26s deadline=120s
[2026-08-02T20:42:52+0700] Waiting for /map; elapsed=30s deadline=120s
[2026-08-02T20:42:57+0700] Waiting for /map; elapsed=35s deadline=120s
[2026-08-02T20:43:06+0700] Waiting for /map; elapsed=44s deadline=120s
[2026-08-02T20:43:10+0700] Waiting for /map; elapsed=48s deadline=120s
[2026-08-02T20:43:14+0700] Waiting for /map; elapsed=52s deadline=120s
[2026-08-02T20:43:19+0700] Waiting for /map; elapsed=57s deadline=120s
[2026-08-02T20:43:23+0700] Waiting for /map; elapsed=61s deadline=120s
[2026-08-02T20:43:27+0700] Waiting for /map; elapsed=65s deadline=120s
[2026-08-02T20:43:32+0700] Waiting for /map; elapsed=70s deadline=120s
[2026-08-02T20:43:41+0700] Waiting for /map; elapsed=79s deadline=120s
[2026-08-02T20:43:45+0700] Waiting for /map; elapsed=83s deadline=120s
[2026-08-02T20:43:50+0700] Shutdown reason: received signal INT; launcher_exit=130
[1;33m[2026-08-02T20:43:55+0700] WARNING 2D map autosave skipped because /map has no readable map[0m
[2026-08-02T20:43:55+0700] Stopping mapping-owned process group: submap_slam_2d pgid=15759
[2026-08-02T20:43:55+0700] Stopping mapping-owned process group: slam_toolbox pgid=15757
[2026-08-02T20:43:55+0700] Stopping mapping-owned process group: mapping_scan_deskew pgid=15416
[2026-08-02T20:43:55+0700] RF2O/PX4 fusion, MAVROS, LiDAR, camera, AprilTag, and flight control were not stopped
