[INFO] [1784801889.157438919] [vertical_lidar_mapper]: vertical_lidar_mapper started. scan_topic='/scan_vertical' target_frame='odom' local_voxel=0.100 global_voxel=0.080 global_cap=400000 global_publish=3.0Hz revoxel_every=10
[INFO] [1784801889.157788619] [vertical_lidar_mapper]: Global integration mode: keyframe (keyframe_min_translation=0.030m keyframe_min_yaw=0.025rad keyframe_max_interval=0.100s max_keyframes=10000).
[INFO] [1784801889.157843526] [vertical_lidar_mapper]: Full-pose deskew: enabled (required=true odom_topic='/mavros/local_position/odom' odom_frame='odom' stamp_reference='start' pose_gap<=0.100s output='/vertical_points_deskewed').
[INFO] [1784801889.157862636] [vertical_lidar_mapper]: Stable integration gate: enabled (odom_age<=0.200s |yaw_rate|<=0.700rad/s |vertical_speed|<=0.400m/s tilt_rate<=0.450rad/s).
[INFO] [1784801889.157880321] [vertical_lidar_mapper]: Map-rebase: disabled (map_frame='map' odom_frame='odom' trans_th=0.080m yaw_th=0.040rad)
[INFO] [1784801889.157904784] [vertical_lidar_mapper]: Relative-pose gate: disabled (map='map' odom='odom' trans_err_th=0.080m yaw_err_th=0.060rad min_motion=0.030m max_map_step=0.250m max_map_yaw=0.150rad)
[INFO] [1784801889.157924932] [vertical_lidar_mapper]: Map-rebase cooldown: 6 scans after correction.
[INFO] [1784801889.157939728] [vertical_lidar_mapper]: Floor filter: disabled (drop z <= 0.10 m in 'odom' frame).
[INFO] [1784801889.157953228] [vertical_lidar_mapper]: Floor stabilization: enabled (percentile=0.10 band=0.08m min_points=30 max_correction=0.25m drop_failure=true).
[INFO] [1784801889.157975709] [vertical_lidar_mapper]: PCD export service: '/vertical_lidar_mapper/save_pcd' dir='/home/pi5drone/drone_ros_ws/maps/vertical_3d' binary=true
[INFO] [1784801889.157991524] [vertical_lidar_mapper]: SLAM 2D map export on save: disabled (topic='/map' prefix='slam2d_map').
[INFO] [1784801889.158006876] [vertical_lidar_mapper]: Structural GLB export on save: disabled (prefix='lidar2_structural_environment' auto_height=true ceiling=false grid_cap=2000000).
[INFO] [1784801889.158022616] [vertical_lidar_mapper]: Loop-closure dedup-only mode: disabled
[INFO] [1784801889.158036375] [vertical_lidar_mapper]: Global rebuild service: '/vertical_lidar_mapper/rebuild_global' (rebuild_on_map_correction=true corr_trans_th=0.080m corr_yaw_th=0.040rad freeze_scans=6).
[WARN] [1784801889.514796655] [vertical_lidar_mapper]: Vertical scan deskew failed (scan_age=0.381s): full-pose buffer has fewer than two samples
[WARN] [1784801890.787099561] [vertical_lidar_mapper]: New subscription discovered on topic '/vertical_points_deskewed', requesting incompatible QoS. No messages will be sent to it. Last incompatible policy: RELIABILITY_QOS_POLICY
[WARN] [1784801891.687782429] [vertical_lidar_mapper]: Vertical scan deskew failed (scan_age=0.101s): extrinsic TF unavailable: "lidar_vert_link" passed to lookupTransform argument source_frame does not exist. 
[WARN] [1784801893.730040647] [vertical_lidar_mapper]: Vertical scan deskew failed (scan_age=0.100s): only 88.2% of valid beams had interpolated poses
[WARN] [1784801895.824534689] [vertical_lidar_mapper]: Vertical scan deskew failed (scan_age=0.099s): only 88.6% of valid beams had interpolated poses
[WARN] [1784801897.826173848] [vertical_lidar_mapper]: Vertical scan deskew failed (scan_age=0.100s): only 88.6% of valid beams had interpolated poses
[WARN] [1784801899.927509073] [vertical_lidar_mapper]: Vertical scan deskew failed (scan_age=0.102s): only 88.1% of valid beams had interpolated poses
[WARN] [1784801902.026010607] [vertical_lidar_mapper]: Vertical scan deskew failed (scan_age=0.100s): only 88.6% of valid beams had interpolated poses
[INFO] [1784801903.124062355] [vertical_lidar_mapper]: Initialized floor stabilization reference at z=-1.712m in frame 'odom'.
[WARN] [1784801904.117738176] [vertical_lidar_mapper]: Vertical scan deskew failed (scan_age=0.098s): only 88.4% of valid beams had interpolated poses
[WARN] [1784801906.221961661] [vertical_lidar_mapper]: Vertical scan deskew failed (scan_age=0.105s): only 88.6% of valid beams had interpolated poses
[WARN] [1784801908.317169877] [vertical_lidar_mapper]: Vertical scan deskew failed (scan_age=0.097s): only 88.8% of valid beams had interpolated poses
[WARN] [1784801910.416047294] [vertical_lidar_mapper]: Vertical scan deskew failed (scan_age=0.103s): only 88.3% of valid beams had interpolated poses
[WARN] [1784801912.416601192] [vertical_lidar_mapper]: Vertical scan deskew failed (scan_age=0.102s): only 88.7% of valid beams had interpolated poses
[WARN] [1784801914.510074655] [vertical_lidar_mapper]: Vertical scan deskew failed (scan_age=0.101s): only 88.6% of valid beams had interpolated poses
[WARN] [1784801916.608250352] [vertical_lidar_mapper]: Vertical scan deskew failed (scan_age=0.100s): only 88.3% of valid beams had interpolated poses
[WARN] [1784801918.701187979] [vertical_lidar_mapper]: Vertical scan deskew failed (scan_age=0.098s): only 88.1% of valid beams had interpolated poses
[WARN] [1784801919.146105308] [vertical_lidar_mapper]: Dropped unstable global scan: odom_age=0.335s (max 0.200), |yaw|=0.047 (max 0.700), |vz|=0.014 (max 0.400), tilt_rate=0.044 (max 0.450).
[WARN] [1784801919.803980386] [vertical_lidar_mapper]: Dropping vertical scan because a reliable floor band was not found.
[WARN] [1784801920.706495132] [vertical_lidar_mapper]: Vertical scan deskew failed (scan_age=0.096s): only 87.9% of valid beams had interpolated poses
[WARN] [1784801922.795429084] [vertical_lidar_mapper]: Vertical scan deskew failed (scan_age=0.101s): no bracketing full-pose samples at scan reference timestamp
[WARN] [1784801924.894850130] [vertical_lidar_mapper]: Vertical scan deskew failed (scan_age=0.101s): only 91.7% of valid beams had interpolated poses
[WARN] [1784801926.993313888] [vertical_lidar_mapper]: Vertical scan deskew failed (scan_age=0.100s): only 88.0% of valid beams had interpolated poses
[WARN] [1784801928.994563338] [vertical_lidar_mapper]: Vertical scan deskew failed (scan_age=0.100s): only 88.6% of valid beams had interpolated poses
[WARN] [1784801931.090632898] [vertical_lidar_mapper]: Vertical scan deskew failed (scan_age=0.100s): only 88.9% of valid beams had interpolated poses
[WARN] [1784801933.189766717] [vertical_lidar_mapper]: Vertical scan deskew failed (scan_age=0.101s): only 88.8% of valid beams had interpolated poses
[WARN] [1784801935.189887752] [vertical_lidar_mapper]: Vertical scan deskew failed (scan_age=0.100s): only 89.9% of valid beams had interpolated poses
[WARN] [1784801937.284843857] [vertical_lidar_mapper]: Vertical scan deskew failed (scan_age=0.102s): only 92.4% of valid beams had interpolated poses
[WARN] [1784801939.379883864] [vertical_lidar_mapper]: Vertical scan deskew failed (scan_age=0.097s): only 92.9% of valid beams had interpolated poses
[WARN] [1784801941.478771461] [vertical_lidar_mapper]: Vertical scan deskew failed (scan_age=0.102s): only 93.0% of valid beams had interpolated poses
[WARN] [1784801943.577402759] [vertical_lidar_mapper]: Vertical scan deskew failed (scan_age=0.100s): only 92.7% of valid beams had interpolated poses
[WARN] [1784801945.672715659] [vertical_lidar_mapper]: Vertical scan deskew failed (scan_age=0.098s): only 91.0% of valid beams had interpolated poses
[WARN] [1784801947.771601791] [vertical_lidar_mapper]: Vertical scan deskew failed (scan_age=0.101s): only 93.5% of valid beams had interpolated poses
[WARN] [1784801949.771644626] [vertical_lidar_mapper]: Vertical scan deskew failed (scan_age=0.100s): only 90.1% of valid beams had interpolated poses
[WARN] [1784801951.870634012] [vertical_lidar_mapper]: Vertical scan deskew failed (scan_age=0.101s): only 90.1% of valid beams had interpolated poses
[WARN] [1784801953.969568349] [vertical_lidar_mapper]: Vertical scan deskew failed (scan_age=0.100s): only 89.9% of valid beams had interpolated poses
[WARN] [1784801956.069063821] [vertical_lidar_mapper]: Vertical scan deskew failed (scan_age=0.102s): only 90.3% of valid beams had interpolated poses
[WARN] [1784801958.168402229] [vertical_lidar_mapper]: Vertical scan deskew failed (scan_age=0.102s): only 90.0% of valid beams had interpolated poses
[WARN] [1784801960.263445857] [vertical_lidar_mapper]: Vertical scan deskew failed (scan_age=0.102s): only 90.0% of valid beams had interpolated poses
[WARN] [1784801962.363516846] [vertical_lidar_mapper]: Vertical scan deskew failed (scan_age=0.101s): only 90.1% of valid beams had interpolated poses
[WARN] [1784801964.459271666] [vertical_lidar_mapper]: Vertical scan deskew failed (scan_age=0.101s): only 91.1% of valid beams had interpolated poses
[WARN] [1784801966.461801446] [vertical_lidar_mapper]: Vertical scan deskew failed (scan_age=0.100s): only 92.8% of valid beams had interpolated poses
[WARN] [1784801968.556342994] [vertical_lidar_mapper]: Vertical scan deskew failed (scan_age=0.102s): only 92.3% of valid beams had interpolated poses
[WARN] [1784801970.658048251] [vertical_lidar_mapper]: Vertical scan deskew failed (scan_age=0.102s): only 91.4% of valid beams had interpolated poses
[WARN] [1784801972.750548998] [vertical_lidar_mapper]: Vertical scan deskew failed (scan_age=0.102s): only 92.8% of valid beams had interpolated poses
[WARN] [1784801974.848106325] [vertical_lidar_mapper]: Vertical scan deskew failed (scan_age=0.100s): only 92.4% of valid beams had interpolated poses
[WARN] [1784801976.848819616] [vertical_lidar_mapper]: Vertical scan deskew failed (scan_age=0.101s): only 90.6% of valid beams had interpolated poses
[WARN] [1784801978.941904312] [vertical_lidar_mapper]: Vertical scan deskew failed (scan_age=0.100s): only 90.4% of valid beams had interpolated poses
[WARN] [1784801981.040208573] [vertical_lidar_mapper]: Vertical scan deskew failed (scan_age=0.100s): only 92.7% of valid beams had interpolated poses
[WARN] [1784801983.041152807] [vertical_lidar_mapper]: Vertical scan deskew failed (scan_age=0.101s): only 90.0% of valid beams had interpolated poses
[WARN] [1784801985.042431614] [vertical_lidar_mapper]: Vertical scan deskew failed (scan_age=0.097s): only 89.8% of valid beams had interpolated poses
[WARN] [1784801987.043969730] [vertical_lidar_mapper]: Vertical scan deskew failed (scan_age=0.103s): only 89.8% of valid beams had interpolated poses
[WARN] [1784801989.140818327] [vertical_lidar_mapper]: Vertical scan deskew failed (scan_age=0.100s): only 90.2% of valid beams had interpolated poses
[WARN] [1784801991.236903010] [vertical_lidar_mapper]: Vertical scan deskew failed (scan_age=0.099s): only 89.7% of valid beams had interpolated poses
[WARN] [1784801993.331815643] [vertical_lidar_mapper]: Vertical scan deskew failed (scan_age=0.100s): only 89.9% of valid beams had interpolated poses
[WARN] [1784801995.430647385] [vertical_lidar_mapper]: Vertical scan deskew failed (scan_age=0.100s): only 90.3% of valid beams had interpolated poses
[WARN] [1784801997.522747856] [vertical_lidar_mapper]: Vertical scan deskew failed (scan_age=0.099s): only 90.2% of valid beams had interpolated poses
[WARN] [1784801999.524967964] [vertical_lidar_mapper]: Vertical scan deskew failed (scan_age=0.101s): only 90.2% of valid beams had interpolated poses
[WARN] [1784802001.620116497] [vertical_lidar_mapper]: Vertical scan deskew failed (scan_age=0.101s): only 90.4% of valid beams had interpolated poses
[WARN] [1784802003.620984513] [vertical_lidar_mapper]: Vertical scan deskew failed (scan_age=0.097s): only 87.2% of valid beams had interpolated poses
[WARN] [1784802005.715707440] [vertical_lidar_mapper]: Vertical scan deskew failed (scan_age=0.094s): only 84.7% of valid beams had interpolated poses
[WARN] [1784802007.814229834] [vertical_lidar_mapper]: Vertical scan deskew failed (scan_age=0.100s): only 87.7% of valid beams had interpolated poses
[WARN] [1784802009.909902693] [vertical_lidar_mapper]: Vertical scan deskew failed (scan_age=0.099s): only 90.0% of valid beams had interpolated poses
[WARN] [1784802011.910162575] [vertical_lidar_mapper]: Vertical scan deskew failed (scan_age=0.100s): only 89.9% of valid beams had interpolated poses
[WARN] [1784802014.008972711] [vertical_lidar_mapper]: Vertical scan deskew failed (scan_age=0.099s): only 90.3% of valid beams had interpolated poses
[WARN] [1784802016.105031691] [vertical_lidar_mapper]: Vertical scan deskew failed (scan_age=0.101s): only 90.1% of valid beams had interpolated poses
[WARN] [1784802018.203231491] [vertical_lidar_mapper]: Vertical scan deskew failed (scan_age=0.100s): only 90.0% of valid beams had interpolated poses
[WARN] [1784802020.302541454] [vertical_lidar_mapper]: Vertical scan deskew failed (scan_age=0.101s): only 90.7% of valid beams had interpolated poses
[WARN] [1784802022.400878748] [vertical_lidar_mapper]: Vertical scan deskew failed (scan_age=0.101s): only 89.7% of valid beams had interpolated poses
[WARN] [1784802024.499591485] [vertical_lidar_mapper]: Vertical scan deskew failed (scan_age=0.101s): only 91.9% of valid beams had interpolated poses
[WARN] [1784802026.594720803] [vertical_lidar_mapper]: Vertical scan deskew failed (scan_age=0.100s): only 92.2% of valid beams had interpolated poses
[WARN] [1784802028.693878560] [vertical_lidar_mapper]: Vertical scan deskew failed (scan_age=0.101s): only 90.5% of valid beams had interpolated poses
[WARN] [1784802030.789658017] [vertical_lidar_mapper]: Vertical scan deskew failed (scan_age=0.100s): only 91.1% of valid beams had interpolated poses
[WARN] [1784802032.884963911] [vertical_lidar_mapper]: Vertical scan deskew failed (scan_age=0.100s): only 93.8% of valid beams had interpolated poses
[WARN] [1784802035.081976727] [vertical_lidar_mapper]: Vertical scan deskew failed (scan_age=0.098s): only 94.0% of valid beams had interpolated poses
[WARN] [1784802037.082178570] [vertical_lidar_mapper]: Vertical scan deskew failed (scan_age=0.098s): only 94.1% of valid beams had interpolated poses
[WARN] [1784802039.083443747] [vertical_lidar_mapper]: Vertical scan deskew failed (scan_age=0.101s): only 92.2% of valid beams had interpolated poses
[WARN] [1784802041.181364220] [vertical_lidar_mapper]: Vertical scan deskew failed (scan_age=0.101s): only 89.4% of valid beams had interpolated poses
[WARN] [1784802044.878451517] [vertical_lidar_mapper]: Vertical scan deskew failed (scan_age=0.503s): no bracketing full-pose samples at scan reference timestamp
[WARN] [1784802046.976630573] [vertical_lidar_mapper]: Vertical scan deskew failed (scan_age=0.100s): only 89.4% of valid beams had interpolated poses
[WARN] [1784802049.948715480] [vertical_lidar_mapper]: Vertical scan deskew failed (scan_age=0.577s): no bracketing full-pose samples at scan reference timestamp
[WARN] [1784802052.335040980] [vertical_lidar_mapper]: Vertical scan deskew failed (scan_age=0.564s): no bracketing full-pose samples at scan reference timestamp
[WARN] [1784802054.370696263] [vertical_lidar_mapper]: Vertical scan deskew failed (scan_age=0.102s): only 89.6% of valid beams had interpolated poses
[WARN] [1784802056.470447654] [vertical_lidar_mapper]: Vertical scan deskew failed (scan_age=0.101s): only 89.5% of valid beams had interpolated poses
[WARN] [1784802058.569357556] [vertical_lidar_mapper]: Vertical scan deskew failed (scan_age=0.104s): only 89.2% of valid beams had interpolated poses
[WARN] [1784802060.769436361] [vertical_lidar_mapper]: Vertical scan deskew failed (scan_age=0.506s): no bracketing full-pose samples at scan reference timestamp
[WARN] [1784802063.055935753] [vertical_lidar_mapper]: Vertical scan deskew failed (scan_age=0.596s): no bracketing full-pose samples at scan reference timestamp
[WARN] [1784802066.835588380] [vertical_lidar_mapper]: Vertical scan deskew failed (scan_age=0.577s): no bracketing full-pose samples at scan reference timestamp
[WARN] [1784802068.840925227] [vertical_lidar_mapper]: Vertical scan deskew failed (scan_age=0.584s): only 67.0% of valid beams had interpolated poses
[WARN] [1784802070.852141158] [vertical_lidar_mapper]: Vertical scan deskew failed (scan_age=0.101s): only 89.5% of valid beams had interpolated poses
[WARN] [1784802073.446370322] [vertical_lidar_mapper]: Vertical scan deskew failed (scan_age=0.597s): no bracketing full-pose samples at scan reference timestamp
[WARN] [1784802076.046717076] [vertical_lidar_mapper]: Vertical scan deskew failed (scan_age=0.598s): no bracketing full-pose samples at scan reference timestamp
[WARN] [1784802078.853480562] [vertical_lidar_mapper]: Vertical scan deskew failed (scan_age=0.513s): no bracketing full-pose samples at scan reference timestamp
[WARN] [1784802080.905893218] [vertical_lidar_mapper]: Vertical scan deskew failed (scan_age=0.564s): no bracketing full-pose samples at scan reference timestamp
[WARN] [1784802082.943846686] [vertical_lidar_mapper]: Vertical scan deskew failed (scan_age=0.101s): only 88.9% of valid beams had interpolated poses
[WARN] [1784802085.036835645] [vertical_lidar_mapper]: Vertical scan deskew failed (scan_age=0.098s): only 89.2% of valid beams had interpolated poses
[WARN] [1784802087.135297997] [vertical_lidar_mapper]: Vertical scan deskew failed (scan_age=0.100s): only 89.7% of valid beams had interpolated poses
[WARN] [1784802090.987325037] [vertical_lidar_mapper]: Vertical scan deskew failed (scan_age=0.555s): no bracketing full-pose samples at scan reference timestamp
[WARN] [1784802093.026828308] [vertical_lidar_mapper]: Vertical scan deskew failed (scan_age=0.098s): only 92.3% of valid beams had interpolated poses
[WARN] [1784802095.128286392] [vertical_lidar_mapper]: Vertical scan deskew failed (scan_age=0.102s): only 95.0% of valid beams had interpolated poses
[WARN] [1784802097.225862335] [vertical_lidar_mapper]: Vertical scan deskew failed (scan_age=0.100s): only 94.1% of valid beams had interpolated poses
[WARN] [1784802099.321976177] [vertical_lidar_mapper]: Vertical scan deskew failed (scan_age=0.098s): only 94.4% of valid beams had interpolated poses
[WARN] [1784802101.421231519] [vertical_lidar_mapper]: Vertical scan deskew failed (scan_age=0.101s): only 94.6% of valid beams had interpolated poses
[WARN] [1784802103.520588196] [vertical_lidar_mapper]: Vertical scan deskew failed (scan_age=0.100s): only 94.1% of valid beams had interpolated poses
[WARN] [1784802105.618921102] [vertical_lidar_mapper]: Vertical scan deskew failed (scan_age=0.101s): only 95.0% of valid beams had interpolated poses
[WARN] [1784802107.719893050] [vertical_lidar_mapper]: Vertical scan deskew failed (scan_age=0.099s): only 93.2% of valid beams had interpolated poses
[WARN] [1784802109.812516699] [vertical_lidar_mapper]: Vertical scan deskew failed (scan_age=0.095s): only 94.7% of valid beams had interpolated poses
[WARN] [1784802111.913949933] [vertical_lidar_mapper]: Vertical scan deskew failed (scan_age=0.101s): only 93.4% of valid beams had interpolated poses
[WARN] [1784802114.008062410] [vertical_lidar_mapper]: Vertical scan deskew failed (scan_age=0.099s): only 92.7% of valid beams had interpolated poses
[WARN] [1784802116.105727376] [vertical_lidar_mapper]: Vertical scan deskew failed (scan_age=0.098s): only 91.3% of valid beams had interpolated poses
[WARN] [1784802118.602318357] [vertical_lidar_mapper]: Vertical scan deskew failed (scan_age=0.600s): no bracketing full-pose samples at scan reference timestamp
[WARN] [1784802120.701774833] [vertical_lidar_mapper]: Vertical scan deskew failed (scan_age=0.101s): only 92.4% of valid beams had interpolated poses
[WARN] [1784802123.095844095] [vertical_lidar_mapper]: Vertical scan deskew failed (scan_age=0.596s): only 92.4% of valid beams had interpolated poses
[WARN] [1784802125.195514511] [vertical_lidar_mapper]: Vertical scan deskew failed (scan_age=0.100s): only 92.4% of valid beams had interpolated poses
[WARN] [1784802127.196457704] [vertical_lidar_mapper]: Vertical scan deskew failed (scan_age=0.101s): only 92.9% of valid beams had interpolated poses
[WARN] [1784802129.292557092] [vertical_lidar_mapper]: Vertical scan deskew failed (scan_age=0.101s): only 92.6% of valid beams had interpolated poses
[WARN] [1784802131.869547887] [vertical_lidar_mapper]: Vertical scan deskew failed (scan_age=0.580s): no bracketing full-pose samples at scan reference timestamp
[WARN] [1784802133.991416030] [vertical_lidar_mapper]: Vertical scan deskew failed (scan_age=0.505s): no bracketing full-pose samples at scan reference timestamp
[WARN] [1784802136.088124837] [vertical_lidar_mapper]: Vertical scan deskew failed (scan_age=0.098s): only 92.5% of valid beams had interpolated poses
[WARN] [1784802142.160543521] [vertical_lidar_mapper]: Vertical scan deskew failed (scan_age=0.582s): no bracketing full-pose samples at scan reference timestamp
[WARN] [1784802144.178399634] [vertical_lidar_mapper]: Vertical scan deskew failed (scan_age=0.101s): only 92.7% of valid beams had interpolated poses
[WARN] [1784802146.278518323] [vertical_lidar_mapper]: Vertical scan deskew failed (scan_age=0.098s): only 93.2% of valid beams had interpolated poses
[WARN] [1784802148.575820049] [vertical_lidar_mapper]: Vertical scan deskew failed (scan_age=0.099s): only 93.8% of valid beams had interpolated poses
[WARN] [1784802150.737944829] [vertical_lidar_mapper]: Vertical scan deskew failed (scan_age=0.564s): no bracketing full-pose samples at scan reference timestamp
[WARN] [1784802152.773214536] [vertical_lidar_mapper]: Vertical scan deskew failed (scan_age=0.100s): only 93.9% of valid beams had interpolated poses
[WARN] [1784802154.869141555] [vertical_lidar_mapper]: Vertical scan deskew failed (scan_age=0.099s): only 92.8% of valid beams had interpolated poses
[WARN] [1784802156.965309650] [vertical_lidar_mapper]: Vertical scan deskew failed (scan_age=0.100s): only 94.0% of valid beams had interpolated poses
[WARN] [1784802158.371635989] [vertical_lidar_mapper]: Dropping vertical scan because a reliable floor band was not found.
[WARN] [1784802159.066208690] [vertical_lidar_mapper]: Vertical scan deskew failed (scan_age=0.100s): only 94.4% of valid beams had interpolated poses
[WARN] [1784802161.110694839] [vertical_lidar_mapper]: Vertical scan deskew failed (scan_age=0.244s): no bracketing full-pose samples at scan reference timestamp
[WARN] [1784802163.363830294] [vertical_lidar_mapper]: Vertical scan deskew failed (scan_age=0.100s): only 94.8% of valid beams had interpolated poses
[WARN] [1784802165.364956474] [vertical_lidar_mapper]: Vertical scan deskew failed (scan_age=0.101s): only 94.8% of valid beams had interpolated poses
[WARN] [1784802167.459747080] [vertical_lidar_mapper]: Vertical scan deskew failed (scan_age=0.100s): only 90.5% of valid beams had interpolated poses
[WARN] [1784802169.460929985] [vertical_lidar_mapper]: Vertical scan deskew failed (scan_age=0.101s): only 91.0% of valid beams had interpolated poses
[WARN] [1784802171.587088950] [vertical_lidar_mapper]: Vertical scan deskew failed (scan_age=0.133s): only 93.1% of valid beams had interpolated poses
[WARN] [1784802173.654086466] [vertical_lidar_mapper]: Vertical scan deskew failed (scan_age=0.100s): only 92.4% of valid beams had interpolated poses
[WARN] [1784802175.751497101] [vertical_lidar_mapper]: Vertical scan deskew failed (scan_age=0.098s): only 90.6% of valid beams had interpolated poses
[WARN] [1784802177.849709174] [vertical_lidar_mapper]: Vertical scan deskew failed (scan_age=0.100s): only 92.6% of valid beams had interpolated poses
[WARN] [1784802179.945898350] [vertical_lidar_mapper]: Vertical scan deskew failed (scan_age=0.100s): only 90.7% of valid beams had interpolated poses
[WARN] [1784802182.041843818] [vertical_lidar_mapper]: Vertical scan deskew failed (scan_age=0.098s): only 92.6% of valid beams had interpolated poses
[WARN] [1784802184.145157858] [vertical_lidar_mapper]: Vertical scan deskew failed (scan_age=0.199s): only 90.0% of valid beams had interpolated poses
[WARN] [1784802186.200399285] [vertical_lidar_mapper]: Vertical scan deskew failed (scan_age=0.555s): no bracketing full-pose samples at scan reference timestamp
[WARN] [1784802188.239037622] [vertical_lidar_mapper]: Vertical scan deskew failed (scan_age=0.100s): only 90.2% of valid beams had interpolated poses
[WARN] [1784802190.242426219] [vertical_lidar_mapper]: Vertical scan deskew failed (scan_age=0.100s): only 91.2% of valid beams had interpolated poses
[WARN] [1784802192.338413205] [vertical_lidar_mapper]: Vertical scan deskew failed (scan_age=0.100s): only 91.6% of valid beams had interpolated poses
[WARN] [1784802194.437474758] [vertical_lidar_mapper]: Vertical scan deskew failed (scan_age=0.101s): only 91.3% of valid beams had interpolated poses
[WARN] [1784802196.530747298] [vertical_lidar_mapper]: Vertical scan deskew failed (scan_age=0.100s): only 90.8% of valid beams had interpolated poses
[WARN] [1784802198.719029438] [vertical_lidar_mapper]: Vertical scan deskew failed (scan_age=0.591s): no bracketing full-pose samples at scan reference timestamp
[WARN] [1784802200.759514606] [vertical_lidar_mapper]: Vertical scan deskew failed (scan_age=0.331s): only 84.2% of valid beams had interpolated poses
[WARN] [1784802202.826420800] [vertical_lidar_mapper]: Vertical scan deskew failed (scan_age=0.100s): only 91.2% of valid beams had interpolated poses
[WARN] [1784802204.827227931] [vertical_lidar_mapper]: Vertical scan deskew failed (scan_age=0.101s): only 89.9% of valid beams had interpolated poses
[WARN] [1784802206.999016782] [vertical_lidar_mapper]: Vertical scan deskew failed (scan_age=0.577s): no bracketing full-pose samples at scan reference timestamp
[WARN] [1784802209.010364655] [vertical_lidar_mapper]: Vertical scan deskew failed (scan_age=0.190s): only 1.1% of valid beams had interpolated poses
[WARN] [1784802211.022474456] [vertical_lidar_mapper]: Vertical scan deskew failed (scan_age=0.101s): only 88.3% of valid beams had interpolated poses
[WARN] [1784802213.119881128] [vertical_lidar_mapper]: Vertical scan deskew failed (scan_age=0.098s): only 92.4% of valid beams had interpolated poses
[WARN] [1784802215.121131678] [vertical_lidar_mapper]: Vertical scan deskew failed (scan_age=0.100s): only 92.7% of valid beams had interpolated poses
[WARN] [1784802217.121697133] [vertical_lidar_mapper]: Vertical scan deskew failed (scan_age=0.106s): only 91.8% of valid beams had interpolated poses
[WARN] [1784802219.216749475] [vertical_lidar_mapper]: Vertical scan deskew failed (scan_age=0.097s): only 92.2% of valid beams had interpolated poses
[WARN] [1784802221.311192467] [vertical_lidar_mapper]: Vertical scan deskew failed (scan_age=0.101s): only 94.6% of valid beams had interpolated poses
[WARN] [1784802228.828021400] [vertical_lidar_mapper]: Vertical scan deskew failed (scan_age=0.516s): no bracketing full-pose samples at scan reference timestamp
[WARN] [1784802231.553782347] [vertical_lidar_mapper]: Vertical scan deskew failed (scan_age=0.547s): no bracketing full-pose samples at scan reference timestamp
[WARN] [1784802233.990465455] [vertical_lidar_mapper]: Vertical scan deskew failed (scan_age=1.280s): no bracketing full-pose samples at scan reference timestamp
[WARN] [1784802236.311976501] [vertical_lidar_mapper]: Vertical scan deskew failed (scan_age=0.511s): no bracketing full-pose samples at scan reference timestamp
[WARN] [1784802238.456263393] [vertical_lidar_mapper]: Vertical scan deskew failed (scan_age=0.557s): no bracketing full-pose samples at scan reference timestamp
[WARN] [1784802241.153709419] [vertical_lidar_mapper]: Large time offset between now() and scan stamp: 3.153s. If using simulation, set use_sim_time=true and confirm /clock is active.
[WARN] [1784802241.153901755] [vertical_lidar_mapper]: Vertical scan deskew failed (scan_age=3.153s): no bracketing full-pose samples at scan reference timestamp
[WARN] [1784802245.767719894] [vertical_lidar_mapper]: Vertical scan deskew failed (scan_age=0.577s): no bracketing full-pose samples at scan reference timestamp
[WARN] [1784802248.352790564] [vertical_lidar_mapper]: Vertical scan deskew failed (scan_age=0.561s): no bracketing full-pose samples at scan reference timestamp
[WARN] [1784802250.117022908] [vertical_lidar_mapper]: Large time offset between now() and scan stamp: 2.227s. If using simulation, set use_sim_time=true and confirm /clock is active.
[WARN] [1784802252.444043260] [vertical_lidar_mapper]: Vertical scan deskew failed (scan_age=2.858s): no bracketing full-pose samples at scan reference timestamp
[WARN] [1784802258.383040644] [vertical_lidar_mapper]: Large time offset between now() and scan stamp: 4.401s. If using simulation, set use_sim_time=true and confirm /clock is active.
[WARN] [1784802258.383280277] [vertical_lidar_mapper]: Vertical scan deskew failed (scan_age=4.401s): no bracketing full-pose samples at scan reference timestamp
[WARN] [1784802261.053828631] [vertical_lidar_mapper]: Vertical scan deskew failed (scan_age=0.575s): no bracketing full-pose samples at scan reference timestamp
[WARN] [1784802264.003988755] [vertical_lidar_mapper]: Large time offset between now() and scan stamp: 2.425s. If using simulation, set use_sim_time=true and confirm /clock is active.
[WARN] [1784802264.030457342] [vertical_lidar_mapper]: Vertical scan deskew failed (scan_age=2.425s): no bracketing full-pose samples at scan reference timestamp
[WARN] [1784802268.897034898] [vertical_lidar_mapper]: Vertical scan deskew failed (scan_age=0.526s): no bracketing full-pose samples at scan reference timestamp
[WARN] [1784802272.102075432] [vertical_lidar_mapper]: Vertical scan deskew failed (scan_age=0.634s): no bracketing full-pose samples at scan reference timestamp
[WARN] [1784802275.755277325] [vertical_lidar_mapper]: Large time offset between now() and scan stamp: 2.588s. If using simulation, set use_sim_time=true and confirm /clock is active.
[WARN] [1784802275.755469420] [vertical_lidar_mapper]: Vertical scan deskew failed (scan_age=2.588s): no bracketing full-pose samples at scan reference timestamp
[WARN] [1784802280.029844277] [vertical_lidar_mapper]: Vertical scan deskew failed (scan_age=3.462s): no bracketing full-pose samples at scan reference timestamp
[WARN] [1784802281.926391417] [vertical_lidar_mapper]: Large time offset between now() and scan stamp: 5.260s. If using simulation, set use_sim_time=true and confirm /clock is active.
[WARN] [1784802282.880427349] [vertical_lidar_mapper]: Vertical scan deskew failed (scan_age=0.521s): no bracketing full-pose samples at scan reference timestamp
[WARN] [1784802286.415170417] [vertical_lidar_mapper]: Vertical scan deskew failed (scan_age=3.355s): no bracketing full-pose samples at scan reference timestamp
[WARN] [1784802287.813579584] [vertical_lidar_mapper]: Large time offset between now() and scan stamp: 4.653s. If using simulation, set use_sim_time=true and confirm /clock is active.
[WARN] [1784802288.438216517] [vertical_lidar_mapper]: Vertical scan deskew failed (scan_age=0.583s): no bracketing full-pose samples at scan reference timestamp
[WARN] [1784802291.057936520] [vertical_lidar_mapper]: Vertical scan deskew failed (scan_age=1.803s): no bracketing full-pose samples at scan reference timestamp
[WARN] [1784802294.374262229] [vertical_lidar_mapper]: Large time offset between now() and scan stamp: 2.224s. If using simulation, set use_sim_time=true and confirm /clock is active.
[WARN] [1784802294.374451046] [vertical_lidar_mapper]: Vertical scan deskew failed (scan_age=2.224s): no bracketing full-pose samples at scan reference timestamp
[WARN] [1784802296.485521656] [vertical_lidar_mapper]: Vertical scan deskew failed (scan_age=0.937s): no bracketing full-pose samples at scan reference timestamp
[WARN] [1784802298.545115408] [vertical_lidar_mapper]: Vertical scan deskew failed (scan_age=0.098s): only 94.8% of valid beams had interpolated poses
[WARN] [1784802305.425785561] [vertical_lidar_mapper]: Vertical scan deskew failed (scan_age=0.586s): no bracketing full-pose samples at scan reference timestamp
[WARN] [1784802307.436412006] [vertical_lidar_mapper]: Vertical scan deskew failed (scan_age=0.101s): only 93.2% of valid beams had interpolated poses
[WARN] [1784802309.534930637] [vertical_lidar_mapper]: Vertical scan deskew failed (scan_age=0.100s): only 93.2% of valid beams had interpolated poses
[WARN] [1784802311.633732916] [vertical_lidar_mapper]: Vertical scan deskew failed (scan_age=0.101s): only 92.8% of valid beams had interpolated poses
[WARN] [1784802313.732006739] [vertical_lidar_mapper]: Vertical scan deskew failed (scan_age=0.100s): only 94.6% of valid beams had interpolated poses
[WARN] [1784802315.830995771] [vertical_lidar_mapper]: Vertical scan deskew failed (scan_age=0.101s): only 93.7% of valid beams had interpolated poses
[WARN] [1784802317.929199581] [vertical_lidar_mapper]: Vertical scan deskew failed (scan_age=0.100s): only 93.5% of valid beams had interpolated poses
[WARN] [1784802320.025230707] [vertical_lidar_mapper]: Vertical scan deskew failed (scan_age=0.098s): only 92.8% of valid beams had interpolated poses
[WARN] [1784802322.025762812] [vertical_lidar_mapper]: Vertical scan deskew failed (scan_age=0.100s): only 92.8% of valid beams had interpolated poses
[WARN] [1784802324.125708497] [vertical_lidar_mapper]: Vertical scan deskew failed (scan_age=0.102s): only 93.2% of valid beams had interpolated poses
[WARN] [1784802326.224146153] [vertical_lidar_mapper]: Vertical scan deskew failed (scan_age=0.101s): only 93.0% of valid beams had interpolated poses
[WARN] [1784802328.225981359] [vertical_lidar_mapper]: Vertical scan deskew failed (scan_age=0.204s): no bracketing full-pose samples at scan reference timestamp
[WARN] [1784802330.318973900] [vertical_lidar_mapper]: Vertical scan deskew failed (scan_age=0.097s): only 93.4% of valid beams had interpolated poses
[WARN] [1784802332.319357842] [vertical_lidar_mapper]: Vertical scan deskew failed (scan_age=0.100s): only 93.3% of valid beams had interpolated poses
[WARN] [1784802334.413327914] [vertical_lidar_mapper]: Vertical scan deskew failed (scan_age=0.101s): only 93.3% of valid beams had interpolated poses
[WARN] [1784802336.511239532] [vertical_lidar_mapper]: Vertical scan deskew failed (scan_age=0.100s): only 93.1% of valid beams had interpolated poses
[WARN] [1784802338.514548093] [vertical_lidar_mapper]: Vertical scan deskew failed (scan_age=0.102s): only 93.4% of valid beams had interpolated poses
[WARN] [1784802340.608687134] [vertical_lidar_mapper]: Vertical scan deskew failed (scan_age=0.101s): only 93.8% of valid beams had interpolated poses
[WARN] [1784802342.710025398] [vertical_lidar_mapper]: Vertical scan deskew failed (scan_age=0.104s): only 93.0% of valid beams had interpolated poses
[WARN] [1784802344.906035312] [vertical_lidar_mapper]: Vertical scan deskew failed (scan_age=0.101s): only 93.0% of valid beams had interpolated poses
[WARN] [1784802347.102413538] [vertical_lidar_mapper]: Vertical scan deskew failed (scan_age=0.100s): only 94.6% of valid beams had interpolated poses
[WARN] [1784802349.201186601] [vertical_lidar_mapper]: Vertical scan deskew failed (scan_age=0.101s): only 92.8% of valid beams had interpolated poses
[WARN] [1784802351.297329262] [vertical_lidar_mapper]: Vertical scan deskew failed (scan_age=0.101s): only 93.0% of valid beams had interpolated poses
[WARN] [1784802353.299595549] [vertical_lidar_mapper]: Vertical scan deskew failed (scan_age=0.097s): only 93.0% of valid beams had interpolated poses
[WARN] [1784802355.398541111] [vertical_lidar_mapper]: Vertical scan deskew failed (scan_age=0.101s): only 93.7% of valid beams had interpolated poses
[WARN] [1784802357.491694630] [vertical_lidar_mapper]: Vertical scan deskew failed (scan_age=0.100s): only 92.8% of valid beams had interpolated poses
[WARN] [1784802359.587637064] [vertical_lidar_mapper]: Vertical scan deskew failed (scan_age=0.098s): only 93.4% of valid beams had interpolated poses
[WARN] [1784802364.475905011] [vertical_lidar_mapper]: Vertical scan deskew failed (scan_age=0.986s): no bracketing full-pose samples at scan reference timestamp
[WARN] [1784802366.563362098] [vertical_lidar_mapper]: Vertical scan deskew failed (scan_age=1.575s): no bracketing full-pose samples at scan reference timestamp
[WARN] [1784802369.086495994] [vertical_lidar_mapper]: Vertical scan deskew failed (scan_age=0.502s): no bracketing full-pose samples at scan reference timestamp
[WARN] [1784802371.097003875] [vertical_lidar_mapper]: Vertical scan deskew failed (scan_age=0.514s): no bracketing full-pose samples at scan reference timestamp
[WARN] [1784802373.179454732] [vertical_lidar_mapper]: Vertical scan deskew failed (scan_age=0.101s): only 92.9% of valid beams had interpolated poses
[WARN] [1784802375.180594940] [vertical_lidar_mapper]: Vertical scan deskew failed (scan_age=0.101s): only 93.6% of valid beams had interpolated poses
[WARN] [1784802377.458676191] [vertical_lidar_mapper]: Vertical scan deskew failed (scan_age=1.083s): no bracketing full-pose samples at scan reference timestamp
[WARN] [1784802379.948343463] [vertical_lidar_mapper]: Vertical scan deskew failed (scan_age=0.974s): no bracketing full-pose samples at scan reference timestamp
[WARN] [1784802381.973372580] [vertical_lidar_mapper]: Vertical scan deskew failed (scan_age=0.100s): only 93.8% of valid beams had interpolated poses
[WARN] [1784802384.267248036] [vertical_lidar_mapper]: Vertical scan deskew failed (scan_age=0.595s): no bracketing full-pose samples at scan reference timestamp
[WARN] [1784802386.051973301] [vertical_lidar_mapper]: Large time offset between now() and scan stamp: 2.183s. If using simulation, set use_sim_time=true and confirm /clock is active.
[WARN] [1784802386.895872526] [vertical_lidar_mapper]: Vertical scan deskew failed (scan_age=0.927s): no bracketing full-pose samples at scan reference timestamp
[WARN] [1784802389.045457618] [vertical_lidar_mapper]: Vertical scan deskew failed (scan_age=1.777s): no bracketing full-pose samples at scan reference timestamp
[WARN] [1784802392.154357237] [vertical_lidar_mapper]: Vertical scan deskew failed (scan_age=0.586s): no bracketing full-pose samples at scan reference timestamp
[WARN] [1784802394.498187169] [vertical_lidar_mapper]: Vertical scan deskew failed (scan_age=0.528s): no bracketing full-pose samples at scan reference timestamp
[WARN] [1784802397.159917899] [vertical_lidar_mapper]: Vertical scan deskew failed (scan_age=1.300s): no bracketing full-pose samples at scan reference timestamp
[WARN] [1784802399.378375478] [vertical_lidar_mapper]: Vertical scan deskew failed (scan_age=0.517s): no bracketing full-pose samples at scan reference timestamp
[WARN] [1784802401.535399394] [vertical_lidar_mapper]: Vertical scan deskew failed (scan_age=0.676s): no bracketing full-pose samples at scan reference timestamp
[WARN] [1784802403.639171155] [vertical_lidar_mapper]: Vertical scan deskew failed (scan_age=0.583s): no bracketing full-pose samples at scan reference timestamp
[WARN] [1784802407.307449510] [vertical_lidar_mapper]: Large time offset between now() and scan stamp: 2.354s. If using simulation, set use_sim_time=true and confirm /clock is active.
[WARN] [1784802407.307673050] [vertical_lidar_mapper]: Vertical scan deskew failed (scan_age=2.354s): no bracketing full-pose samples at scan reference timestamp
[WARN] [1784802410.125169160] [vertical_lidar_mapper]: Vertical scan deskew failed (scan_age=1.774s): no bracketing full-pose samples at scan reference timestamp
[WARN] [1784802412.817522991] [vertical_lidar_mapper]: Vertical scan deskew failed (scan_age=0.573s): no bracketing full-pose samples at scan reference timestamp
[WARN] [1784802416.391244399] [vertical_lidar_mapper]: Large time offset between now() and scan stamp: 2.546s. If using simulation, set use_sim_time=true and confirm /clock is active.
[WARN] [1784802416.391430475] [vertical_lidar_mapper]: Vertical scan deskew failed (scan_age=2.546s): no bracketing full-pose samples at scan reference timestamp
[WARN] [1784802418.601266074] [vertical_lidar_mapper]: Vertical scan deskew failed (scan_age=0.562s): no bracketing full-pose samples at scan reference timestamp
[WARN] [1784802420.839810446] [vertical_lidar_mapper]: Vertical scan deskew failed (scan_age=1.003s): no bracketing full-pose samples at scan reference timestamp
[WARN] [1784802423.390560815] [vertical_lidar_mapper]: Vertical scan deskew failed (scan_age=0.554s): no bracketing full-pose samples at scan reference timestamp
[WARN] [1784802426.719456612] [vertical_lidar_mapper]: Vertical scan deskew failed (scan_age=0.584s): no bracketing full-pose samples at scan reference timestamp
[WARN] [1784802428.877723314] [vertical_lidar_mapper]: Vertical scan deskew failed (scan_age=0.546s): no bracketing full-pose samples at scan reference timestamp
[WARN] [1784802431.099232300] [vertical_lidar_mapper]: Vertical scan deskew failed (scan_age=0.571s): no bracketing full-pose samples at scan reference timestamp
[WARN] [1784802433.139865901] [vertical_lidar_mapper]: Vertical scan deskew failed (scan_age=0.614s): no bracketing full-pose samples at scan reference timestamp
[WARN] [1784802435.225560921] [vertical_lidar_mapper]: Vertical scan deskew failed (scan_age=0.097s): only 94.0% of valid beams had interpolated poses
[WARN] [1784802437.523378688] [vertical_lidar_mapper]: Vertical scan deskew failed (scan_age=1.104s): no bracketing full-pose samples at scan reference timestamp
[WARN] [1784802440.175113232] [vertical_lidar_mapper]: Vertical scan deskew failed (scan_age=1.954s): no bracketing full-pose samples at scan reference timestamp
[WARN] [1784802442.323005474] [vertical_lidar_mapper]: Vertical scan deskew failed (scan_age=1.304s): no bracketing full-pose samples at scan reference timestamp
[WARN] [1784802444.357622678] [vertical_lidar_mapper]: Vertical scan deskew failed (scan_age=0.145s): only 41.6% of valid beams had interpolated poses
[WARN] [1784802449.531150081] [vertical_lidar_mapper]: Large time offset between now() and scan stamp: 2.717s. If using simulation, set use_sim_time=true and confirm /clock is active.
[WARN] [1784802449.531322417] [vertical_lidar_mapper]: Vertical scan deskew failed (scan_age=2.717s): no bracketing full-pose samples at scan reference timestamp
[WARN] [1784802452.947898049] [vertical_lidar_mapper]: Vertical scan deskew failed (scan_age=0.540s): no bracketing full-pose samples at scan reference timestamp
[WARN] [1784802455.182703004] [vertical_lidar_mapper]: Vertical scan deskew failed (scan_age=0.278s): only 94.7% of valid beams had interpolated poses
[WARN] [1784802457.201907321] [vertical_lidar_mapper]: Vertical scan deskew failed (scan_age=0.101s): only 93.7% of valid beams had interpolated poses
[WARN] [1784802460.467030042] [vertical_lidar_mapper]: Vertical scan deskew failed (scan_age=0.565s): no bracketing full-pose samples at scan reference timestamp
[WARN] [1784802462.499444507] [vertical_lidar_mapper]: Vertical scan deskew failed (scan_age=0.100s): only 94.2% of valid beams had interpolated poses
[WARN] [1784802464.598310822] [vertical_lidar_mapper]: Vertical scan deskew failed (scan_age=0.101s): only 93.8% of valid beams had interpolated poses
[WARN] [1784802465.098945085] [vertical_lidar_mapper]: Dropping vertical scan: floor correction -0.338m exceeds 0.250m. Check MAVROS altitude continuity.
[WARN] [1784802467.417078490] [vertical_lidar_mapper]: Vertical scan deskew failed (scan_age=0.723s): no bracketing full-pose samples at scan reference timestamp
[WARN] [1784802471.327216484] [vertical_lidar_mapper]: Vertical scan deskew failed (scan_age=0.540s): no bracketing full-pose samples at scan reference timestamp
[WARN] [1784802473.460384997] [vertical_lidar_mapper]: Vertical scan deskew failed (scan_age=0.574s): only 8.0% of valid beams had interpolated poses
[WARN] [1784802475.488139950] [vertical_lidar_mapper]: Vertical scan deskew failed (scan_age=0.101s): only 89.6% of valid beams had interpolated poses
[WARN] [1784802478.440954144] [vertical_lidar_mapper]: Vertical scan deskew failed (scan_age=1.555s): no bracketing full-pose samples at scan reference timestamp
[WARN] [1784802480.479972618] [vertical_lidar_mapper]: Vertical scan deskew failed (scan_age=0.099s): only 89.5% of valid beams had interpolated poses
[WARN] [1784802482.482298330] [vertical_lidar_mapper]: Vertical scan deskew failed (scan_age=0.101s): only 89.2% of valid beams had interpolated poses
[WARN] [1784802484.740662908] [vertical_lidar_mapper]: Vertical scan deskew failed (scan_age=0.260s): only 72.0% of valid beams had interpolated poses
[WARN] [1784802486.776993218] [vertical_lidar_mapper]: Vertical scan deskew failed (scan_age=0.100s): only 92.2% of valid beams had interpolated poses
[WARN] [1784802489.923120529] [vertical_lidar_mapper]: Vertical scan deskew failed (scan_age=1.347s): no bracketing full-pose samples at scan reference timestamp
[WARN] [1784802491.949079574] [vertical_lidar_mapper]: Vertical scan deskew failed (scan_age=0.578s): no bracketing full-pose samples at scan reference timestamp
[WARN] [1784802493.971161106] [vertical_lidar_mapper]: Vertical scan deskew failed (scan_age=0.102s): no bracketing full-pose samples at scan reference timestamp
[WARN] [1784802504.573250593] [vertical_lidar_mapper]: Vertical scan deskew failed (scan_age=0.513s): no bracketing full-pose samples at scan reference timestamp
[WARN] [1784802508.232294025] [vertical_lidar_mapper]: Large time offset between now() and scan stamp: 4.072s. If using simulation, set use_sim_time=true and confirm /clock is active.
[WARN] [1784802508.232430249] [vertical_lidar_mapper]: Vertical scan deskew failed (scan_age=4.072s): no bracketing full-pose samples at scan reference timestamp
[WARN] [1784802510.299339821] [vertical_lidar_mapper]: Vertical scan deskew failed (scan_age=2.543s): no bracketing full-pose samples at scan reference timestamp
[WARN] [1784802512.572344966] [vertical_lidar_mapper]: Vertical scan deskew failed (scan_age=0.521s): no bracketing full-pose samples at scan reference timestamp
[WARN] [1784802514.645780687] [vertical_lidar_mapper]: Vertical scan deskew failed (scan_age=0.100s): only 94.3% of valid beams had interpolated poses
[WARN] [1784802516.744585090] [vertical_lidar_mapper]: Vertical scan deskew failed (scan_age=0.100s): only 93.7% of valid beams had interpolated poses
[WARN] [1784802518.843947878] [vertical_lidar_mapper]: Vertical scan deskew failed (scan_age=0.101s): only 93.6% of valid beams had interpolated poses
[WARN] [1784802520.844159966] [vertical_lidar_mapper]: Vertical scan deskew failed (scan_age=0.101s): only 93.7% of valid beams had interpolated poses
[WARN] [1784802522.940010473] [vertical_lidar_mapper]: Vertical scan deskew failed (scan_age=0.098s): only 93.7% of valid beams had interpolated poses
[WARN] [1784802525.038139761] [vertical_lidar_mapper]: Vertical scan deskew failed (scan_age=0.101s): only 94.1% of valid beams had interpolated poses
[WARN] [1784802527.137323905] [vertical_lidar_mapper]: Vertical scan deskew failed (scan_age=0.101s): only 93.7% of valid beams had interpolated poses
[WARN] [1784802529.235448520] [vertical_lidar_mapper]: Vertical scan deskew failed (scan_age=0.100s): only 94.1% of valid beams had interpolated poses
[WARN] [1784802531.240258743] [vertical_lidar_mapper]: Vertical scan deskew failed (scan_age=0.110s): only 41.3% of valid beams had interpolated poses
[WARN] [1784802533.326556562] [vertical_lidar_mapper]: Vertical scan deskew failed (scan_age=0.099s): only 94.8% of valid beams had interpolated poses
[WARN] [1784802535.425836656] [vertical_lidar_mapper]: Vertical scan deskew failed (scan_age=0.101s): only 94.6% of valid beams had interpolated poses
[WARN] [1784802537.428149413] [vertical_lidar_mapper]: Vertical scan deskew failed (scan_age=0.099s): only 94.8% of valid beams had interpolated poses
[WARN] [1784802539.549589276] [vertical_lidar_mapper]: Vertical scan deskew failed (scan_age=0.126s): only 70.2% of valid beams had interpolated poses
[WARN] [1784802541.620887392] [vertical_lidar_mapper]: Vertical scan deskew failed (scan_age=0.101s): only 94.8% of valid beams had interpolated poses
[WARN] [1784802543.719966449] [vertical_lidar_mapper]: Vertical scan deskew failed (scan_age=0.101s): only 94.4% of valid beams had interpolated poses
[WARN] [1784802545.722516322] [vertical_lidar_mapper]: Vertical scan deskew failed (scan_age=0.101s): only 94.8% of valid beams had interpolated poses
[WARN] [1784802547.820895342] [vertical_lidar_mapper]: Vertical scan deskew failed (scan_age=0.101s): only 94.8% of valid beams had interpolated poses
[WARN] [1784802549.991284114] [vertical_lidar_mapper]: Vertical scan deskew failed (scan_age=0.571s): no bracketing full-pose samples at scan reference timestamp
[WARN] [1784802552.161064791] [vertical_lidar_mapper]: Vertical scan deskew failed (scan_age=0.550s): no bracketing full-pose samples at scan reference timestamp
[WARN] [1784802554.217957906] [vertical_lidar_mapper]: Vertical scan deskew failed (scan_age=0.803s): no bracketing full-pose samples at scan reference timestamp
[WARN] [1784802557.181433646] [vertical_lidar_mapper]: Vertical scan deskew failed (scan_age=0.774s): no bracketing full-pose samples at scan reference timestamp
[WARN] [1784802559.233707111] [vertical_lidar_mapper]: Vertical scan deskew failed (scan_age=0.127s): only 68.8% of valid beams had interpolated poses
[WARN] [1784802561.304502211] [vertical_lidar_mapper]: Vertical scan deskew failed (scan_age=0.101s): only 93.4% of valid beams had interpolated poses
[WARN] [1784802563.548871831] [vertical_lidar_mapper]: Vertical scan deskew failed (scan_age=0.742s): no bracketing full-pose samples at scan reference timestamp
[WARN] [1784802565.700225817] [vertical_lidar_mapper]: Vertical scan deskew failed (scan_age=0.100s): only 94.5% of valid beams had interpolated poses
[WARN] [1784802567.895959068] [vertical_lidar_mapper]: Vertical scan deskew failed (scan_age=0.100s): only 94.1% of valid beams had interpolated poses
[WARN] [1784802570.096544952] [vertical_lidar_mapper]: Vertical scan deskew failed (scan_age=0.101s): only 94.5% of valid beams had interpolated poses
[WARN] [1784802572.194247534] [vertical_lidar_mapper]: Vertical scan deskew failed (scan_age=0.101s): only 94.1% of valid beams had interpolated poses
[WARN] [1784802574.292199291] [vertical_lidar_mapper]: Vertical scan deskew failed (scan_age=0.100s): only 94.7% of valid beams had interpolated poses
[WARN] [1784802576.391523795] [vertical_lidar_mapper]: Vertical scan deskew failed (scan_age=0.101s): only 93.9% of valid beams had interpolated poses
[WARN] [1784802578.488740475] [vertical_lidar_mapper]: Vertical scan deskew failed (scan_age=0.100s): no bracketing full-pose samples at scan reference timestamp
[WARN] [1784802580.584988107] [vertical_lidar_mapper]: Vertical scan deskew failed (scan_age=0.100s): no bracketing full-pose samples at scan reference timestamp
[WARN] [1784802582.680939072] [vertical_lidar_mapper]: Vertical scan deskew failed (scan_age=0.101s): no bracketing full-pose samples at scan reference timestamp
[WARN] [1784802584.779109852] [vertical_lidar_mapper]: Vertical scan deskew failed (scan_age=0.100s): no bracketing full-pose samples at scan reference timestamp
[WARN] [1784802591.978118925] [vertical_lidar_mapper]: Large time offset between now() and scan stamp: 5.701s. If using simulation, set use_sim_time=true and confirm /clock is active.
[WARN] [1784802591.978286706] [vertical_lidar_mapper]: Vertical scan deskew failed (scan_age=5.701s): no bracketing full-pose samples at scan reference timestamp
[WARN] [1784802594.073788703] [vertical_lidar_mapper]: Vertical scan deskew failed (scan_age=0.101s): no bracketing full-pose samples at scan reference timestamp
[WARN] [1784802596.073999898] [vertical_lidar_mapper]: Vertical scan deskew failed (scan_age=0.101s): no bracketing full-pose samples at scan reference timestamp
[WARN] [1784802598.172279166] [vertical_lidar_mapper]: Vertical scan deskew failed (scan_age=0.099s): no bracketing full-pose samples at scan reference timestamp
[WARN] [1784802602.892572527] [vertical_lidar_mapper]: Large time offset between now() and scan stamp: 4.720s. If using simulation, set use_sim_time=true and confirm /clock is active.
[WARN] [1784802602.892772660] [vertical_lidar_mapper]: Vertical scan deskew failed (scan_age=4.720s): no bracketing full-pose samples at scan reference timestamp
[WARN] [1784802609.620736589] [vertical_lidar_mapper]: Large time offset between now() and scan stamp: 6.654s. If using simulation, set use_sim_time=true and confirm /clock is active.
[WARN] [1784802609.620896147] [vertical_lidar_mapper]: Vertical scan deskew failed (scan_age=6.654s): no bracketing full-pose samples at scan reference timestamp
[WARN] [1784802615.009748144] [vertical_lidar_mapper]: Large time offset between now() and scan stamp: 5.350s. If using simulation, set use_sim_time=true and confirm /clock is active.
[WARN] [1784802615.009898739] [vertical_lidar_mapper]: Vertical scan deskew failed (scan_age=5.350s): no bracketing full-pose samples at scan reference timestamp
[WARN] [1784802617.051408828] [vertical_lidar_mapper]: Vertical scan deskew failed (scan_age=0.100s): no bracketing full-pose samples at scan reference timestamp
[WARN] [1784802623.467749531] [vertical_lidar_mapper]: Large time offset between now() and scan stamp: 5.417s. If using simulation, set use_sim_time=true and confirm /clock is active.
[WARN] [1784802623.467918274] [vertical_lidar_mapper]: Vertical scan deskew failed (scan_age=5.417s): no bracketing full-pose samples at scan reference timestamp
[WARN] [1784802629.089349643] [vertical_lidar_mapper]: Large time offset between now() and scan stamp: 5.541s. If using simulation, set use_sim_time=true and confirm /clock is active.
[WARN] [1784802629.089505719] [vertical_lidar_mapper]: Vertical scan deskew failed (scan_age=5.541s): no bracketing full-pose samples at scan reference timestamp
[WARN] [1784802635.122912175] [vertical_lidar_mapper]: Large time offset between now() and scan stamp: 5.983s. If using simulation, set use_sim_time=true and confirm /clock is active.
[WARN] [1784802635.123050529] [vertical_lidar_mapper]: Vertical scan deskew failed (scan_age=5.983s): no bracketing full-pose samples at scan reference timestamp
[WARN] [1784802637.134420040] [vertical_lidar_mapper]: Vertical scan deskew failed (scan_age=0.100s): no bracketing full-pose samples at scan reference timestamp
[WARN] [1784802639.233483989] [vertical_lidar_mapper]: Vertical scan deskew failed (scan_age=0.101s): no bracketing full-pose samples at scan reference timestamp
[WARN] [1784802641.331761058] [vertical_lidar_mapper]: Vertical scan deskew failed (scan_age=0.098s): no bracketing full-pose samples at scan reference timestamp
[WARN] [1784802643.424846588] [vertical_lidar_mapper]: Vertical scan deskew failed (scan_age=0.100s): no bracketing full-pose samples at scan reference timestamp
[WARN] [1784802645.425973084] [vertical_lidar_mapper]: Vertical scan deskew failed (scan_age=0.101s): no bracketing full-pose samples at scan reference timestamp
[WARN] [1784802647.426043400] [vertical_lidar_mapper]: Vertical scan deskew failed (scan_age=0.100s): no bracketing full-pose samples at scan reference timestamp
[WARN] [1784802649.522238983] [vertical_lidar_mapper]: Vertical scan deskew failed (scan_age=0.100s): no bracketing full-pose samples at scan reference timestamp
[INFO] [1784802651.373943434] [vertical_lidar_mapper]: Saved PCD: /home/pi5drone/drone_ros_ws/maps/vertical_3d/lidar2_vertical_global_map_1784802651_372494135.pcd | trajectory: /home/pi5drone/drone_ros_ws/maps/vertical_3d/lidar2_vertical_trajectory_1784802651_372494135.csv
[WARN] [1784802651.619147932] [vertical_lidar_mapper]: Vertical scan deskew failed (scan_age=0.101s): no bracketing full-pose samples at scan reference timestamp
[INFO] [1784802651.640720184] [rclcpp]: signal_handler(SIGINT/SIGTERM)
