[2026-08-02T20:57:21+0700] Independent RF2O/PX4 odometry startup
[2026-08-02T20:57:21+0700] Workspace=/home/pi5drone/drone_ros_ws; LiDAR=/dev/ttyUSB0; use_sim_time=false
[2026-08-02T20:57:21+0700] This launcher will not manage MAVROS, the flight controller, camera, or AprilTag nodes
[2026-08-02T20:57:25+0700] Waiting for existing MAVROS connection; elapsed=3s deadline=60s
[1;32m[2026-08-02T20:57:29+0700] STARTED existing MAVROS connected; vehicle disarmed[0m
[1;32m[2026-08-02T20:57:34+0700] STARTED rplidar pid=4397[0m
[2026-08-02T20:57:35+0700] Waiting for /scan; elapsed=1s deadline=60s
[1;32m[2026-08-02T20:57:40+0700] STARTED message stream /scan[0m
[1;32m[2026-08-02T20:57:41+0700] STARTED odom_flatten pid=4546[0m
[1;32m[2026-08-02T20:57:41+0700] STARTED static_lidar_tf pid=4548[0m
[2026-08-02T20:57:43+0700] Waiting for TF odom -> base_footprint; elapsed=2s deadline=60s
[1;32m[2026-08-02T20:57:46+0700] STARTED TF odom -> base_footprint[0m
[2026-08-02T20:57:48+0700] Waiting for TF base_footprint -> laser_frame; elapsed=2s deadline=60s
[2026-08-02T20:57:52+0700] Waiting for TF base_footprint -> laser_frame; elapsed=6s deadline=60s
[1;32m[2026-08-02T20:57:55+0700] STARTED TF base_footprint -> laser_frame[0m
[1;32m[2026-08-02T20:57:55+0700] STARTED scan_audit pid=4901[0m
[2026-08-02T20:57:58+0700] Waiting for /scan_stream_audit/diagnostics classification_ready=true; elapsed=3s deadline=30s
[1;32m[2026-08-02T20:58:02+0700] STARTED diagnostic /scan_stream_audit/diagnostics classification_ready=true[0m
[1;32m[2026-08-02T20:58:02+0700] STARTED canonicalizer pid=5162[0m
waiting for /scan_rf2o: 0/5
[1;32m[2026-08-02T20:58:13+0700] STARTED diagnostic /scan_rf2o/diagnostics timestamp_monotonic=true[0m
[1;32m[2026-08-02T20:58:13+0700] STARTED five coherent canonical scans[0m
[1;32m[2026-08-02T20:58:13+0700] STARTED lidar_odom_monitor pid=5437[0m
[1;32m[2026-08-02T20:58:14+0700] STARTED rf2o pid=5482[0m
waiting for /lidar/odom_raw: 0/5
[1;32m[2026-08-02T20:58:19+0700] STARTED RF2O raw odometry /lidar/odom_raw[0m
waiting for /lidar/odom: 0/5
[1;32m[2026-08-02T20:58:22+0700] STARTED health-gated LiDAR odometry /lidar/odom[0m
[1;32m[2026-08-02T20:58:22+0700] STARTED lidar_odom_px4_bridge pid=5692[0m
[2026-08-02T20:58:25+0700] Waiting for /lidar_odom_px4_bridge/diagnostics; elapsed=3s deadline=15s
[2026-08-02T20:58:28+0700] Waiting for /lidar_odom_px4_bridge/diagnostics; elapsed=6s deadline=15s
[2026-08-02T20:58:32+0700] Waiting for /lidar_odom_px4_bridge/diagnostics; elapsed=10s deadline=15s
[1;31m[2026-08-02T20:58:38+0700] ERROR no message on /lidar_odom_px4_bridge/diagnostics after 15s[0m
[WARN] [1785679103.983702339] [lidar_odom_px4_bridge]: Bridge state: waiting_for_inputs
[INFO] [1785679103.983957858] [lidar_odom_px4_bridge]: LiDAR external odometry bridge: /lidar/odom -> /mavros/odometry/out (odom -> base_link)
[INFO] [1785679103.983988080] [lidar_odom_px4_bridge]: Covariance: xy_stddev=0.300 m yaw_stddev=0.200 rad unused_variance=1000000.0
[WARN] [1785679104.083712561] [lidar_odom_px4_bridge]: Bridge state: mavros_disconnected
[INFO] [1785679106.083757060] [lidar_odom_px4_bridge]: Alignment complete while disarmed: x=-0.0217 y=-0.0406 yaw=-163.284 deg
[WARN] [1785679106.084125486] [lidar_odom_px4_bridge]: Bridge state: none
[2026-08-02T20:58:38+0700] Shutdown reason: normal exit; launcher_exit=12
[2026-08-02T20:58:38+0700] Stopping launcher-owned process group: lidar_odom_px4_bridge pgid=5692
[2026-08-02T20:58:38+0700] Stopping launcher-owned process group: rf2o pgid=5482
[2026-08-02T20:58:38+0700] Stopping launcher-owned process group: lidar_odom_monitor pgid=5437
[2026-08-02T20:58:38+0700] Stopping launcher-owned process group: canonicalizer pgid=5162
[2026-08-02T20:58:38+0700] Stopping launcher-owned process group: scan_audit pgid=4901
[2026-08-02T20:58:38+0700] Stopping launcher-owned process group: static_lidar_tf pgid=4548
[2026-08-02T20:58:38+0700] Stopping launcher-owned process group: odom_flatten pgid=4546
[2026-08-02T20:58:38+0700] Stopping launcher-owned process group: rplidar pgid=4397
[1;33m[2026-08-02T20:58:43+0700] WARNING forcing stopped process group: rplidar pgid=4397[0m
[2026-08-02T20:58:43+0700] MAVROS, flight controller, camera, and AprilTag processes were not stopped
