[2026-07-26T17:18:23+0700] Independent RF2O/PX4 odometry startup
[2026-07-26T17:18:23+0700] Workspace=/home/pi5drone/drone_ros_ws; LiDAR=/dev/ttyUSB0; use_sim_time=false
[2026-07-26T17:18:23+0700] This launcher will not manage MAVROS, the flight controller, camera, or AprilTag nodes
[1;32m[2026-07-26T17:18:26+0700] STARTED existing MAVROS connected; vehicle disarmed[0m
[1;32m[2026-07-26T17:18:31+0700] STARTED rplidar pid=11160[0m
[2026-07-26T17:18:32+0700] Waiting for /scan; elapsed=1s deadline=60s
[2026-07-26T17:18:37+0700] Waiting for /scan; elapsed=6s deadline=60s
[1;32m[2026-07-26T17:18:40+0700] STARTED message stream /scan[0m
[1;32m[2026-07-26T17:18:41+0700] STARTED odom_flatten pid=11425[0m
[1;32m[2026-07-26T17:18:41+0700] STARTED static_lidar_tf pid=11427[0m
[2026-07-26T17:18:43+0700] Waiting for TF odom -> base_footprint; elapsed=2s deadline=60s
[1;32m[2026-07-26T17:18:46+0700] STARTED TF odom -> base_footprint[0m
[1;32m[2026-07-26T17:18:48+0700] STARTED TF base_footprint -> laser_frame[0m
[1;32m[2026-07-26T17:18:48+0700] STARTED scan_audit pid=11627[0m
[2026-07-26T17:18:50+0700] Waiting for /scan_stream_audit/diagnostics classification_ready=true; elapsed=2s deadline=30s
[1;32m[2026-07-26T17:18:53+0700] STARTED diagnostic /scan_stream_audit/diagnostics classification_ready=true[0m
[1;32m[2026-07-26T17:18:53+0700] STARTED canonicalizer pid=11754[0m
waiting for /scan_rf2o: 0/5
waiting for /scan_rf2o: 0/5
[1;32m[2026-07-26T17:19:04+0700] STARTED diagnostic /scan_rf2o/diagnostics timestamp_monotonic=true[0m
[1;32m[2026-07-26T17:19:04+0700] STARTED five coherent canonical scans[0m
[1;32m[2026-07-26T17:19:04+0700] STARTED lidar_odom_monitor pid=11950[0m
[1;32m[2026-07-26T17:19:05+0700] STARTED rf2o pid=11983[0m
waiting for /lidar/odom_raw: 0/5
[1;32m[2026-07-26T17:19:09+0700] STARTED RF2O raw odometry /lidar/odom_raw[0m
waiting for /lidar/odom: 0/5
[1;32m[2026-07-26T17:19:13+0700] STARTED health-gated LiDAR odometry /lidar/odom[0m
[1;32m[2026-07-26T17:19:13+0700] STARTED lidar_odom_px4_bridge pid=12155[0m
[2026-07-26T17:19:15+0700] Waiting for /lidar_odom_px4_bridge/diagnostics; elapsed=2s deadline=15s
[2026-07-26T17:19:19+0700] Waiting for /lidar_odom_px4_bridge/diagnostics; elapsed=6s deadline=15s
[1;32m[2026-07-26T17:19:21+0700] STARTED message stream /lidar_odom_px4_bridge/diagnostics[0m
[2026-07-26T17:19:24+0700] Waiting for /mavros/odometry/out; elapsed=3s deadline=60s
[2026-07-26T17:19:27+0700] Waiting for /mavros/odometry/out; elapsed=6s deadline=60s
[1;32m[2026-07-26T17:19:33+0700] STARTED message stream /mavros/odometry/out[0m
[1;32m[2026-07-26T17:19:34+0700] STARTED RF2O feed to PX4 via /mavros/odometry/out[0m

[1;32m######################################################################
#                                                                    #
#                         ALL SYSTEM READY                           #
#                                                                    #
#             RF2O odometry is feeding PX4 through MAVROS            #
#                                                                    #
######################################################################
[0m
[2026-07-26T17:19:46+0700] ROS/MAVROS feed is ready; verify EKF2 external-vision aid flags before flight
[2026-07-26T17:19:46+0700] No PX4 parameter, arm, mode, or movement command was sent
[2026-07-26T17:19:46+0700] Runtime logs: /home/pi5drone/drone_ros_ws/runtime_logs/rf2o_px4_20260726_171823
[2026-07-26T17:50:51+0700] Shutdown reason: received signal INT; launcher_exit=130
[2026-07-26T17:50:51+0700] Stopping launcher-owned process group: lidar_odom_px4_bridge pgid=12155
[2026-07-26T17:50:51+0700] Stopping launcher-owned process group: rf2o pgid=11983
[2026-07-26T17:50:51+0700] Stopping launcher-owned process group: lidar_odom_monitor pgid=11950
[2026-07-26T17:50:51+0700] Stopping launcher-owned process group: canonicalizer pgid=11754
[2026-07-26T17:50:52+0700] Stopping launcher-owned process group: scan_audit pgid=11627
[2026-07-26T17:50:52+0700] Stopping launcher-owned process group: static_lidar_tf pgid=11427
[2026-07-26T17:50:52+0700] Stopping launcher-owned process group: odom_flatten pgid=11425
[2026-07-26T17:50:52+0700] Stopping launcher-owned process group: rplidar pgid=11160
[2026-07-26T17:50:53+0700] MAVROS, flight controller, camera, and AprilTag processes were not stopped
