[2026-08-02T21:01:49+0700] Independent RF2O/PX4 odometry startup
[2026-08-02T21:01:49+0700] Workspace=/home/pi5drone/drone_ros_ws; LiDAR=/dev/ttyUSB0; use_sim_time=false
[2026-08-02T21:01:49+0700] This launcher will not manage MAVROS, the flight controller, camera, or AprilTag nodes
[1;32m[2026-08-02T21:01:52+0700] STARTED existing MAVROS connected; vehicle disarmed[0m
[1;32m[2026-08-02T21:01:57+0700] STARTED rplidar pid=11801[0m
[2026-08-02T21:01:58+0700] Waiting for /scan; elapsed=1s deadline=60s
[2026-08-02T21:02:03+0700] Waiting for /scan; elapsed=6s deadline=60s
[1;32m[2026-08-02T21:02:09+0700] STARTED message stream /scan[0m
[1;32m[2026-08-02T21:02:10+0700] STARTED odom_flatten pid=12052[0m
[1;32m[2026-08-02T21:02:10+0700] STARTED static_lidar_tf pid=12054[0m
[1;32m[2026-08-02T21:02:12+0700] STARTED TF odom -> base_footprint[0m
[2026-08-02T21:02:15+0700] Waiting for TF base_footprint -> laser_frame; elapsed=3s deadline=60s
[2026-08-02T21:02:18+0700] Waiting for TF base_footprint -> laser_frame; elapsed=6s deadline=60s
[1;32m[2026-08-02T21:02:24+0700] STARTED TF base_footprint -> laser_frame[0m
[1;32m[2026-08-02T21:02:24+0700] STARTED scan_audit pid=12383[0m
[2026-08-02T21:02:27+0700] Waiting for /scan_stream_audit/diagnostics classification_ready=true; elapsed=3s deadline=30s
[2026-08-02T21:02:31+0700] Waiting for /scan_stream_audit/diagnostics classification_ready=true; elapsed=7s deadline=30s
[1;32m[2026-08-02T21:02:35+0700] STARTED diagnostic /scan_stream_audit/diagnostics classification_ready=true[0m
[1;32m[2026-08-02T21:02:35+0700] STARTED canonicalizer pid=12610[0m
waiting for /scan_rf2o: 0/5
[1;32m[2026-08-02T21:02:44+0700] STARTED diagnostic /scan_rf2o/diagnostics timestamp_monotonic=true[0m
[1;32m[2026-08-02T21:02:44+0700] STARTED five coherent canonical scans[0m
[1;32m[2026-08-02T21:02:44+0700] STARTED lidar_odom_monitor pid=12779[0m
[1;32m[2026-08-02T21:02:45+0700] STARTED rf2o pid=12812[0m
waiting for /lidar/odom_raw: 0/5
[1;32m[2026-08-02T21:02:48+0700] STARTED RF2O raw odometry /lidar/odom_raw[0m
waiting for /lidar/odom: 0/5
[1;32m[2026-08-02T21:02:53+0700] STARTED health-gated LiDAR odometry /lidar/odom[0m
[1;32m[2026-08-02T21:02:53+0700] STARTED lidar_odom_px4_bridge pid=12972[0m
[1;32m[2026-08-02T21:02:55+0700] STARTED message stream /lidar_odom_px4_bridge/diagnostics[0m
[2026-08-02T21:02:57+0700] Waiting for /mavros/odometry/out; elapsed=2s deadline=60s
[2026-08-02T21:03:00+0700] Waiting for /mavros/odometry/out; elapsed=5s deadline=60s
[1;32m[2026-08-02T21:03:06+0700] STARTED message stream /mavros/odometry/out[0m
[1;32m[2026-08-02T21:03:07+0700] STARTED RF2O feed to PX4 via /mavros/odometry/out[0m

[1;32m######################################################################
#                                                                    #
#                         ALL SYSTEM READY                           #
#                                                                    #
#             RF2O odometry is feeding PX4 through MAVROS            #
#                                                                    #
######################################################################
[0m
[2026-08-02T21:03:15+0700] ROS/MAVROS feed is ready; verify EKF2 external-vision aid flags before flight
[2026-08-02T21:03:15+0700] No PX4 parameter, arm, mode, or movement command was sent
[2026-08-02T21:03:15+0700] Runtime logs: /home/pi5drone/drone_ros_ws/runtime_logs/rf2o_px4_20260802_210148
[2026-08-02T21:29:36+0700] Shutdown reason: received signal INT; launcher_exit=130
[2026-08-02T21:29:36+0700] Stopping launcher-owned process group: lidar_odom_px4_bridge pgid=12972
[2026-08-02T21:29:36+0700] Stopping launcher-owned process group: rf2o pgid=12812
[2026-08-02T21:29:36+0700] Stopping launcher-owned process group: lidar_odom_monitor pgid=12779
[2026-08-02T21:29:36+0700] Stopping launcher-owned process group: canonicalizer pgid=12610
[2026-08-02T21:29:36+0700] Stopping launcher-owned process group: scan_audit pgid=12383
[2026-08-02T21:29:36+0700] Stopping launcher-owned process group: static_lidar_tf pgid=12054
[2026-08-02T21:29:36+0700] Stopping launcher-owned process group: odom_flatten pgid=12052
[2026-08-02T21:29:36+0700] Stopping launcher-owned process group: rplidar pgid=11801
[2026-08-02T21:29:37+0700] MAVROS, flight controller, camera, and AprilTag processes were not stopped
