[WARN] [1785677727.292427478] [lidar_odom_monitor]: RF2O monitor state: WAITING_FOR_SCAN
[INFO] [1785677727.292710886] [lidar_odom_monitor]: Monitoring coherent scan /scan_rf2o and RF2O /lidar/odom_raw -> /lidar/odom
[WARN] [1785677729.292562773] [lidar_odom_monitor]: RF2O monitor state: LOW_ANGULAR_COVERAGE
[WARN] [1785677730.293009125] [lidar_odom_monitor]: RF2O monitor state: WAITING_FOR_ODOM
[INFO] [1785677732.293071216] [lidar_odom_monitor]: RF2O monitor state: OK
[WARN] [1785677935.294467336] [lidar_odom_monitor]: RF2O monitor state: LOW_ANGULAR_COVERAGE
[INFO] [1785677936.295443039] [lidar_odom_monitor]: RF2O monitor state: OK
[WARN] [1785678058.292543985] [lidar_odom_monitor]: RF2O monitor state: TRANSLATION_JUMP
[WARN] [1785678148.293018227] [lidar_odom_monitor]: RF2O monitor state: LOW_ANGULAR_COVERAGE
[WARN] [1785678149.292568856] [lidar_odom_monitor]: RF2O monitor state: TRANSLATION_JUMP
[WARN] [1785678186.292529408] [lidar_odom_monitor]: RF2O monitor state: LOW_ANGULAR_COVERAGE
[WARN] [1785678187.292549426] [lidar_odom_monitor]: RF2O monitor state: TRANSLATION_JUMP
[WARN] [1785678208.292560914] [lidar_odom_monitor]: RF2O monitor state: LOW_ANGULAR_COVERAGE
[WARN] [1785678209.293068913] [lidar_odom_monitor]: RF2O monitor state: TRANSLATION_JUMP
[WARN] [1785678270.292553451] [lidar_odom_monitor]: RF2O monitor state: LOW_ANGULAR_COVERAGE
[WARN] [1785678271.292575876] [lidar_odom_monitor]: RF2O monitor state: TRANSLATION_JUMP
[WARN] [1785678279.292544872] [lidar_odom_monitor]: RF2O monitor state: LOW_ANGULAR_COVERAGE
[WARN] [1785678280.292556408] [lidar_odom_monitor]: RF2O monitor state: TRANSLATION_JUMP
[WARN] [1785678282.292555055] [lidar_odom_monitor]: RF2O monitor state: LOW_ANGULAR_COVERAGE
[WARN] [1785678283.292746017] [lidar_odom_monitor]: RF2O monitor state: TRANSLATION_JUMP
[WARN] [1785678309.292557872] [lidar_odom_monitor]: RF2O monitor state: LOW_ANGULAR_COVERAGE
[WARN] [1785678310.292446668] [lidar_odom_monitor]: RF2O monitor state: TRANSLATION_JUMP
[WARN] [1785678405.292552408] [lidar_odom_monitor]: RF2O monitor state: EXCESSIVE_ROLL
[WARN] [1785678406.292559703] [lidar_odom_monitor]: RF2O monitor state: TRANSLATION_JUMP
[WARN] [1785678418.293013474] [lidar_odom_monitor]: RF2O monitor state: EXCESSIVE_PITCH
[WARN] [1785678426.292563062] [lidar_odom_monitor]: RF2O monitor state: TRANSLATION_JUMP
[WARN] [1785678428.292548746] [lidar_odom_monitor]: RF2O monitor state: EXCESSIVE_PITCH
[WARN] [1785678436.292558389] [lidar_odom_monitor]: RF2O monitor state: TRANSLATION_JUMP
[WARN] [1785678438.292548314] [lidar_odom_monitor]: RF2O monitor state: EXCESSIVE_PITCH
[WARN] [1785678439.292552221] [lidar_odom_monitor]: RF2O monitor state: TRANSLATION_JUMP
[WARN] [1785678708.292674449] [lidar_odom_monitor]: RF2O monitor state: LOW_ANGULAR_COVERAGE
[WARN] [1785678709.298364615] [lidar_odom_monitor]: RF2O monitor state: TRANSLATION_JUMP
