[2026-08-02T20:34:30+0700] Independent RF2O/PX4 odometry startup
[2026-08-02T20:34:30+0700] Workspace=/home/pi5drone/drone_ros_ws; LiDAR=/dev/ttyUSB0; use_sim_time=false
[2026-08-02T20:34:30+0700] This launcher will not manage MAVROS, the flight controller, camera, or AprilTag nodes
[2026-08-02T20:34:35+0700] Waiting for existing MAVROS connection; elapsed=4s deadline=60s
[2026-08-02T20:34:37+0700] Waiting for existing MAVROS connection; elapsed=6s deadline=60s
[1;32m[2026-08-02T20:34:41+0700] STARTED existing MAVROS connected; vehicle disarmed[0m
[1;32m[2026-08-02T20:34:47+0700] STARTED rplidar pid=6939[0m
[2026-08-02T20:34:48+0700] Waiting for /scan; elapsed=1s deadline=60s
[2026-08-02T20:34:53+0700] Waiting for /scan; elapsed=6s deadline=60s
[2026-08-02T20:34:59+0700] Waiting for /scan; elapsed=12s deadline=60s
[1;32m[2026-08-02T20:35:02+0700] STARTED message stream /scan[0m
[1;32m[2026-08-02T20:35:03+0700] STARTED odom_flatten pid=7277[0m
[1;32m[2026-08-02T20:35:03+0700] STARTED static_lidar_tf pid=7279[0m
[1;32m[2026-08-02T20:35:05+0700] STARTED TF odom -> base_footprint[0m
[1;32m[2026-08-02T20:35:07+0700] STARTED TF base_footprint -> laser_frame[0m
[1;32m[2026-08-02T20:35:07+0700] STARTED scan_audit pid=7417[0m
[2026-08-02T20:35:11+0700] Waiting for /scan_stream_audit/diagnostics classification_ready=true; elapsed=3s deadline=30s
[2026-08-02T20:35:15+0700] Waiting for /scan_stream_audit/diagnostics classification_ready=true; elapsed=7s deadline=30s
[1;32m[2026-08-02T20:35:18+0700] STARTED diagnostic /scan_stream_audit/diagnostics classification_ready=true[0m
[1;32m[2026-08-02T20:35:18+0700] STARTED canonicalizer pid=7631[0m
waiting for /scan_rf2o: 0/5
[1;32m[2026-08-02T20:35:26+0700] STARTED diagnostic /scan_rf2o/diagnostics timestamp_monotonic=true[0m
[1;32m[2026-08-02T20:35:26+0700] STARTED five coherent canonical scans[0m
[1;32m[2026-08-02T20:35:26+0700] STARTED lidar_odom_monitor pid=7800[0m
[1;32m[2026-08-02T20:35:27+0700] STARTED rf2o pid=7836[0m
waiting for /lidar/odom_raw: 0/5
[1;32m[2026-08-02T20:35:31+0700] STARTED RF2O raw odometry /lidar/odom_raw[0m
waiting for /lidar/odom: 1/5
[1;32m[2026-08-02T20:35:34+0700] STARTED health-gated LiDAR odometry /lidar/odom[0m
[1;32m[2026-08-02T20:35:34+0700] STARTED lidar_odom_px4_bridge pid=7983[0m
[2026-08-02T20:35:37+0700] Waiting for /lidar_odom_px4_bridge/diagnostics; elapsed=3s deadline=15s
[1;32m[2026-08-02T20:35:39+0700] STARTED message stream /lidar_odom_px4_bridge/diagnostics[0m
[2026-08-02T20:35:42+0700] Waiting for /mavros/odometry/out; elapsed=3s deadline=60s
[2026-08-02T20:35:45+0700] Waiting for /mavros/odometry/out; elapsed=6s deadline=60s
[2026-08-02T20:35:51+0700] Waiting for /mavros/odometry/out; elapsed=12s deadline=60s
[1;32m[2026-08-02T20:35:54+0700] STARTED message stream /mavros/odometry/out[0m
[1;32m[2026-08-02T20:35:55+0700] STARTED RF2O feed to PX4 via /mavros/odometry/out[0m

[1;32m######################################################################
#                                                                    #
#                         ALL SYSTEM READY                           #
#                                                                    #
#             RF2O odometry is feeding PX4 through MAVROS            #
#                                                                    #
######################################################################
[0m
[2026-08-02T20:36:05+0700] ROS/MAVROS feed is ready; verify EKF2 external-vision aid flags before flight
[2026-08-02T20:36:05+0700] No PX4 parameter, arm, mode, or movement command was sent
[2026-08-02T20:36:05+0700] Runtime logs: /home/pi5drone/drone_ros_ws/runtime_logs/rf2o_px4_20260802_203430
