[2026-07-24T22:41:05+0700] Independent RF2O/PX4 odometry startup
[2026-07-24T22:41:05+0700] Workspace=/home/pi5drone/drone_ros_ws; LiDAR=/dev/ttyUSB0; use_sim_time=false
[2026-07-24T22:41:05+0700] This launcher will not manage MAVROS, the flight controller, camera, or AprilTag nodes
[1;32m[2026-07-24T22:41:08+0700] STARTED existing MAVROS connected; vehicle disarmed[0m
[1;32m[2026-07-24T22:41:13+0700] STARTED rplidar pid=10363[0m
[2026-07-24T22:41:14+0700] Waiting for /scan; elapsed=1s deadline=60s
[2026-07-24T22:41:19+0700] Waiting for /scan; elapsed=6s deadline=60s
[2026-07-24T22:41:26+0700] Waiting for /scan; elapsed=13s deadline=60s
[2026-07-24T22:41:29+0700] Waiting for /scan; elapsed=16s deadline=60s
[2026-07-24T22:41:35+0700] Waiting for /scan; elapsed=22s deadline=60s
[2026-07-24T22:41:39+0700] Waiting for /scan; elapsed=26s deadline=60s
[1;32m[2026-07-24T22:41:41+0700] STARTED message stream /scan[0m
[1;32m[2026-07-24T22:41:42+0700] STARTED odom_flatten pid=10989[0m
[1;32m[2026-07-24T22:41:42+0700] STARTED static_lidar_tf pid=10991[0m
[2026-07-24T22:41:44+0700] Waiting for TF odom -> base_footprint; elapsed=2s deadline=60s
[1;32m[2026-07-24T22:41:48+0700] STARTED TF odom -> base_footprint[0m
[1;32m[2026-07-24T22:41:50+0700] STARTED TF base_footprint -> laser_frame[0m
[1;32m[2026-07-24T22:41:50+0700] STARTED scan_audit pid=11191[0m
[2026-07-24T22:41:53+0700] Waiting for /scan_stream_audit/diagnostics classification_ready=true; elapsed=3s deadline=30s
[1;32m[2026-07-24T22:41:56+0700] STARTED diagnostic /scan_stream_audit/diagnostics classification_ready=true[0m
[1;32m[2026-07-24T22:41:56+0700] STARTED canonicalizer pid=11331[0m
waiting for /scan_rf2o: 0/5
[1;32m[2026-07-24T22:42:03+0700] STARTED diagnostic /scan_rf2o/diagnostics timestamp_monotonic=true[0m
[1;32m[2026-07-24T22:42:03+0700] STARTED five coherent canonical scans[0m
[1;32m[2026-07-24T22:42:03+0700] STARTED lidar_odom_monitor pid=11487[0m
[1;32m[2026-07-24T22:42:04+0700] STARTED rf2o pid=11520[0m
waiting for /lidar/odom_raw: 0/5
[1;32m[2026-07-24T22:42:09+0700] STARTED RF2O raw odometry /lidar/odom_raw[0m
waiting for /lidar/odom: 0/5
[1;32m[2026-07-24T22:42:12+0700] STARTED health-gated LiDAR odometry /lidar/odom[0m
[1;32m[2026-07-24T22:42:12+0700] STARTED lidar_odom_px4_bridge pid=11679[0m
[2026-07-24T22:42:13+0700] Waiting for /lidar_odom_px4_bridge/diagnostics; elapsed=1s deadline=15s
[1;32m[2026-07-24T22:42:17+0700] STARTED message stream /lidar_odom_px4_bridge/diagnostics[0m
[2026-07-24T22:42:20+0700] Waiting for /mavros/odometry/out; elapsed=3s deadline=60s
[1;32m[2026-07-24T22:42:23+0700] STARTED message stream /mavros/odometry/out[0m
[1;32m[2026-07-24T22:42:23+0700] STARTED RF2O feed to PX4 via /mavros/odometry/out[0m

[1;32m######################################################################
#                                                                    #
#                         ALL SYSTEM READY                           #
#                                                                    #
#             RF2O odometry is feeding PX4 through MAVROS            #
#                                                                    #
######################################################################
[0m
[2026-07-24T22:42:34+0700] ROS/MAVROS feed is ready; verify EKF2 external-vision aid flags before flight
[2026-07-24T22:42:34+0700] No PX4 parameter, arm, mode, or movement command was sent
[2026-07-24T22:42:34+0700] Runtime logs: /home/pi5drone/drone_ros_ws/runtime_logs/rf2o_px4_20260724_224104
[2026-07-24T23:14:23+0700] Shutdown reason: received signal INT; launcher_exit=130
[2026-07-24T23:14:23+0700] Stopping launcher-owned process group: lidar_odom_px4_bridge pgid=11679
[2026-07-24T23:14:23+0700] Stopping launcher-owned process group: rf2o pgid=11520
[2026-07-24T23:14:23+0700] Stopping launcher-owned process group: lidar_odom_monitor pgid=11487
[2026-07-24T23:14:23+0700] Stopping launcher-owned process group: canonicalizer pgid=11331
[2026-07-24T23:14:23+0700] Stopping launcher-owned process group: scan_audit pgid=11191
[2026-07-24T23:14:23+0700] Stopping launcher-owned process group: static_lidar_tf pgid=10991
[2026-07-24T23:14:23+0700] Stopping launcher-owned process group: odom_flatten pgid=10989
[2026-07-24T23:14:23+0700] Stopping launcher-owned process group: rplidar pgid=10363
[2026-07-24T23:14:24+0700] MAVROS, flight controller, camera, and AprilTag processes were not stopped
