[2026-07-26T20:36:54+0700] Real lidar2 3D mapping startup
[2026-07-26T20:36:54+0700] Workspace=/home/pi5drone/drone_ros_ws; lidar2=/dev/ttyUSB1@460800; target_frame=odom
[2026-07-26T20:36:54+0700] This launcher will not manage lidar1, RF2O, 2D SLAM, MAVROS, or flight control
[2026-07-26T20:36:57+0700] Waiting for /mavros/local_position/odom; elapsed=3s deadline=90s
[2026-07-26T20:37:01+0700] Waiting for /mavros/local_position/odom; elapsed=7s deadline=90s
[1;32m[2026-07-26T20:37:04+0700] STARTED message stream /mavros/local_position/odom[0m
[2026-07-26T20:37:07+0700] Waiting for TF odom -> base_footprint; elapsed=3s deadline=90s
[1;32m[2026-07-26T20:37:12+0700] STARTED TF odom -> base_footprint[0m
[1;33m[2026-07-26T20:37:12+0700] WARNING REQUIRE_2D_MAP=0; mapper will use TARGET_FRAME=odom[0m
[1;32m[2026-07-26T20:37:12+0700] STARTED sllidar2 pgid=30783[0m
[2026-07-26T20:37:16+0700] Waiting for /scan_vertical; elapsed=4s deadline=60s
[2026-07-26T20:37:20+0700] Waiting for /scan_vertical; elapsed=8s deadline=60s
[1;32m[2026-07-26T20:37:23+0700] STARTED message stream /scan_vertical[0m
[1;32m[2026-07-26T20:37:28+0700] STARTED lidar2_static_tf pgid=31087[0m
[1;32m[2026-07-26T20:37:31+0700] STARTED TF base_footprint -> lidar_vert_link[0m
[1;32m[2026-07-26T20:37:34+0700] STARTED verified lidar2 TF: translation=[0.000, 0.000, 0.700] RPY=[1.571, 0.000, -1.571][0m
[2026-07-26T20:37:38+0700] Waiting for TF odom -> lidar_vert_link; elapsed=4s deadline=90s
[2026-07-26T20:37:42+0700] Waiting for TF odom -> lidar_vert_link; elapsed=8s deadline=90s
[1;32m[2026-07-26T20:37:46+0700] STARTED TF odom -> lidar_vert_link[0m
[1;32m[2026-07-26T20:37:51+0700] STARTED vertical_lidar_mapper pgid=31595[0m
[1;32m[2026-07-26T20:37:54+0700] STARTED message stream /vertical_cloud[0m
[1;32m[2026-07-26T20:37:56+0700] STARTED message stream /mapping/global_cloud[0m

[1;32m######################################################################
#                                                                    #
#                       LIDAR2 3D MAP READY                          #
#                                                                    #
#             VERTICAL C1M1 MAPPING - OBSERVER ONLY                  #
#                                                                    #
######################################################################
[0m
[2026-07-26T20:38:16+0700] Export service: ros2 service call /vertical_lidar_mapper/save_pcd std_srvs/srv/Trigger '{}'
[2026-07-26T20:38:16+0700] On Ctrl+C, autosave requests one PCD/GLB asset set in /home/pi5drone/drone_ros_ws/maps/vertical_3d
[2026-07-26T20:38:16+0700] Runtime logs: /home/pi5drone/drone_ros_ws/runtime_logs/lidar2_3d_20260726_203651
[2026-07-26T20:38:16+0700] No PX4 parameter, arm, mode, movement, or setpoint command was sent
[2026-07-26T20:46:13+0700] Shutdown reason: received signal INT; launcher_exit=130
[2026-07-26T20:46:14+0700] Autosaving 3D map assets through /vertical_lidar_mapper/save_pcd
[2026-07-26T20:46:17+0700] 3D map autosave requested; PCD/GLB output directory: /home/pi5drone/drone_ros_ws/maps/vertical_3d
[2026-07-26T20:46:17+0700] Stopping launcher-owned process group: vertical_lidar_mapper pgid=31595
[2026-07-26T20:46:17+0700] Stopping launcher-owned process group: lidar2_static_tf pgid=31087
[2026-07-26T20:46:17+0700] Stopping launcher-owned process group: sllidar2 pgid=30783
[2026-07-26T20:46:18+0700] lidar1, RF2O, 2D SLAM, MAVROS, camera, AprilTag, planner, and flight control were not stopped
