[INFO] [1785073072.760573444] [vertical_lidar_mapper]: vertical_lidar_mapper started. scan_topic='/scan_vertical' target_frame='odom' local_voxel=0.100 global_voxel=0.080 global_cap=400000 global_publish=3.0Hz revoxel_every=10
[INFO] [1785073072.761247683] [vertical_lidar_mapper]: Global integration mode: keyframe (keyframe_min_translation=0.030m keyframe_min_yaw=0.025rad keyframe_max_interval=0.100s max_keyframes=10000).
[INFO] [1785073072.761295812] [vertical_lidar_mapper]: Full-pose deskew: enabled (required=true odom_topic='/mavros/local_position/odom' odom_frame='odom' stamp_reference='start' pose_gap<=0.100s wait_timeout=0.350s queue=30 poll=100.0Hz output='/vertical_points_deskewed').
[INFO] [1785073072.761320053] [vertical_lidar_mapper]: Stable integration gate: enabled (odom_age<=0.200s |yaw_rate|<=0.700rad/s |vertical_speed|<=0.400m/s tilt_rate<=0.450rad/s).
[INFO] [1785073072.761335997] [vertical_lidar_mapper]: Map-rebase: disabled (map_frame='map' odom_frame='odom' trans_th=0.080m yaw_th=0.040rad)
[INFO] [1785073072.761351775] [vertical_lidar_mapper]: Relative-pose gate: disabled (map='map' odom='odom' trans_err_th=0.080m yaw_err_th=0.060rad min_motion=0.030m max_map_step=0.250m max_map_yaw=0.150rad)
[INFO] [1785073072.761369645] [vertical_lidar_mapper]: 3D scan matching: disabled (map_frame='vertical_map' max_rate=4.0Hz radius=4.00m voxel=0.12m corr_dist=0.45m overlap>=0.30 rmse<=0.18m correction<=0.30m/17.2deg drop_failure=true).
[INFO] [1785073072.761390719] [vertical_lidar_mapper]: Map-rebase cooldown: 6 scans after correction.
[INFO] [1785073072.761403978] [vertical_lidar_mapper]: Floor filter: disabled (drop z <= 0.10 m in 'odom' frame).
[INFO] [1785073072.761419441] [vertical_lidar_mapper]: Floor stabilization: enabled (percentile=0.10 band=0.08m min_points=30 max_correction=2.00m drop_failure=false).
[INFO] [1785073072.761448775] [vertical_lidar_mapper]: PCD export service: '/vertical_lidar_mapper/save_pcd' dir='/home/pi5drone/drone_ros_ws/maps/vertical_3d' binary=true
[INFO] [1785073072.761466145] [vertical_lidar_mapper]: SLAM 2D map export on save: enabled (topic='/map' prefix='slam2d_map').
[INFO] [1785073072.761481330] [vertical_lidar_mapper]: Structural GLB export on save: enabled (prefix='lidar2_structural_environment' auto_height=true ceiling=false grid_cap=2000000).
[INFO] [1785073072.761499960] [vertical_lidar_mapper]: Loop-closure dedup-only mode: disabled
[INFO] [1785073072.761522237] [vertical_lidar_mapper]: Global rebuild service: '/vertical_lidar_mapper/rebuild_global' (rebuild_on_map_correction=false corr_trans_th=0.080m corr_yaw_th=0.040rad freeze_scans=6).
[WARN] [1785073074.000695326] [vertical_lidar_mapper]: Dropping vertical scan after waiting 0.355s for odometry through its final beam (remaining lag 0.000s).
[WARN] [1785073074.050734958] [vertical_lidar_mapper]: Dropping vertical scan: pose history starts 0.358s after the first beam.
[INFO] [1785073074.196742512] [vertical_lidar_mapper]: Initialized floor stabilization reference at z=-1.353m in frame 'odom'.
[WARN] [1785073074.601793331] [vertical_lidar_mapper]: Vertical scan deskew failed (scan_age=0.359s): only 47.9% of valid beams had interpolated poses
[WARN] [1785073302.942029964] [vertical_lidar_mapper]: Dropped unstable global scan: odom_age=0.099s (max 0.200), |yaw|=0.039 (max 0.700), |vz|=0.036 (max 0.400), tilt_rate=0.470 (max 0.450).
[WARN] [1785073542.622142924] [vertical_lidar_mapper]: Dropped unstable global scan: odom_age=0.208s (max 0.200), |yaw|=0.009 (max 0.700), |vz|=0.004 (max 0.400), tilt_rate=0.012 (max 0.450).
[INFO] [1785073576.603639834] [vertical_lidar_mapper]: Saved PCD: /home/pi5drone/drone_ros_ws/maps/vertical_3d/lidar2_vertical_global_map_1785073576_516193545.pcd | 2D map: /home/pi5drone/drone_ros_ws/maps/vertical_3d/lidar2_vertical_map2d_1785073576_516193545.pgm (yaml: /home/pi5drone/drone_ros_ws/maps/vertical_3d/lidar2_vertical_map2d_1785073576_516193545.yaml) | slam2d: /home/pi5drone/drone_ros_ws/maps/vertical_3d/slam2d_map_1785073576_516193545.pgm (yaml: /home/pi5drone/drone_ros_ws/maps/vertical_3d/slam2d_map_1785073576_516193545.yaml) | trajectory: /home/pi5drone/drone_ros_ws/maps/vertical_3d/lidar2_vertical_trajectory_1785073576_516193545.csv | structural GLB: /home/pi5drone/drone_ros_ws/maps/vertical_3d/lidar2_structural_environment_1785073576_516193545.glb
[INFO] [1785073577.158442383] [rclcpp]: signal_handler(SIGINT/SIGTERM)
