[1;32m[2026-07-26T20:12:20+0700] STARTED launcher inputs and installed ROS interfaces validated[0m
[2026-07-26T20:12:20+0700] Independent observer-only 2D mapping startup
[2026-07-26T20:12:20+0700] This launcher will only start mapping scan deskew and slam_toolbox
[2026-07-26T20:12:20+0700] It will not manage RF2O/PX4 fusion, MAVROS, LiDAR, camera, AprilTag, planner, or flight control
[2026-07-26T20:12:34+0700] Waiting for /scan_rf2o; elapsed=4s deadline=60s
[1;32m[2026-07-26T20:12:36+0700] STARTED live input /scan_rf2o[0m
[1;32m[2026-07-26T20:12:39+0700] STARTED live input /mavros/local_position/odom[0m
[1;32m[2026-07-26T20:12:46+0700] STARTED live scan and odometry timestamps share one clock domain[0m
[1;32m[2026-07-26T20:12:49+0700] STARTED TF odom -> base_footprint[0m
[2026-07-26T20:12:52+0700] Waiting for TF base_footprint -> laser_frame; elapsed=3s deadline=60s
[2026-07-26T20:12:56+0700] Waiting for TF base_footprint -> laser_frame; elapsed=7s deadline=60s
[1;32m[2026-07-26T20:13:00+0700] STARTED TF base_footprint -> laser_frame[0m
[1;32m[2026-07-26T20:13:00+0700] STARTED mapping_scan_deskew pgid=8970[0m
[2026-07-26T20:13:04+0700] Waiting for /scan_slam; elapsed=4s deadline=60s
[1;32m[2026-07-26T20:13:07+0700] STARTED live input /scan_slam[0m
[2026-07-26T20:13:11+0700] Waiting for /scan_slam/diagnostics deskew_applied=true; elapsed=4s deadline=60s
[1;32m[2026-07-26T20:13:15+0700] STARTED diagnostic /scan_slam/diagnostics deskew_applied=true[0m
[1;32m[2026-07-26T20:13:16+0700] STARTED mapping scan deskew active on /scan_slam[0m
[1;32m[2026-07-26T20:13:22+0700] STARTED live scan and odometry timestamps share one clock domain[0m
[1;32m[2026-07-26T20:13:22+0700] STARTED slam_toolbox pgid=9494[0m
[2026-07-26T20:13:23+0700] Waiting for /map; elapsed=1s deadline=120s
[2026-07-26T20:13:27+0700] Waiting for /map; elapsed=5s deadline=120s
[1;32m[2026-07-26T20:13:30+0700] STARTED 2D occupancy map /map[0m
[2026-07-26T20:13:33+0700] Waiting for TF map -> odom; elapsed=3s deadline=60s
[1;32m[2026-07-26T20:13:38+0700] STARTED TF map -> odom[0m
[2026-07-26T20:13:41+0700] Waiting for TF map -> laser_frame; elapsed=3s deadline=60s
[2026-07-26T20:13:45+0700] Waiting for TF map -> laser_frame; elapsed=7s deadline=60s
[2026-07-26T20:13:50+0700] Waiting for TF map -> laser_frame; elapsed=12s deadline=60s
[2026-07-26T20:13:54+0700] Waiting for TF map -> laser_frame; elapsed=16s deadline=60s
[2026-07-26T20:13:58+0700] Waiting for TF map -> laser_frame; elapsed=20s deadline=60s
[2026-07-26T20:14:07+0700] Waiting for TF map -> laser_frame; elapsed=29s deadline=60s
[2026-07-26T20:14:12+0700] Waiting for TF map -> laser_frame; elapsed=34s deadline=60s
[1;32m[2026-07-26T20:14:16+0700] STARTED TF map -> laser_frame[0m
[1;32m[2026-07-26T20:14:17+0700] STARTED slam_toolbox scan subscription verified[0m
[1;32m[2026-07-26T20:14:22+0700] STARTED no flight-control or planner publishers added[0m

[1;32m######################################################################
#                                                                    #
#                         2D MAP READY                               #
#                                                                    #
#          DESKEW ACTIVE - OBSERVER ONLY - NO FLIGHT CONTROL         #
#                                                                    #
######################################################################
[0m
[2026-07-26T20:14:31+0700] Move the vehicle manually to build the map; this process sends no vehicle commands
[2026-07-26T20:14:31+0700] On Ctrl+C, autosave writes /home/pi5drone/drone_ros_ws/maps/indoor_map_20260726_201216.yaml/.pgm/.png
[2026-07-26T20:14:31+0700] Runtime logs: /home/pi5drone/drone_ros_ws/runtime_logs/mapping_2d_20260726_201216
[2026-07-26T20:46:14+0700] Shutdown reason: received signal INT; launcher_exit=130
[2026-07-26T20:46:18+0700] Autosaving 2D map to /home/pi5drone/drone_ros_ws/maps/indoor_map_20260726_201216.yaml/.pgm
[2026-07-26T20:46:19+0700] 2D map autosaved: /home/pi5drone/drone_ros_ws/maps/indoor_map_20260726_201216.yaml, /home/pi5drone/drone_ros_ws/maps/indoor_map_20260726_201216.pgm, /home/pi5drone/drone_ros_ws/maps/indoor_map_20260726_201216.png
[2026-07-26T20:46:19+0700] Stopping mapping-owned process group: slam_toolbox pgid=9494
[2026-07-26T20:46:19+0700] Stopping mapping-owned process group: mapping_scan_deskew pgid=8970
[2026-07-26T20:46:20+0700] RF2O/PX4 fusion, MAVROS, LiDAR, camera, AprilTag, and flight control were not stopped
