[1;32m[2026-08-02T20:49:51+0700] STARTED launcher inputs and installed ROS interfaces validated[0m
[2026-08-02T20:49:51+0700] Independent observer-only 2D mapping startup
[2026-08-02T20:49:51+0700] This launcher starts mapping scan deskew, slam_toolbox, and enhanced submap SLAM
[2026-08-02T20:49:51+0700] It will not manage RF2O/PX4 fusion, MAVROS, LiDAR, camera, AprilTag, planner, or flight control
[1;32m[2026-08-02T20:50:04+0700] STARTED live input /scan_rf2o[0m
[1;32m[2026-08-02T20:50:06+0700] STARTED live input /mavros/local_position/odom[0m
[1;32m[2026-08-02T20:50:10+0700] STARTED live scan and odometry timestamps share one clock domain[0m
[1;32m[2026-08-02T20:50:13+0700] STARTED TF odom -> base_footprint[0m
[1;32m[2026-08-02T20:50:17+0700] STARTED TF base_footprint -> laser_frame[0m
[1;32m[2026-08-02T20:50:17+0700] STARTED mapping_scan_deskew pgid=25731[0m
[1;32m[2026-08-02T20:50:19+0700] STARTED live input /scan_slam[0m
[1;32m[2026-08-02T20:50:22+0700] STARTED diagnostic /scan_slam/diagnostics deskew_applied=true[0m
[1;32m[2026-08-02T20:50:22+0700] STARTED mapping scan deskew active on /scan_slam[0m
[1;32m[2026-08-02T20:50:28+0700] STARTED live scan and odometry timestamps share one clock domain[0m
[1;32m[2026-08-02T20:50:28+0700] STARTED slam_toolbox pgid=26051[0m
[1;32m[2026-08-02T20:50:28+0700] STARTED submap_slam_2d pgid=26053[0m
[2026-08-02T20:50:31+0700] Waiting for /map; elapsed=3s deadline=120s
[2026-08-02T20:50:36+0700] Waiting for /map; elapsed=8s deadline=120s
[2026-08-02T20:50:40+0700] Waiting for /map; elapsed=12s deadline=120s
[2026-08-02T20:50:45+0700] Waiting for /map; elapsed=17s deadline=120s
[2026-08-02T20:50:49+0700] Waiting for /map; elapsed=21s deadline=120s
[2026-08-02T20:50:54+0700] Waiting for /map; elapsed=26s deadline=120s
[2026-08-02T20:50:59+0700] Waiting for /map; elapsed=31s deadline=120s
[2026-08-02T20:51:04+0700] Waiting for /map; elapsed=36s deadline=120s
[2026-08-02T20:51:08+0700] Waiting for /map; elapsed=40s deadline=120s
[2026-08-02T20:51:13+0700] Waiting for /map; elapsed=45s deadline=120s
[1;32m[2026-08-02T20:51:17+0700] STARTED 2D occupancy map /map[0m
[2026-08-02T20:51:20+0700] Waiting for /submap_slam/diagnostics; elapsed=3s deadline=120s
[2026-08-02T20:51:25+0700] Waiting for /submap_slam/diagnostics; elapsed=8s deadline=120s
[2026-08-02T20:51:30+0700] Waiting for /submap_slam/diagnostics; elapsed=13s deadline=120s
[2026-08-02T20:51:34+0700] Waiting for /submap_slam/diagnostics; elapsed=17s deadline=120s
[2026-08-02T20:51:39+0700] Waiting for /submap_slam/diagnostics; elapsed=22s deadline=120s
[2026-08-02T20:51:43+0700] Waiting for /submap_slam/diagnostics; elapsed=26s deadline=120s
[1;32m[2026-08-02T20:51:47+0700] STARTED live input /submap_slam/diagnostics[0m
[2026-08-02T20:51:51+0700] Waiting for /submap_slam/map; elapsed=4s deadline=120s
[2026-08-02T20:51:57+0700] Waiting for /submap_slam/map; elapsed=10s deadline=120s
[2026-08-02T20:52:06+0700] Waiting for /submap_slam/map; elapsed=19s deadline=120s
[2026-08-02T20:52:10+0700] Waiting for /submap_slam/map; elapsed=23s deadline=120s
[2026-08-02T20:52:15+0700] Waiting for /submap_slam/map; elapsed=28s deadline=120s
[2026-08-02T20:52:20+0700] Waiting for /submap_slam/map; elapsed=33s deadline=120s
[2026-08-02T20:52:24+0700] Waiting for /submap_slam/map; elapsed=37s deadline=120s
[2026-08-02T20:52:29+0700] Waiting for /submap_slam/map; elapsed=42s deadline=120s
[2026-08-02T20:52:33+0700] Waiting for /submap_slam/map; elapsed=46s deadline=120s
[2026-08-02T20:52:38+0700] Waiting for /submap_slam/map; elapsed=51s deadline=120s
[2026-08-02T20:52:43+0700] Waiting for /submap_slam/map; elapsed=56s deadline=120s
[2026-08-02T20:52:47+0700] Waiting for /submap_slam/map; elapsed=60s deadline=120s
[2026-08-02T20:52:52+0700] Waiting for /submap_slam/map; elapsed=65s deadline=120s
[2026-08-02T20:53:01+0700] Waiting for /submap_slam/map; elapsed=74s deadline=120s
[2026-08-02T20:53:05+0700] Waiting for /submap_slam/map; elapsed=78s deadline=120s
[2026-08-02T20:53:10+0700] Waiting for /submap_slam/map; elapsed=83s deadline=120s
[2026-08-02T20:53:15+0700] Waiting for /submap_slam/map; elapsed=88s deadline=120s
[2026-08-02T20:53:19+0700] Waiting for /submap_slam/map; elapsed=92s deadline=120s
[1;32m[2026-08-02T20:53:23+0700] STARTED live input /submap_slam/map[0m
[1;32m[2026-08-02T20:53:23+0700] STARTED enhanced 2D submap occupancy map /submap_slam/map[0m
[1;32m[2026-08-02T20:53:27+0700] STARTED TF map -> odom[0m
[1;32m[2026-08-02T20:53:30+0700] STARTED TF map -> laser_frame[0m
[1;32m[2026-08-02T20:53:31+0700] STARTED slam_toolbox scan subscription verified[0m
[1;32m[2026-08-02T20:53:35+0700] STARTED no flight-control or planner publishers added[0m

[1;32m######################################################################
#                                                                    #
#                         2D MAP READY                               #
#                                                                    #
#          DESKEW ACTIVE - OBSERVER ONLY - NO FLIGHT CONTROL         #
#                                                                    #
######################################################################
[0m
[2026-08-02T20:53:48+0700] Move the vehicle manually to build the map; this process sends no vehicle commands
[2026-08-02T20:53:48+0700] On Ctrl+C, autosave writes /home/pi5drone/drone_ros_ws/maps/indoor_map_20260802_204947.yaml/.pgm/.png
[2026-08-02T20:53:48+0700] Runtime logs: /home/pi5drone/drone_ros_ws/runtime_logs/mapping_2d_20260802_204947
