[2026-07-26T20:48:55+0700] Real lidar2 3D mapping startup
[2026-07-26T20:48:55+0700] Workspace=/home/pi5drone/drone_ros_ws; lidar2=/dev/ttyUSB1@460800; target_frame=odom
[2026-07-26T20:48:55+0700] This launcher will not manage lidar1, RF2O, 2D SLAM, MAVROS, or flight control
[1;32m[2026-07-26T20:48:58+0700] STARTED message stream /mavros/local_position/odom[0m
[1;32m[2026-07-26T20:49:01+0700] STARTED TF odom -> base_footprint[0m
[1;33m[2026-07-26T20:49:01+0700] WARNING REQUIRE_2D_MAP=0; mapper will use TARGET_FRAME=odom[0m
[1;32m[2026-07-26T20:49:02+0700] STARTED sllidar2 pgid=41848[0m
[2026-07-26T20:49:05+0700] Waiting for /scan_vertical; elapsed=3s deadline=60s
[2026-07-26T20:49:10+0700] Waiting for /scan_vertical; elapsed=7s deadline=60s
[1;32m[2026-07-26T20:49:13+0700] STARTED message stream /scan_vertical[0m
[1;32m[2026-07-26T20:49:17+0700] STARTED lidar2_static_tf pgid=42153[0m
[1;32m[2026-07-26T20:49:20+0700] STARTED TF base_footprint -> lidar_vert_link[0m
[1;32m[2026-07-26T20:49:24+0700] STARTED verified lidar2 TF: translation=[0.000, 0.000, 0.700] RPY=[1.571, 0.000, -1.571][0m
[1;32m[2026-07-26T20:49:27+0700] STARTED TF odom -> lidar_vert_link[0m
[1;32m[2026-07-26T20:49:32+0700] STARTED vertical_lidar_mapper pgid=42485[0m
[1;32m[2026-07-26T20:49:35+0700] STARTED message stream /vertical_cloud[0m
[1;32m[2026-07-26T20:49:37+0700] STARTED message stream /mapping/global_cloud[0m

[1;32m######################################################################
#                                                                    #
#                       LIDAR2 3D MAP READY                          #
#                                                                    #
#             VERTICAL C1M1 MAPPING - OBSERVER ONLY                  #
#                                                                    #
######################################################################
[0m
[2026-07-26T20:49:57+0700] Export service: ros2 service call /vertical_lidar_mapper/save_pcd std_srvs/srv/Trigger '{}'
[2026-07-26T20:49:57+0700] On Ctrl+C, autosave requests one PCD/GLB asset set in /home/pi5drone/drone_ros_ws/maps/vertical_3d
[2026-07-26T20:49:57+0700] Runtime logs: /home/pi5drone/drone_ros_ws/runtime_logs/lidar2_3d_20260726_204853
[2026-07-26T20:49:57+0700] No PX4 parameter, arm, mode, movement, or setpoint command was sent
[2026-07-26T20:50:56+0700] Shutdown reason: received signal INT; launcher_exit=130
[2026-07-26T20:50:57+0700] Autosaving 3D map assets through /vertical_lidar_mapper/save_pcd
[2026-07-26T20:51:01+0700] 3D map autosave requested; PCD/GLB output directory: /home/pi5drone/drone_ros_ws/maps/vertical_3d
[2026-07-26T20:51:01+0700] Stopping launcher-owned process group: vertical_lidar_mapper pgid=42485
[2026-07-26T20:51:01+0700] Stopping launcher-owned process group: lidar2_static_tf pgid=42153
[2026-07-26T20:51:01+0700] Stopping launcher-owned process group: sllidar2 pgid=41848
[2026-07-26T20:51:03+0700] lidar1, RF2O, 2D SLAM, MAVROS, camera, AprilTag, planner, and flight control were not stopped
