[WARN] [1784822112.176783057] [lidar_odom_monitor]: RF2O monitor state: WAITING_FOR_SCAN
[INFO] [1784822112.176965746] [lidar_odom_monitor]: Monitoring coherent scan /scan_rf2o and RF2O /lidar/odom_raw -> /lidar/odom
[WARN] [1784822114.176878416] [lidar_odom_monitor]: RF2O monitor state: WAITING_FOR_ODOM
[INFO] [1784822115.176952041] [lidar_odom_monitor]: RF2O monitor state: OK
[WARN] [1784822133.176915640] [lidar_odom_monitor]: RF2O monitor state: WAITING_FOR_ODOM
[INFO] [1784822134.176932041] [lidar_odom_monitor]: RF2O monitor state: OK
[WARN] [1784822311.178452114] [lidar_odom_monitor]: RF2O monitor state: LOW_ANGULAR_COVERAGE
[WARN] [1784822312.176927006] [lidar_odom_monitor]: RF2O monitor state: WAITING_FOR_ODOM
[INFO] [1784822313.176924119] [lidar_odom_monitor]: RF2O monitor state: OK
[WARN] [1784822583.176804900] [lidar_odom_monitor]: RF2O monitor state: WAITING_FOR_ODOM
[WARN] [1784822584.176912228] [lidar_odom_monitor]: RF2O monitor state: STALE_SCAN
[WARN] [1784822585.176913972] [lidar_odom_monitor]: RF2O monitor state: WAITING_FOR_ODOM
[INFO] [1784822586.177506801] [lidar_odom_monitor]: RF2O monitor state: OK
[WARN] [1784822598.176871124] [lidar_odom_monitor]: RF2O monitor state: WAITING_FOR_ODOM
[INFO] [1784822599.176896968] [lidar_odom_monitor]: RF2O monitor state: OK
[WARN] [1784822618.176925672] [lidar_odom_monitor]: RF2O monitor state: WAITING_FOR_ODOM
[INFO] [1784822619.177016204] [lidar_odom_monitor]: RF2O monitor state: OK
[WARN] [1784822751.176990612] [lidar_odom_monitor]: RF2O monitor state: LOW_ANGULAR_COVERAGE
[WARN] [1784822752.178097807] [lidar_odom_monitor]: RF2O monitor state: WAITING_FOR_ODOM
[INFO] [1784822753.194099631] [lidar_odom_monitor]: RF2O monitor state: OK
[INFO] [1784823224.642748680] [rclcpp]: signal_handler(SIGINT/SIGTERM)
