[1;32m[2026-07-26T17:19:56+0700] STARTED launcher inputs and installed ROS interfaces validated[0m
[2026-07-26T17:19:56+0700] Independent observer-only 2D mapping startup
[2026-07-26T17:19:56+0700] This launcher will only start mapping scan deskew and slam_toolbox
[2026-07-26T17:19:56+0700] It will not manage RF2O/PX4 fusion, MAVROS, LiDAR, camera, AprilTag, planner, or flight control
[1;32m[2026-07-26T17:20:08+0700] STARTED live input /scan_rf2o[0m
[2026-07-26T17:20:11+0700] Waiting for /mavros/local_position/odom; elapsed=3s deadline=60s
[1;32m[2026-07-26T17:20:15+0700] STARTED live input /mavros/local_position/odom[0m
[1;32m[2026-07-26T17:20:21+0700] STARTED live scan and odometry timestamps share one clock domain[0m
[1;32m[2026-07-26T17:20:24+0700] STARTED TF odom -> base_footprint[0m
[1;32m[2026-07-26T17:20:27+0700] STARTED TF base_footprint -> laser_frame[0m
[1;32m[2026-07-26T17:20:27+0700] STARTED mapping_scan_deskew pgid=13639[0m
[1;32m[2026-07-26T17:20:29+0700] STARTED live input /scan_slam[0m
[1;32m[2026-07-26T17:20:31+0700] STARTED diagnostic /scan_slam/diagnostics deskew_applied=true[0m
[1;32m[2026-07-26T17:20:32+0700] STARTED mapping scan deskew active on /scan_slam[0m
[1;32m[2026-07-26T17:20:37+0700] STARTED live scan and odometry timestamps share one clock domain[0m
[1;32m[2026-07-26T17:20:37+0700] STARTED slam_toolbox pgid=13870[0m
[2026-07-26T17:20:38+0700] Waiting for /map; elapsed=1s deadline=120s
[2026-07-26T17:20:42+0700] Waiting for /map; elapsed=5s deadline=120s
[1;32m[2026-07-26T17:20:45+0700] STARTED 2D occupancy map /map[0m
[1;32m[2026-07-26T17:20:49+0700] STARTED TF map -> odom[0m
[2026-07-26T17:20:52+0700] Waiting for TF map -> laser_frame; elapsed=3s deadline=60s
[1;32m[2026-07-26T17:20:56+0700] STARTED TF map -> laser_frame[0m
[1;32m[2026-07-26T17:20:57+0700] STARTED slam_toolbox scan subscription verified[0m
[1;32m[2026-07-26T17:21:00+0700] STARTED no flight-control or planner publishers added[0m

[1;32m######################################################################
#                                                                    #
#                         2D MAP READY                               #
#                                                                    #
#          DESKEW ACTIVE - OBSERVER ONLY - NO FLIGHT CONTROL         #
#                                                                    #
######################################################################
[0m
[2026-07-26T17:21:08+0700] Move the vehicle manually to build the map; this process sends no vehicle commands
[2026-07-26T17:21:08+0700] On Ctrl+C, autosave writes /home/pi5drone/drone_ros_ws/maps/indoor_map_20260726_171953.yaml/.pgm/.png
[2026-07-26T17:21:08+0700] Runtime logs: /home/pi5drone/drone_ros_ws/runtime_logs/mapping_2d_20260726_171953
[2026-07-26T17:25:56+0700] Shutdown reason: received signal INT; launcher_exit=130
[2026-07-26T17:25:59+0700] Autosaving 2D map to /home/pi5drone/drone_ros_ws/maps/indoor_map_20260726_171953.yaml/.pgm
[1;33m[2026-07-26T17:26:02+0700] WARNING 2D map autosave failed; map_saver_cli did not complete within 20s[0m
[2026-07-26T17:26:02+0700] Stopping mapping-owned process group: slam_toolbox pgid=13870
[2026-07-26T17:26:02+0700] Stopping mapping-owned process group: mapping_scan_deskew pgid=13639
[2026-07-26T17:26:03+0700] RF2O/PX4 fusion, MAVROS, LiDAR, camera, AprilTag, and flight control were not stopped
