[2026-07-23 17:32:31] [independent-3d] Independent 3D startup; expecting MAVROS and AprilTag to already be running
[2026-07-23 17:32:33] [independent-3d] Ready: message stream /mavros/local_position/odom
[2026-07-23 17:32:36] [independent-3d] Reusing existing TF odom -> base_footprint
[2026-07-23 17:32:36] [independent-3d] Starting lidar2 mapping in odom; no 2D map is required
[2026-07-23T17:32:38+0700] Real lidar2 3D mapping startup
[2026-07-23T17:32:38+0700] Workspace=/home/pi5drone/drone_ros_ws; lidar2=/dev/ttyUSB1@460800; target_frame=odom
[2026-07-23T17:32:38+0700] This launcher will not manage lidar1, RF2O, 2D SLAM, MAVROS, or flight control
[2026-07-23 17:32:39] [independent-3d] Waiting for TF base_footprint -> lidar_vert_link; elapsed=3s deadline=90s
[2026-07-23T17:32:40+0700] STARTED message stream /mavros/local_position/odom
[2026-07-23T17:32:43+0700] STARTED TF odom -> base_footprint
[2026-07-23T17:32:43+0700] WARNING REQUIRE_2D_MAP=0; mapper will use TARGET_FRAME=odom
[2026-07-23T17:32:44+0700] STARTED sllidar2 pgid=23845
[2026-07-23T17:32:45+0700] Waiting for /scan_vertical; elapsed=1s deadline=60s
[2026-07-23 17:32:47] [independent-3d] Waiting for TF base_footprint -> lidar_vert_link; elapsed=11s deadline=90s
[2026-07-23T17:32:48+0700] STARTED message stream /scan_vertical
[2026-07-23T17:32:52+0700] STARTED lidar2_static_tf pgid=24061
[2026-07-23T17:32:55+0700] STARTED TF base_footprint -> lidar_vert_link
[2026-07-23 17:32:56] [independent-3d] Ready: TF base_footprint -> lidar_vert_link
[2026-07-23T17:32:58+0700] Waiting for TF odom -> lidar_vert_link; elapsed=3s deadline=90s
[2026-07-23 17:32:59] [independent-3d] ERROR: could not inspect TF base_footprint -> lidar_vert_link
[2026-07-23 17:32:59] [independent-3d] Shutdown reason: could not inspect TF base_footprint -> lidar_vert_link; launcher_exit=1
[2026-07-23 17:32:59] [independent-3d] Stopping 3D mapping launcher pid=23605
[2026-07-23T17:32:59+0700] Shutdown reason: received signal TERM; launcher_exit=130
[2026-07-23T17:33:00+0700] WARNING 3D map autosave skipped because /vertical_lidar_mapper/save_pcd is unavailable
[2026-07-23T17:33:00+0700] Stopping launcher-owned process group: lidar2_static_tf pgid=24061
[2026-07-23T17:33:00+0700] Stopping launcher-owned process group: sllidar2 pgid=23845
[2026-07-23T17:33:02+0700] lidar1, RF2O, 2D SLAM, MAVROS, camera, AprilTag, planner, and flight control were not stopped
[2026-07-23 17:33:02] [independent-3d] Independent 3D mapping stopped; MAVROS and AprilTag were left running
