[2026-08-02T20:58:57+0700] Independent RF2O/PX4 odometry startup
[2026-08-02T20:58:57+0700] Workspace=/home/pi5drone/drone_ros_ws; LiDAR=/dev/ttyUSB0; use_sim_time=false
[2026-08-02T20:58:57+0700] This launcher will not manage MAVROS, the flight controller, camera, or AprilTag nodes
[1;32m[2026-08-02T20:59:00+0700] STARTED existing MAVROS connected; vehicle disarmed[0m
[1;32m[2026-08-02T20:59:05+0700] STARTED rplidar pid=7854[0m
[2026-08-02T20:59:06+0700] Waiting for /scan; elapsed=1s deadline=60s
[2026-08-02T20:59:11+0700] Waiting for /scan; elapsed=6s deadline=60s
[2026-08-02T20:59:18+0700] Waiting for /scan; elapsed=13s deadline=60s
[2026-08-02T20:59:21+0700] Waiting for /scan; elapsed=16s deadline=60s
[1;32m[2026-08-02T20:59:27+0700] STARTED message stream /scan[0m
[1;32m[2026-08-02T20:59:28+0700] STARTED odom_flatten pid=8291[0m
[1;32m[2026-08-02T20:59:28+0700] STARTED static_lidar_tf pid=8293[0m
[2026-08-02T20:59:30+0700] Waiting for TF odom -> base_footprint; elapsed=2s deadline=60s
[1;32m[2026-08-02T20:59:33+0700] STARTED TF odom -> base_footprint[0m
[1;32m[2026-08-02T20:59:35+0700] STARTED TF base_footprint -> laser_frame[0m
[1;32m[2026-08-02T20:59:35+0700] STARTED scan_audit pid=8493[0m
[2026-08-02T20:59:36+0700] Waiting for /scan_stream_audit/diagnostics classification_ready=true; elapsed=1s deadline=30s
[1;32m[2026-08-02T20:59:41+0700] STARTED diagnostic /scan_stream_audit/diagnostics classification_ready=true[0m
[1;32m[2026-08-02T20:59:41+0700] STARTED canonicalizer pid=8608[0m
waiting for /scan_rf2o: 0/5
[1;32m[2026-08-02T20:59:49+0700] STARTED diagnostic /scan_rf2o/diagnostics timestamp_monotonic=true[0m
[1;32m[2026-08-02T20:59:49+0700] STARTED five coherent canonical scans[0m
[1;32m[2026-08-02T20:59:49+0700] STARTED lidar_odom_monitor pid=8777[0m
[1;32m[2026-08-02T20:59:50+0700] STARTED rf2o pid=8810[0m
waiting for /lidar/odom_raw: 0/5
[1;32m[2026-08-02T20:59:55+0700] STARTED RF2O raw odometry /lidar/odom_raw[0m
waiting for /lidar/odom: 1/5
[1;32m[2026-08-02T20:59:58+0700] STARTED health-gated LiDAR odometry /lidar/odom[0m
[1;32m[2026-08-02T20:59:58+0700] STARTED lidar_odom_px4_bridge pid=8969[0m
[2026-08-02T20:59:59+0700] Waiting for /lidar_odom_px4_bridge/diagnostics; elapsed=1s deadline=15s
[2026-08-02T21:00:04+0700] Waiting for /lidar_odom_px4_bridge/diagnostics; elapsed=6s deadline=15s
[2026-08-02T21:00:11+0700] Waiting for /lidar_odom_px4_bridge/diagnostics; elapsed=13s deadline=15s
[1;31m[2026-08-02T21:00:14+0700] ERROR no message on /lidar_odom_px4_bridge/diagnostics after 15s[0m
[WARN] [1785679198.801272098] [lidar_odom_px4_bridge]: Bridge state: waiting_for_inputs
[INFO] [1785679198.801423449] [lidar_odom_px4_bridge]: LiDAR external odometry bridge: /lidar/odom -> /mavros/odometry/out (odom -> base_link)
[INFO] [1785679198.801446635] [lidar_odom_px4_bridge]: Covariance: xy_stddev=0.300 m yaw_stddev=0.200 rad unused_variance=1000000.0
[WARN] [1785679198.902301746] [lidar_odom_px4_bridge]: Bridge state: mavros_disconnected
[INFO] [1785679202.101221929] [lidar_odom_px4_bridge]: Alignment complete while disarmed: x=-0.0362 y=0.0464 yaw=-171.775 deg
[WARN] [1785679202.101445799] [lidar_odom_px4_bridge]: Bridge state: none
[2026-08-02T21:00:14+0700] Shutdown reason: normal exit; launcher_exit=12
[2026-08-02T21:00:14+0700] Stopping launcher-owned process group: lidar_odom_px4_bridge pgid=8969
[2026-08-02T21:00:14+0700] Stopping launcher-owned process group: rf2o pgid=8810
[2026-08-02T21:00:14+0700] Stopping launcher-owned process group: lidar_odom_monitor pgid=8777
[2026-08-02T21:00:14+0700] Stopping launcher-owned process group: canonicalizer pgid=8608
[2026-08-02T21:00:14+0700] Stopping launcher-owned process group: scan_audit pgid=8493
[2026-08-02T21:00:14+0700] Stopping launcher-owned process group: static_lidar_tf pgid=8293
[2026-08-02T21:00:14+0700] Stopping launcher-owned process group: odom_flatten pgid=8291
[2026-08-02T21:00:14+0700] Stopping launcher-owned process group: rplidar pgid=7854
[2026-08-02T21:00:15+0700] MAVROS, flight controller, camera, and AprilTag processes were not stopped
