[1;32m[2026-08-02T21:04:08+0700] STARTED launcher inputs and installed ROS interfaces validated[0m
[2026-08-02T21:04:08+0700] Independent observer-only 2D mapping startup
[2026-08-02T21:04:08+0700] This launcher starts mapping scan deskew, slam_toolbox, and enhanced submap SLAM
[2026-08-02T21:04:08+0700] It will not manage RF2O/PX4 fusion, MAVROS, LiDAR, camera, AprilTag, planner, or flight control
[2026-08-02T21:04:22+0700] Waiting for /scan_rf2o; elapsed=3s deadline=60s
[1;32m[2026-08-02T21:04:25+0700] STARTED live input /scan_rf2o[0m
[2026-08-02T21:04:28+0700] Waiting for /mavros/local_position/odom; elapsed=3s deadline=60s
[1;32m[2026-08-02T21:04:32+0700] STARTED live input /mavros/local_position/odom[0m
[1;32m[2026-08-02T21:04:36+0700] STARTED live scan and odometry timestamps share one clock domain[0m
[2026-08-02T21:04:39+0700] Waiting for TF odom -> base_footprint; elapsed=3s deadline=60s
[1;32m[2026-08-02T21:04:44+0700] STARTED TF odom -> base_footprint[0m
[1;32m[2026-08-02T21:04:47+0700] STARTED TF base_footprint -> laser_frame[0m
[1;32m[2026-08-02T21:04:47+0700] STARTED mapping_scan_deskew pgid=14930[0m
[2026-08-02T21:04:50+0700] Waiting for /scan_slam; elapsed=3s deadline=60s
[2026-08-02T21:04:54+0700] Waiting for /scan_slam; elapsed=7s deadline=60s
[1;32m[2026-08-02T21:04:58+0700] STARTED live input /scan_slam[0m
[1;32m[2026-08-02T21:05:01+0700] STARTED diagnostic /scan_slam/diagnostics deskew_applied=true[0m
[1;32m[2026-08-02T21:05:01+0700] STARTED mapping scan deskew active on /scan_slam[0m
[1;32m[2026-08-02T21:05:06+0700] STARTED live scan and odometry timestamps share one clock domain[0m
[1;32m[2026-08-02T21:05:06+0700] STARTED slam_toolbox pgid=15323[0m
[1;32m[2026-08-02T21:05:06+0700] STARTED submap_slam_2d pgid=15325[0m
[2026-08-02T21:05:09+0700] Waiting for /map; elapsed=3s deadline=120s
[2026-08-02T21:05:14+0700] Waiting for /map; elapsed=8s deadline=120s
[1;32m[2026-08-02T21:05:17+0700] STARTED 2D occupancy map /map[0m
[1;32m[2026-08-02T21:05:19+0700] STARTED live input /submap_slam/diagnostics[0m
[1;32m[2026-08-02T21:05:22+0700] STARTED live input /submap_slam/map[0m
[1;32m[2026-08-02T21:05:22+0700] STARTED enhanced 2D submap occupancy map /submap_slam/map[0m
[2026-08-02T21:05:25+0700] Waiting for TF map -> odom; elapsed=3s deadline=60s
[1;32m[2026-08-02T21:05:29+0700] STARTED TF map -> odom[0m
[2026-08-02T21:05:33+0700] Waiting for TF map -> laser_frame; elapsed=4s deadline=60s
[2026-08-02T21:05:37+0700] Waiting for TF map -> laser_frame; elapsed=8s deadline=60s
[2026-08-02T21:05:42+0700] Waiting for TF map -> laser_frame; elapsed=13s deadline=60s
[2026-08-02T21:05:46+0700] Waiting for TF map -> laser_frame; elapsed=17s deadline=60s
[1;32m[2026-08-02T21:05:50+0700] STARTED TF map -> laser_frame[0m
[1;32m[2026-08-02T21:05:51+0700] STARTED slam_toolbox scan subscription verified[0m
[1;32m[2026-08-02T21:05:55+0700] STARTED no flight-control or planner publishers added[0m

[1;32m######################################################################
#                                                                    #
#                         2D MAP READY                               #
#                                                                    #
#          DESKEW ACTIVE - OBSERVER ONLY - NO FLIGHT CONTROL         #
#                                                                    #
######################################################################
[0m
[2026-08-02T21:06:09+0700] Move the vehicle manually to build the map; this process sends no vehicle commands
[2026-08-02T21:06:09+0700] On Ctrl+C, autosave writes /home/pi5drone/drone_ros_ws/maps/indoor_map_20260802_210404.yaml/.pgm/.png
[2026-08-02T21:06:09+0700] Runtime logs: /home/pi5drone/drone_ros_ws/runtime_logs/mapping_2d_20260802_210404
[2026-08-02T21:29:35+0700] Shutdown reason: received signal INT; launcher_exit=130
[2026-08-02T21:29:39+0700] Autosaving 2D map to /home/pi5drone/drone_ros_ws/maps/indoor_map_20260802_210404.yaml/.pgm
[1;33m[2026-08-02T21:29:42+0700] WARNING 2D map autosave failed; map_saver_cli did not complete within 20s[0m
[2026-08-02T21:29:42+0700] Stopping mapping-owned process group: submap_slam_2d pgid=15325
[2026-08-02T21:29:42+0700] Stopping mapping-owned process group: slam_toolbox pgid=15323
[2026-08-02T21:29:42+0700] Stopping mapping-owned process group: mapping_scan_deskew pgid=14930
[2026-08-02T21:29:42+0700] RF2O/PX4 fusion, MAVROS, LiDAR, camera, AprilTag, and flight control were not stopped
