[INFO] [launch]: All log files can be found below /home/pi5drone/.ros/log/2026-08-02-21-05-06-974533-pi5drone-desktop-15325
[INFO] [launch]: Default logging verbosity is set to INFO
[INFO] [submap_slam_2d_node-1]: process started with pid [15352]
[submap_slam_2d_node-1] [INFO] [1785679508.408056357] [submap_slam_2d]: Observer-only submap mapper: scan=/scan_slam prediction=odom->base_footprint output_frame=submap_map map_tf=disabled
[submap_slam_2d_node-1] [WARN] [1785679508.655311505] [submap_slam_2d]: Rejected scan: tf_lookup_failed
[submap_slam_2d_node-1] [WARN] [1785679508.655399080] [submap_slam_2d]: Submap scan dropped: "odom" passed to lookupTransform argument target_frame does not exist. 
[submap_slam_2d_node-1] [WARN] [1785679778.759742937] [submap_slam_2d]: Rejected scan: high_match_rmse
[submap_slam_2d_node-1] [WARN] [1785679789.994103727] [submap_slam_2d]: Rejected scan: high_match_rmse
[submap_slam_2d_node-1] [WARN] [1785679795.390333353] [submap_slam_2d]: Rejected scan: coarse_match_failed
[submap_slam_2d_node-1] [WARN] [1785679800.399582146] [submap_slam_2d]: Rejected scan: high_match_rmse
[submap_slam_2d_node-1] [WARN] [1785679822.421771541] [submap_slam_2d]: Rejected scan: high_match_rmse
[submap_slam_2d_node-1] [WARN] [1785679827.694079038] [submap_slam_2d]: Rejected scan: coarse_match_failed
[submap_slam_2d_node-1] [WARN] [1785679832.737982386] [submap_slam_2d]: Rejected scan: coarse_match_failed
[submap_slam_2d_node-1] [WARN] [1785679837.748718032] [submap_slam_2d]: Rejected scan: low_match_score
[submap_slam_2d_node-1] [WARN] [1785679842.777731103] [submap_slam_2d]: Rejected scan: coarse_match_failed
[submap_slam_2d_node-1] [WARN] [1785679847.829541692] [submap_slam_2d]: Rejected scan: coarse_match_failed
[submap_slam_2d_node-1] [WARN] [1785679852.918662263] [submap_slam_2d]: Rejected scan: coarse_match_failed
[submap_slam_2d_node-1] [WARN] [1785679858.031955834] [submap_slam_2d]: Rejected scan: coarse_match_failed
[submap_slam_2d_node-1] [WARN] [1785679863.120854239] [submap_slam_2d]: Rejected scan: coarse_match_failed
[submap_slam_2d_node-1] [WARN] [1785679868.205043939] [submap_slam_2d]: Rejected scan: coarse_match_failed
[submap_slam_2d_node-1] [WARN] [1785679873.289217381] [submap_slam_2d]: Rejected scan: coarse_match_failed
[submap_slam_2d_node-1] [WARN] [1785679878.386794841] [submap_slam_2d]: Rejected scan: coarse_match_failed
[submap_slam_2d_node-1] [WARN] [1785679883.774884745] [submap_slam_2d]: Rejected scan: coarse_match_failed
[submap_slam_2d_node-1] [WARN] [1785679888.836841390] [submap_slam_2d]: Rejected scan: coarse_match_failed
[submap_slam_2d_node-1] [WARN] [1785679893.865843406] [submap_slam_2d]: Rejected scan: coarse_match_failed
[submap_slam_2d_node-1] [WARN] [1785679898.914369680] [submap_slam_2d]: Rejected scan: coarse_match_failed
[submap_slam_2d_node-1] [WARN] [1785679903.973777381] [submap_slam_2d]: Rejected scan: coarse_match_failed
[submap_slam_2d_node-1] [WARN] [1785679909.016389378] [submap_slam_2d]: Rejected scan: coarse_match_failed
[submap_slam_2d_node-1] [WARN] [1785679914.068200764] [submap_slam_2d]: Rejected scan: coarse_match_failed
[submap_slam_2d_node-1] [WARN] [1785679919.089521113] [submap_slam_2d]: Rejected scan: coarse_match_failed
[submap_slam_2d_node-1] [WARN] [1785679924.135290332] [submap_slam_2d]: Rejected scan: coarse_match_failed
[submap_slam_2d_node-1] [WARN] [1785679929.193584440] [submap_slam_2d]: Rejected scan: coarse_match_failed
[submap_slam_2d_node-1] [WARN] [1785679934.209505622] [submap_slam_2d]: Rejected scan: coarse_match_failed
[submap_slam_2d_node-1] [WARN] [1785679939.268271138] [submap_slam_2d]: Rejected scan: coarse_match_failed
[submap_slam_2d_node-1] [WARN] [1785679944.280823431] [submap_slam_2d]: Rejected scan: coarse_match_failed
[submap_slam_2d_node-1] [WARN] [1785679949.327402150] [submap_slam_2d]: Rejected scan: coarse_match_failed
[submap_slam_2d_node-1] [WARN] [1785679954.386266425] [submap_slam_2d]: Rejected scan: coarse_match_failed
[submap_slam_2d_node-1] [WARN] [1785679959.406332089] [submap_slam_2d]: Rejected scan: coarse_match_failed
[submap_slam_2d_node-1] [WARN] [1785679964.650653363] [submap_slam_2d]: Rejected scan: coarse_match_failed
[submap_slam_2d_node-1] [WARN] [1785679969.667681842] [submap_slam_2d]: Rejected scan: coarse_match_failed
[submap_slam_2d_node-1] [WARN] [1785679974.668046617] [submap_slam_2d]: Rejected scan: coarse_match_failed
[submap_slam_2d_node-1] [WARN] [1785679979.670142373] [submap_slam_2d]: Rejected scan: coarse_match_failed
[submap_slam_2d_node-1] [WARN] [1785679984.736121296] [submap_slam_2d]: Rejected scan: coarse_match_failed
[submap_slam_2d_node-1] [WARN] [1785679989.783593052] [submap_slam_2d]: Rejected scan: coarse_match_failed
[submap_slam_2d_node-1] [WARN] [1785679994.798838790] [submap_slam_2d]: Rejected scan: coarse_match_failed
[submap_slam_2d_node-1] [WARN] [1785679999.854245028] [submap_slam_2d]: Rejected scan: coarse_match_failed
[submap_slam_2d_node-1] [WARN] [1785680004.868198950] [submap_slam_2d]: Rejected scan: coarse_match_failed
[submap_slam_2d_node-1] [WARN] [1785680009.926567225] [submap_slam_2d]: Rejected scan: coarse_match_failed
[submap_slam_2d_node-1] [WARN] [1785680014.973130759] [submap_slam_2d]: Rejected scan: coarse_match_failed
[submap_slam_2d_node-1] [WARN] [1785680019.989222997] [submap_slam_2d]: Rejected scan: coarse_match_failed
[submap_slam_2d_node-1] [WARN] [1785680025.042526679] [submap_slam_2d]: Rejected scan: coarse_match_failed
[submap_slam_2d_node-1] [WARN] [1785680030.069040787] [submap_slam_2d]: Rejected scan: coarse_match_failed
[submap_slam_2d_node-1] [WARN] [1785680035.083958877] [submap_slam_2d]: Rejected scan: coarse_match_failed
[submap_slam_2d_node-1] [WARN] [1785680040.141252837] [submap_slam_2d]: Rejected scan: coarse_match_failed
[submap_slam_2d_node-1] [WARN] [1785680045.155418815] [submap_slam_2d]: Rejected scan: coarse_match_failed
[submap_slam_2d_node-1] [WARN] [1785680050.212426646] [submap_slam_2d]: Rejected scan: coarse_match_failed
[submap_slam_2d_node-1] [WARN] [1785680055.227213865] [submap_slam_2d]: Rejected scan: coarse_match_failed
[submap_slam_2d_node-1] [WARN] [1785680060.273374158] [submap_slam_2d]: Rejected scan: coarse_match_failed
[submap_slam_2d_node-1] [WARN] [1785680065.298670618] [submap_slam_2d]: Rejected scan: coarse_match_failed
[submap_slam_2d_node-1] [WARN] [1785680070.345095374] [submap_slam_2d]: Rejected scan: coarse_match_failed
[submap_slam_2d_node-1] [WARN] [1785680075.401461575] [submap_slam_2d]: Rejected scan: coarse_match_failed
[submap_slam_2d_node-1] [WARN] [1785680080.415363109] [submap_slam_2d]: Rejected scan: coarse_match_failed
[submap_slam_2d_node-1] [WARN] [1785680085.653657939] [submap_slam_2d]: Rejected scan: coarse_match_failed
[submap_slam_2d_node-1] [WARN] [1785680090.658059529] [submap_slam_2d]: Rejected scan: coarse_match_failed
[submap_slam_2d_node-1] [WARN] [1785680095.670335859] [submap_slam_2d]: Rejected scan: coarse_match_failed
[submap_slam_2d_node-1] [WARN] [1785680100.674516949] [submap_slam_2d]: Rejected scan: coarse_match_failed
[submap_slam_2d_node-1] [WARN] [1785680105.707153835] [submap_slam_2d]: Rejected scan: coarse_match_failed
[submap_slam_2d_node-1] [WARN] [1785680110.765662239] [submap_slam_2d]: Rejected scan: coarse_match_failed
[submap_slam_2d_node-1] [WARN] [1785680115.815033995] [submap_slam_2d]: Rejected scan: coarse_match_failed
[submap_slam_2d_node-1] [WARN] [1785680120.835596418] [submap_slam_2d]: Rejected scan: coarse_match_failed
[submap_slam_2d_node-1] [WARN] [1785680125.858311415] [submap_slam_2d]: Rejected scan: coarse_match_failed
[submap_slam_2d_node-1] [WARN] [1785680130.904723079] [submap_slam_2d]: Rejected scan: coarse_match_failed
[submap_slam_2d_node-1] [WARN] [1785680135.932669613] [submap_slam_2d]: Rejected scan: coarse_match_failed
[submap_slam_2d_node-1] [WARN] [1785680140.978284055] [submap_slam_2d]: Rejected scan: coarse_match_failed
[submap_slam_2d_node-1] [WARN] [1785680145.990302144] [submap_slam_2d]: Rejected scan: coarse_match_failed
[submap_slam_2d_node-1] [WARN] [1785680151.012932289] [submap_slam_2d]: Rejected scan: coarse_match_failed
[submap_slam_2d_node-1] [WARN] [1785680156.060725546] [submap_slam_2d]: Rejected scan: coarse_match_failed
[submap_slam_2d_node-1] [WARN] [1785680161.085365598] [submap_slam_2d]: Rejected scan: coarse_match_failed
[submap_slam_2d_node-1] [WARN] [1785680166.101429243] [submap_slam_2d]: Rejected scan: coarse_match_failed
[submap_slam_2d_node-1] [WARN] [1785680171.154788814] [submap_slam_2d]: Rejected scan: coarse_match_failed
[submap_slam_2d_node-1] [WARN] [1785680176.181986626] [submap_slam_2d]: Rejected scan: coarse_match_failed
[submap_slam_2d_node-1] [WARN] [1785680181.222332808] [submap_slam_2d]: Rejected scan: coarse_match_failed
[submap_slam_2d_node-1] [WARN] [1785680186.248143639] [submap_slam_2d]: Rejected scan: coarse_match_failed
[submap_slam_2d_node-1] [WARN] [1785680191.261694876] [submap_slam_2d]: Rejected scan: coarse_match_failed
[submap_slam_2d_node-1] [WARN] [1785680196.317206207] [submap_slam_2d]: Rejected scan: coarse_match_failed
[submap_slam_2d_node-1] [WARN] [1785680201.330749500] [submap_slam_2d]: Rejected scan: coarse_match_failed
[submap_slam_2d_node-1] [WARN] [1785680206.355296590] [submap_slam_2d]: Rejected scan: coarse_match_failed
[submap_slam_2d_node-1] [WARN] [1785680211.405078031] [submap_slam_2d]: Rejected scan: coarse_match_failed
[submap_slam_2d_node-1] [WARN] [1785680216.416973361] [submap_slam_2d]: Rejected scan: coarse_match_failed
[submap_slam_2d_node-1] [WARN] [1785680221.649729192] [submap_slam_2d]: Rejected scan: coarse_match_failed
[submap_slam_2d_node-1] [WARN] [1785680226.650920744] [submap_slam_2d]: Rejected scan: coarse_match_failed
[submap_slam_2d_node-1] [WARN] [1785680231.666909223] [submap_slam_2d]: Rejected scan: coarse_match_failed
[submap_slam_2d_node-1] [WARN] [1785680236.677622294] [submap_slam_2d]: Rejected scan: coarse_match_failed
[submap_slam_2d_node-1] [WARN] [1785680241.719753143] [submap_slam_2d]: Rejected scan: coarse_match_failed
[submap_slam_2d_node-1] [WARN] [1785680246.736722325] [submap_slam_2d]: Rejected scan: coarse_match_failed
[submap_slam_2d_node-1] [WARN] [1785680251.749783729] [submap_slam_2d]: Rejected scan: coarse_match_failed
[submap_slam_2d_node-1] [WARN] [1785680256.773892800] [submap_slam_2d]: Rejected scan: coarse_match_failed
[submap_slam_2d_node-1] [WARN] [1785680261.817988594] [submap_slam_2d]: Rejected scan: coarse_match_failed
[submap_slam_2d_node-1] [WARN] [1785680266.843498702] [submap_slam_2d]: Rejected scan: coarse_match_failed
[submap_slam_2d_node-1] [WARN] [1785680271.858674532] [submap_slam_2d]: Rejected scan: coarse_match_failed
[submap_slam_2d_node-1] [WARN] [1785680276.878128992] [submap_slam_2d]: Rejected scan: coarse_match_failed
[submap_slam_2d_node-1] [WARN] [1785680281.895097452] [submap_slam_2d]: Rejected scan: coarse_match_failed
[submap_slam_2d_node-1] [WARN] [1785680286.947836930] [submap_slam_2d]: Rejected scan: coarse_match_failed
[submap_slam_2d_node-1] [WARN] [1785680291.973461687] [submap_slam_2d]: Rejected scan: coarse_match_failed
[submap_slam_2d_node-1] [WARN] [1785680297.016017239] [submap_slam_2d]: Rejected scan: coarse_match_failed
[submap_slam_2d_node-1] [WARN] [1785680302.041787236] [submap_slam_2d]: Rejected scan: coarse_match_failed
[submap_slam_2d_node-1] [WARN] [1785680307.065764344] [submap_slam_2d]: Rejected scan: coarse_match_failed
[submap_slam_2d_node-1] [WARN] [1785680312.079192378] [submap_slam_2d]: Rejected scan: coarse_match_failed
[submap_slam_2d_node-1] [WARN] [1785680317.100810135] [submap_slam_2d]: Rejected scan: coarse_match_failed
[submap_slam_2d_node-1] [WARN] [1785680322.113587613] [submap_slam_2d]: Rejected scan: coarse_match_failed
[submap_slam_2d_node-1] [WARN] [1785680327.137720314] [submap_slam_2d]: Rejected scan: coarse_match_failed
[submap_slam_2d_node-1] [WARN] [1785680332.151487459] [submap_slam_2d]: Rejected scan: coarse_match_failed
[submap_slam_2d_node-1] [WARN] [1785680337.209032215] [submap_slam_2d]: Rejected scan: coarse_match_failed
[submap_slam_2d_node-1] [WARN] [1785680342.217863564] [submap_slam_2d]: Rejected scan: coarse_match_failed
[submap_slam_2d_node-1] [WARN] [1785680347.240442339] [submap_slam_2d]: Rejected scan: coarse_match_failed
[submap_slam_2d_node-1] [WARN] [1785680352.266775873] [submap_slam_2d]: Rejected scan: coarse_match_failed
[submap_slam_2d_node-1] [WARN] [1785680357.276649018] [submap_slam_2d]: Rejected scan: coarse_match_failed
[submap_slam_2d_node-1] [WARN] [1785680362.298416237] [submap_slam_2d]: Rejected scan: coarse_match_failed
[submap_slam_2d_node-1] [WARN] [1785680367.311885364] [submap_slam_2d]: Rejected scan: coarse_match_failed
[submap_slam_2d_node-1] [WARN] [1785680372.336619602] [submap_slam_2d]: Rejected scan: coarse_match_failed
[submap_slam_2d_node-1] [WARN] [1785680377.348735469] [submap_slam_2d]: Rejected scan: coarse_match_failed
[submap_slam_2d_node-1] [WARN] [1785680382.368467318] [submap_slam_2d]: Rejected scan: coarse_match_failed
[submap_slam_2d_node-1] [WARN] [1785680387.393220797] [submap_slam_2d]: Rejected scan: coarse_match_failed
[submap_slam_2d_node-1] [WARN] [1785680392.405047071] [submap_slam_2d]: Rejected scan: coarse_match_failed
[submap_slam_2d_node-1] [WARN] [1785680397.657432457] [submap_slam_2d]: Rejected scan: coarse_match_failed
[submap_slam_2d_node-1] [WARN] [1785680402.665859991] [submap_slam_2d]: Rejected scan: coarse_match_failed
[submap_slam_2d_node-1] [WARN] [1785680407.767286007] [submap_slam_2d]: Rejected scan: coarse_match_failed
[submap_slam_2d_node-1] [WARN] [1785680412.779965800] [submap_slam_2d]: Rejected scan: coarse_match_failed
[submap_slam_2d_node-1] [WARN] [1785680417.937975093] [submap_slam_2d]: Rejected scan: coarse_match_failed
[submap_slam_2d_node-1] [WARN] [1785680422.948997831] [submap_slam_2d]: Rejected scan: coarse_match_failed
[submap_slam_2d_node-1] [WARN] [1785680427.972993883] [submap_slam_2d]: Rejected scan: coarse_match_failed
[submap_slam_2d_node-1] [WARN] [1785680432.993272677] [submap_slam_2d]: Rejected scan: coarse_match_failed
[submap_slam_2d_node-1] [WARN] [1785680438.006061581] [submap_slam_2d]: Rejected scan: coarse_match_failed
[submap_slam_2d_node-1] [WARN] [1785680443.027128300] [submap_slam_2d]: Rejected scan: coarse_match_failed
[submap_slam_2d_node-1] [WARN] [1785680448.053026446] [submap_slam_2d]: Rejected scan: coarse_match_failed
[submap_slam_2d_node-1] [WARN] [1785680453.065218165] [submap_slam_2d]: Rejected scan: coarse_match_failed
[submap_slam_2d_node-1] [WARN] [1785680458.130305236] [submap_slam_2d]: Rejected scan: coarse_match_failed
[submap_slam_2d_node-1] [WARN] [1785680463.220784140] [submap_slam_2d]: Rejected scan: coarse_match_failed
[submap_slam_2d_node-1] [WARN] [1785680472.215013135] [submap_slam_2d]: Rejected scan: coarse_match_failed
[submap_slam_2d_node-1] [WARN] [1785680477.263731224] [submap_slam_2d]: Rejected scan: coarse_match_failed
[submap_slam_2d_node-1] [WARN] [1785680482.285946296] [submap_slam_2d]: Rejected scan: coarse_match_failed
[submap_slam_2d_node-1] [WARN] [1785680487.306852922] [submap_slam_2d]: Rejected scan: coarse_match_failed
[submap_slam_2d_node-1] [WARN] [1785680492.317199382] [submap_slam_2d]: Rejected scan: coarse_match_failed
[submap_slam_2d_node-1] [WARN] [1785680497.340217416] [submap_slam_2d]: Rejected scan: coarse_match_failed
[submap_slam_2d_node-1] [WARN] [1785680502.352178691] [submap_slam_2d]: Rejected scan: coarse_match_failed
[submap_slam_2d_node-1] [WARN] [1785680507.648417947] [submap_slam_2d]: Rejected scan: coarse_match_failed
[submap_slam_2d_node-1] [WARN] [1785680512.657080555] [submap_slam_2d]: Rejected scan: coarse_match_failed
[submap_slam_2d_node-1] [WARN] [1785680517.668079293] [submap_slam_2d]: Rejected scan: coarse_match_failed
[submap_slam_2d_node-1] [WARN] [1785680522.796070568] [submap_slam_2d]: Rejected scan: coarse_match_failed
[submap_slam_2d_node-1] [WARN] [1785680527.846385120] [submap_slam_2d]: Rejected scan: coarse_match_failed
[submap_slam_2d_node-1] [WARN] [1785680532.965387117] [submap_slam_2d]: Rejected scan: coarse_match_failed
[submap_slam_2d_node-1] [WARN] [1785680537.984407910] [submap_slam_2d]: Rejected scan: coarse_match_failed
[submap_slam_2d_node-1] [WARN] [1785680543.006287833] [submap_slam_2d]: Rejected scan: coarse_match_failed
[submap_slam_2d_node-1] [WARN] [1785680548.027734312] [submap_slam_2d]: Rejected scan: coarse_match_failed
[submap_slam_2d_node-1] [WARN] [1785680553.040120142] [submap_slam_2d]: Rejected scan: coarse_match_failed
[submap_slam_2d_node-1] [WARN] [1785680558.060252102] [submap_slam_2d]: Rejected scan: coarse_match_failed
[submap_slam_2d_node-1] [WARN] [1785680563.175770803] [submap_slam_2d]: Rejected scan: coarse_match_failed
[submap_slam_2d_node-1] [WARN] [1785680568.197500300] [submap_slam_2d]: Rejected scan: coarse_match_failed
[submap_slam_2d_node-1] [WARN] [1785680573.217436204] [submap_slam_2d]: Rejected scan: coarse_match_failed
[submap_slam_2d_node-1] [WARN] [1785680578.232259701] [submap_slam_2d]: Rejected scan: coarse_match_failed
[submap_slam_2d_node-1] [WARN] [1785680583.254204754] [submap_slam_2d]: Rejected scan: coarse_match_failed
[submap_slam_2d_node-1] [WARN] [1785680588.279321232] [submap_slam_2d]: Rejected scan: coarse_match_failed
[submap_slam_2d_node-1] [WARN] [1785680593.646005285] [submap_slam_2d]: Rejected scan: coarse_match_failed
[submap_slam_2d_node-1] [WARN] [1785680598.666539097] [submap_slam_2d]: Rejected scan: coarse_match_failed
[submap_slam_2d_node-1] [WARN] [1785680603.672951649] [submap_slam_2d]: Rejected scan: coarse_match_failed
[submap_slam_2d_node-1] [WARN] [1785680608.714675276] [submap_slam_2d]: Rejected scan: coarse_match_failed
[submap_slam_2d_node-1] [WARN] [1785680613.728565439] [submap_slam_2d]: Rejected scan: coarse_match_failed
[submap_slam_2d_node-1] [WARN] [1785680618.748873548] [submap_slam_2d]: Rejected scan: coarse_match_failed
[submap_slam_2d_node-1] [WARN] [1785680623.771698230] [submap_slam_2d]: Rejected scan: coarse_match_failed
[submap_slam_2d_node-1] [WARN] [1785680628.884197653] [submap_slam_2d]: Rejected scan: coarse_match_failed
[submap_slam_2d_node-1] [WARN] [1785680633.906636168] [submap_slam_2d]: Rejected scan: coarse_match_failed
[submap_slam_2d_node-1] [WARN] [1785680638.919544147] [submap_slam_2d]: Rejected scan: coarse_match_failed
[submap_slam_2d_node-1] [WARN] [1785680643.941576977] [submap_slam_2d]: Rejected scan: coarse_match_failed
[submap_slam_2d_node-1] [WARN] [1785680648.963447178] [submap_slam_2d]: Rejected scan: coarse_match_failed
[submap_slam_2d_node-1] [WARN] [1785680653.974278082] [submap_slam_2d]: Rejected scan: coarse_match_failed
[submap_slam_2d_node-1] [WARN] [1785680658.994065912] [submap_slam_2d]: Rejected scan: coarse_match_failed
[submap_slam_2d_node-1] [WARN] [1785680664.120891335] [submap_slam_2d]: Rejected scan: coarse_match_failed
[submap_slam_2d_node-1] [WARN] [1785680669.132288851] [submap_slam_2d]: Rejected scan: coarse_match_failed
[submap_slam_2d_node-1] [WARN] [1785680674.153081700] [submap_slam_2d]: Rejected scan: coarse_match_failed
[submap_slam_2d_node-1] [WARN] [1785680679.175105345] [submap_slam_2d]: Rejected scan: coarse_match_failed
[submap_slam_2d_node-1] [WARN] [1785680684.289561749] [submap_slam_2d]: Rejected scan: coarse_match_failed
[submap_slam_2d_node-1] [WARN] [1785680689.310340654] [submap_slam_2d]: Rejected scan: coarse_match_failed
[submap_slam_2d_node-1] [WARN] [1785680694.333275299] [submap_slam_2d]: Rejected scan: coarse_match_failed
[submap_slam_2d_node-1] [WARN] [1785680699.343596814] [submap_slam_2d]: Rejected scan: coarse_match_failed
[submap_slam_2d_node-1] [WARN] [1785680704.655419052] [submap_slam_2d]: Rejected scan: coarse_match_failed
[submap_slam_2d_node-1] [WARN] [1785680709.717627864] [submap_slam_2d]: Rejected scan: coarse_match_failed
[submap_slam_2d_node-1] [WARN] [1785680714.803656398] [submap_slam_2d]: Rejected scan: coarse_match_failed
[submap_slam_2d_node-1] [WARN] [1785680719.857093635] [submap_slam_2d]: Rejected scan: coarse_match_failed
[submap_slam_2d_node-1] [WARN] [1785680724.938068095] [submap_slam_2d]: Rejected scan: coarse_match_failed
[submap_slam_2d_node-1] [WARN] [1785680729.963720296] [submap_slam_2d]: Rejected scan: coarse_match_failed
[submap_slam_2d_node-1] [WARN] [1785680735.011679960] [submap_slam_2d]: Rejected scan: coarse_match_failed
[submap_slam_2d_node-1] [WARN] [1785680740.149280309] [submap_slam_2d]: Rejected scan: coarse_match_failed
[submap_slam_2d_node-1] [WARN] [1785680745.150993676] [submap_slam_2d]: Rejected scan: coarse_match_failed
[submap_slam_2d_node-1] [WARN] [1785680750.203739617] [submap_slam_2d]: Rejected scan: coarse_match_failed
[submap_slam_2d_node-1] [WARN] [1785680755.268082781] [submap_slam_2d]: Rejected scan: coarse_match_failed
[submap_slam_2d_node-1] [WARN] [1785680760.337466185] [submap_slam_2d]: Rejected scan: coarse_match_failed
[submap_slam_2d_node-1] [WARN] [1785680765.420193423] [submap_slam_2d]: Rejected scan: coarse_match_failed
[submap_slam_2d_node-1] [WARN] [1785680770.968179679] [submap_slam_2d]: Rejected scan: coarse_match_failed
[submap_slam_2d_node-1] [WARN] [1785680776.060759806] [submap_slam_2d]: Rejected scan: coarse_match_failed
[submap_slam_2d_node-1] [WARN] [1785680781.106659729] [submap_slam_2d]: Rejected scan: coarse_match_failed
[submap_slam_2d_node-1] [WARN] [1785680786.173624392] [submap_slam_2d]: Rejected scan: coarse_match_failed
[submap_slam_2d_node-1] [WARN] [1785680792.215965852] [submap_slam_2d]: Rejected scan: coarse_match_failed
[submap_slam_2d_node-1] [WARN] [1785680797.261933404] [submap_slam_2d]: Rejected scan: coarse_match_failed
[submap_slam_2d_node-1] [WARN] [1785680802.334346049] [submap_slam_2d]: Rejected scan: coarse_match_failed
[submap_slam_2d_node-1] [WARN] [1785680807.378155824] [submap_slam_2d]: Rejected scan: coarse_match_failed
[submap_slam_2d_node-1] [WARN] [1785680812.879459932] [submap_slam_2d]: Rejected scan: coarse_match_failed
[submap_slam_2d_node-1] [WARN] [1785680817.939906707] [submap_slam_2d]: Rejected scan: coarse_match_failed
[submap_slam_2d_node-1] [WARN] [1785680823.129883463] [submap_slam_2d]: Rejected scan: low_match_score
[submap_slam_2d_node-1] [WARN] [1785680828.260923182] [submap_slam_2d]: Rejected scan: coarse_match_failed
[submap_slam_2d_node-1] [WARN] [1785680833.357722401] [submap_slam_2d]: Rejected scan: coarse_match_failed
[submap_slam_2d_node-1] [WARN] [1785680838.372528583] [submap_slam_2d]: Rejected scan: coarse_match_failed
[submap_slam_2d_node-1] [WARN] [1785680843.665331247] [submap_slam_2d]: Rejected scan: coarse_match_failed
[submap_slam_2d_node-1] [WARN] [1785680848.706948873] [submap_slam_2d]: Rejected scan: coarse_match_failed
[submap_slam_2d_node-1] [WARN] [1785680853.731937241] [submap_slam_2d]: Rejected scan: coarse_match_failed
[submap_slam_2d_node-1] [WARN] [1785680858.743559960] [submap_slam_2d]: Rejected scan: coarse_match_failed
[submap_slam_2d_node-1] [WARN] [1785680863.939269864] [submap_slam_2d]: Rejected scan: coarse_match_failed
[submap_slam_2d_node-1] [WARN] [1785680869.050436269] [submap_slam_2d]: Rejected scan: coarse_match_failed
[submap_slam_2d_node-1] [WARN] [1785680874.103410951] [submap_slam_2d]: Rejected scan: coarse_match_failed
[submap_slam_2d_node-1] [WARN] [1785680879.219235337] [submap_slam_2d]: Rejected scan: coarse_match_failed
[submap_slam_2d_node-1] [WARN] [1785680884.248439760] [submap_slam_2d]: Rejected scan: coarse_match_failed
[submap_slam_2d_node-1] [WARN] [1785680889.297035997] [submap_slam_2d]: Rejected scan: coarse_match_failed
[submap_slam_2d_node-1] [WARN] [1785680894.311905420] [submap_slam_2d]: Rejected scan: coarse_match_failed
[submap_slam_2d_node-1] [WARN] [1785680899.333029121] [submap_slam_2d]: Rejected scan: coarse_match_failed
[submap_slam_2d_node-1] [WARN] [1785680904.376870970] [submap_slam_2d]: Rejected scan: low_match_score
[submap_slam_2d_node-1] [WARN] [1785680909.428833208] [submap_slam_2d]: Rejected scan: low_match_score
[submap_slam_2d_node-1] [WARN] [1785680914.436417279] [submap_slam_2d]: Rejected scan: low_match_score
[submap_slam_2d_node-1] [WARN] [1785680919.671345331] [submap_slam_2d]: Rejected scan: low_match_score
[submap_slam_2d_node-1] [WARN] [1785680924.691174106] [submap_slam_2d]: Rejected scan: low_match_score
[submap_slam_2d_node-1] [WARN] [1785680929.728593955] [submap_slam_2d]: Rejected scan: low_match_score
[submap_slam_2d_node-1] [WARN] [1785680934.738377341] [submap_slam_2d]: Rejected scan: low_match_score
[submap_slam_2d_node-1] [WARN] [1785680939.748272893] [submap_slam_2d]: Rejected scan: low_match_score
[submap_slam_2d_node-1] [WARN] [1785680944.793993631] [submap_slam_2d]: Rejected scan: low_match_score
[submap_slam_2d_node-1] [WARN] [1785680949.841473554] [submap_slam_2d]: Rejected scan: low_match_score
[submap_slam_2d_node-1] [WARN] [1785680954.921098143] [submap_slam_2d]: Rejected scan: low_match_score
[submap_slam_2d_node-1] [WARN] [1785680959.982904307] [submap_slam_2d]: Rejected scan: coarse_match_failed
[submap_slam_2d_node-1] [WARN] [1785680965.010011156] [submap_slam_2d]: Rejected scan: coarse_match_failed
[submap_slam_2d_node-1] [WARN] [1785680970.023134597] [submap_slam_2d]: Rejected scan: coarse_match_failed
[submap_slam_2d_node-1] [WARN] [1785680975.052703020] [submap_slam_2d]: Rejected scan: coarse_match_failed
