[2026-07-23 23:04:39] [independent-3d] Independent 3D startup; expecting MAVROS and AprilTag to already be running
[2026-07-23 23:04:42] [independent-3d] Waiting for /mavros/local_position/odom; elapsed=3s deadline=90s
[2026-07-23 23:04:51] [independent-3d] Waiting for /mavros/local_position/odom; elapsed=12s deadline=90s
[2026-07-23 23:04:55] [independent-3d] Ready: message stream /mavros/local_position/odom
[2026-07-23 23:04:58] [independent-3d] Starting full-pose MAVROS odometry TF bridge
[2026-07-23 23:05:02] [independent-3d] Ready: TF odom -> base_footprint
[2026-07-23 23:05:02] [independent-3d] Starting lidar2 mapping in odom; no 2D map is required
[2026-07-23T23:05:05+0700] Real lidar2 3D mapping startup
[2026-07-23T23:05:05+0700] Workspace=/home/pi5drone/drone_ros_ws; lidar2=/dev/ttyUSB1@460800; target_frame=odom
[2026-07-23T23:05:05+0700] This launcher will not manage lidar1, RF2O, 2D SLAM, MAVROS, or flight control
[2026-07-23 23:05:05] [independent-3d] Waiting for TF base_footprint -> lidar_vert_link; elapsed=3s deadline=90s
[2026-07-23T23:05:08+0700] Waiting for /mavros/local_position/odom; elapsed=3s deadline=90s
[2026-07-23T23:05:12+0700] Waiting for /mavros/local_position/odom; elapsed=7s deadline=90s
[2026-07-23 23:05:14] [independent-3d] Waiting for TF base_footprint -> lidar_vert_link; elapsed=12s deadline=90s
[2026-07-23T23:05:16+0700] Waiting for /mavros/local_position/odom; elapsed=11s deadline=90s
[2026-07-23T23:05:21+0700] Waiting for /mavros/local_position/odom; elapsed=16s deadline=90s
[2026-07-23 23:05:23] [independent-3d] Waiting for TF base_footprint -> lidar_vert_link; elapsed=21s deadline=90s
[2026-07-23T23:05:25+0700] Waiting for /mavros/local_position/odom; elapsed=20s deadline=90s
[2026-07-23T23:05:34+0700] Waiting for /mavros/local_position/odom; elapsed=29s deadline=90s
[2026-07-23 23:05:36] [independent-3d] Waiting for TF base_footprint -> lidar_vert_link; elapsed=34s deadline=90s
[2026-07-23T23:05:38+0700] Waiting for /mavros/local_position/odom; elapsed=33s deadline=90s
[2026-07-23T23:05:42+0700] STARTED message stream /mavros/local_position/odom
[2026-07-23 23:05:44] [independent-3d] Waiting for TF base_footprint -> lidar_vert_link; elapsed=42s deadline=90s
[2026-07-23T23:05:45+0700] STARTED TF odom -> base_footprint
[2026-07-23T23:05:45+0700] WARNING REQUIRE_2D_MAP=0; mapper will use TARGET_FRAME=odom
[2026-07-23T23:05:46+0700] STARTED sllidar2 pgid=20578
[2026-07-23T23:05:50+0700] Waiting for /scan_vertical; elapsed=4s deadline=60s
[2026-07-23 23:05:53] [independent-3d] Waiting for TF base_footprint -> lidar_vert_link; elapsed=51s deadline=90s
[2026-07-23T23:05:54+0700] STARTED message stream /scan_vertical
[2026-07-23T23:05:58+0700] STARTED lidar2_static_tf pgid=20863
[2026-07-23T23:06:02+0700] STARTED TF base_footprint -> lidar_vert_link
[2026-07-23 23:06:02] [independent-3d] Waiting for TF base_footprint -> lidar_vert_link; elapsed=60s deadline=90s
[2026-07-23T23:06:05+0700] STARTED TF odom -> lidar_vert_link
[2026-07-23 23:06:06] [independent-3d] Ready: TF base_footprint -> lidar_vert_link
[2026-07-23 23:06:09] [independent-3d] ERROR: could not inspect TF base_footprint -> lidar_vert_link
[2026-07-23 23:06:09] [independent-3d] Shutdown reason: could not inspect TF base_footprint -> lidar_vert_link; launcher_exit=1
[2026-07-23 23:06:10] [independent-3d] Stopping 3D mapping launcher pid=19483
[2026-07-23T23:06:10+0700] Shutdown reason: received signal TERM; launcher_exit=130
[2026-07-23T23:06:11+0700] WARNING 3D map autosave skipped because /vertical_lidar_mapper/save_pcd is unavailable
[2026-07-23T23:06:11+0700] Stopping launcher-owned process group: lidar2_static_tf pgid=20863
[2026-07-23T23:06:11+0700] Stopping launcher-owned process group: sllidar2 pgid=20578
[2026-07-23T23:06:12+0700] lidar1, RF2O, 2D SLAM, MAVROS, camera, AprilTag, planner, and flight control were not stopped
[2026-07-23 23:06:13] [independent-3d] Stopping odometry TF bridge pid=19395
[2026-07-23 23:06:13] [independent-3d] Independent 3D mapping stopped; MAVROS and AprilTag were left running
