[1;32m[2026-07-26T20:58:59+0700] STARTED launcher inputs and installed ROS interfaces validated[0m
[2026-07-26T20:58:59+0700] Independent observer-only 2D mapping startup
[2026-07-26T20:58:59+0700] This launcher will only start mapping scan deskew and slam_toolbox
[2026-07-26T20:58:59+0700] It will not manage RF2O/PX4 fusion, MAVROS, LiDAR, camera, AprilTag, planner, or flight control
[1;32m[2026-07-26T20:59:11+0700] STARTED live input /scan_rf2o[0m
[1;32m[2026-07-26T20:59:13+0700] STARTED live input /mavros/local_position/odom[0m
[1;32m[2026-07-26T20:59:19+0700] STARTED live scan and odometry timestamps share one clock domain[0m
[2026-07-26T20:59:22+0700] Waiting for TF odom -> base_footprint; elapsed=3s deadline=60s
[1;32m[2026-07-26T20:59:27+0700] STARTED TF odom -> base_footprint[0m
[1;32m[2026-07-26T20:59:30+0700] STARTED TF base_footprint -> laser_frame[0m
[1;32m[2026-07-26T20:59:30+0700] STARTED mapping_scan_deskew pgid=52941[0m
[2026-07-26T20:59:31+0700] Waiting for /scan_slam; elapsed=1s deadline=60s
[1;32m[2026-07-26T20:59:35+0700] STARTED live input /scan_slam[0m
[2026-07-26T20:59:38+0700] Waiting for /scan_slam/diagnostics deskew_applied=true; elapsed=3s deadline=60s
[1;32m[2026-07-26T20:59:41+0700] STARTED diagnostic /scan_slam/diagnostics deskew_applied=true[0m
[1;32m[2026-07-26T20:59:42+0700] STARTED mapping scan deskew active on /scan_slam[0m
[1;32m[2026-07-26T20:59:49+0700] STARTED live scan and odometry timestamps share one clock domain[0m
[1;32m[2026-07-26T20:59:49+0700] STARTED slam_toolbox pgid=53455[0m
[2026-07-26T20:59:52+0700] Waiting for /map; elapsed=3s deadline=120s
[1;32m[2026-07-26T20:59:56+0700] STARTED 2D occupancy map /map[0m
[1;32m[2026-07-26T20:59:59+0700] STARTED TF map -> odom[0m
[1;32m[2026-07-26T21:00:03+0700] STARTED TF map -> laser_frame[0m
[1;32m[2026-07-26T21:00:04+0700] STARTED slam_toolbox scan subscription verified[0m
[1;32m[2026-07-26T21:00:09+0700] STARTED no flight-control or planner publishers added[0m

[1;32m######################################################################
#                                                                    #
#                         2D MAP READY                               #
#                                                                    #
#          DESKEW ACTIVE - OBSERVER ONLY - NO FLIGHT CONTROL         #
#                                                                    #
######################################################################
[0m
[2026-07-26T21:00:18+0700] Move the vehicle manually to build the map; this process sends no vehicle commands
[2026-07-26T21:00:18+0700] On Ctrl+C, autosave writes /home/pi5drone/drone_ros_ws/maps/indoor_map_20260726_205855.yaml/.pgm/.png
[2026-07-26T21:00:18+0700] Runtime logs: /home/pi5drone/drone_ros_ws/runtime_logs/mapping_2d_20260726_205855
