[1;32m[2026-08-02T20:37:59+0700] STARTED launcher inputs and installed ROS interfaces validated[0m
[2026-08-02T20:37:59+0700] Independent observer-only 2D mapping startup
[2026-08-02T20:37:59+0700] This launcher starts mapping scan deskew, slam_toolbox, and enhanced submap SLAM
[2026-08-02T20:37:59+0700] It will not manage RF2O/PX4 fusion, MAVROS, LiDAR, camera, AprilTag, planner, or flight control
[2026-08-02T20:38:13+0700] Waiting for /scan_rf2o; elapsed=3s deadline=60s
[1;32m[2026-08-02T20:38:16+0700] STARTED live input /scan_rf2o[0m
[2026-08-02T20:38:20+0700] Waiting for /mavros/local_position/odom; elapsed=4s deadline=60s
[1;32m[2026-08-02T20:38:22+0700] STARTED live input /mavros/local_position/odom[0m
[1;32m[2026-08-02T20:38:29+0700] STARTED live scan and odometry timestamps share one clock domain[0m
[1;32m[2026-08-02T20:38:32+0700] STARTED TF odom -> base_footprint[0m
[1;32m[2026-08-02T20:38:35+0700] STARTED TF base_footprint -> laser_frame[0m
[1;32m[2026-08-02T20:38:35+0700] STARTED mapping_scan_deskew pgid=10806[0m
[2026-08-02T20:38:36+0700] Waiting for /scan_slam; elapsed=1s deadline=60s
[1;32m[2026-08-02T20:38:39+0700] STARTED live input /scan_slam[0m
[2026-08-02T20:38:43+0700] Waiting for /scan_slam/diagnostics deskew_applied=true; elapsed=4s deadline=60s
[1;32m[2026-08-02T20:38:46+0700] STARTED diagnostic /scan_slam/diagnostics deskew_applied=true[0m
[1;32m[2026-08-02T20:38:47+0700] STARTED mapping scan deskew active on /scan_slam[0m
[1;32m[2026-08-02T20:38:51+0700] STARTED live scan and odometry timestamps share one clock domain[0m
[1;32m[2026-08-02T20:38:51+0700] STARTED slam_toolbox pgid=11146[0m
[1;32m[2026-08-02T20:38:51+0700] STARTED submap_slam_2d pgid=11148[0m
[2026-08-02T20:38:54+0700] Waiting for /map; elapsed=3s deadline=120s
[2026-08-02T20:38:58+0700] Waiting for /map; elapsed=7s deadline=120s
[1;32m[2026-08-02T20:39:01+0700] STARTED 2D occupancy map /map[0m
[1;32m[2026-08-02T20:39:04+0700] STARTED live input /submap_slam/diagnostics[0m
[1;32m[2026-08-02T20:39:07+0700] STARTED live input /submap_slam/map[0m
[1;32m[2026-08-02T20:39:07+0700] STARTED enhanced 2D submap occupancy map /submap_slam/map[0m
[1;32m[2026-08-02T20:39:10+0700] STARTED TF map -> odom[0m
[2026-08-02T20:39:13+0700] Waiting for TF map -> laser_frame; elapsed=3s deadline=60s
[2026-08-02T20:39:18+0700] Waiting for TF map -> laser_frame; elapsed=8s deadline=60s
[2026-08-02T20:39:22+0700] Waiting for TF map -> laser_frame; elapsed=12s deadline=60s
[2026-08-02T20:39:26+0700] Waiting for TF map -> laser_frame; elapsed=16s deadline=60s
[2026-08-02T20:39:31+0700] Waiting for TF map -> laser_frame; elapsed=21s deadline=60s
[2026-08-02T20:39:35+0700] Waiting for TF map -> laser_frame; elapsed=25s deadline=60s
[1;32m[2026-08-02T20:39:44+0700] STARTED TF map -> laser_frame[0m
[1;32m[2026-08-02T20:39:45+0700] STARTED slam_toolbox scan subscription verified[0m
[1;32m[2026-08-02T20:39:48+0700] STARTED no flight-control or planner publishers added[0m

[1;32m######################################################################
#                                                                    #
#                         2D MAP READY                               #
#                                                                    #
#          DESKEW ACTIVE - OBSERVER ONLY - NO FLIGHT CONTROL         #
#                                                                    #
######################################################################
[0m
[2026-08-02T20:40:03+0700] Move the vehicle manually to build the map; this process sends no vehicle commands
[2026-08-02T20:40:03+0700] On Ctrl+C, autosave writes /home/pi5drone/drone_ros_ws/maps/indoor_map_20260802_203754.yaml/.pgm/.png
[2026-08-02T20:40:03+0700] Runtime logs: /home/pi5drone/drone_ros_ws/runtime_logs/mapping_2d_20260802_203754
[2026-08-02T20:41:19+0700] Shutdown reason: received signal INT; launcher_exit=130
[2026-08-02T20:41:22+0700] Autosaving 2D map to /home/pi5drone/drone_ros_ws/maps/indoor_map_20260802_203754.yaml/.pgm
[2026-08-02T20:41:24+0700] 2D map autosaved: /home/pi5drone/drone_ros_ws/maps/indoor_map_20260802_203754.yaml, /home/pi5drone/drone_ros_ws/maps/indoor_map_20260802_203754.pgm, /home/pi5drone/drone_ros_ws/maps/indoor_map_20260802_203754.png
[2026-08-02T20:41:24+0700] Stopping mapping-owned process group: submap_slam_2d pgid=11148
[2026-08-02T20:41:24+0700] Stopping mapping-owned process group: slam_toolbox pgid=11146
[2026-08-02T20:41:24+0700] Stopping mapping-owned process group: mapping_scan_deskew pgid=10806
[2026-08-02T20:41:25+0700] RF2O/PX4 fusion, MAVROS, LiDAR, camera, AprilTag, and flight control were not stopped
