[2026-08-02T21:25:21+0700] Real lidar2 3D mapping startup
[2026-08-02T21:25:21+0700] Workspace=/home/pi5drone/drone_ros_ws; lidar2=/dev/ttyUSB1@460800; target_frame=odom
[2026-08-02T21:25:21+0700] This launcher will not manage lidar1, RF2O, 2D SLAM, MAVROS, or flight control
[1;32m[2026-08-02T21:25:24+0700] STARTED message stream /mavros/local_position/odom[0m
[2026-08-02T21:25:27+0700] Waiting for TF odom -> base_footprint; elapsed=3s deadline=90s
[1;32m[2026-08-02T21:25:32+0700] STARTED TF odom -> base_footprint[0m
[1;33m[2026-08-02T21:25:32+0700] WARNING REQUIRE_2D_MAP=0; mapper will use TARGET_FRAME=odom[0m
[1;32m[2026-08-02T21:25:33+0700] STARTED sllidar2 pgid=37051[0m
[2026-08-02T21:25:36+0700] Waiting for /scan_vertical; elapsed=3s deadline=60s
[2026-08-02T21:25:40+0700] Waiting for /scan_vertical; elapsed=7s deadline=60s
[1;32m[2026-08-02T21:25:44+0700] STARTED message stream /scan_vertical[0m
[1;32m[2026-08-02T21:25:48+0700] STARTED lidar2_static_tf pgid=37354[0m
[1;32m[2026-08-02T21:25:51+0700] STARTED TF base_footprint -> lidar_vert_link[0m
[1;32m[2026-08-02T21:25:55+0700] STARTED verified lidar2 TF: translation=[0.000, 0.000, 0.700] RPY=[1.571, 0.000, -1.571][0m
[1;32m[2026-08-02T21:25:58+0700] STARTED TF odom -> lidar_vert_link[0m
[1;32m[2026-08-02T21:26:03+0700] STARTED vertical_lidar_mapper pgid=37688[0m
[2026-08-02T21:26:07+0700] Waiting for /vertical_cloud; elapsed=4s deadline=90s
[2026-08-02T21:26:11+0700] Waiting for /vertical_cloud; elapsed=8s deadline=90s
[1;32m[2026-08-02T21:26:14+0700] STARTED message stream /vertical_cloud[0m
[2026-08-02T21:26:18+0700] Waiting for /mapping/global_cloud; elapsed=4s deadline=90s
[1;32m[2026-08-02T21:26:21+0700] STARTED message stream /mapping/global_cloud[0m
[1;32m[2026-08-02T21:26:25+0700] STARTED spatial_awareness pgid=38109[0m
[2026-08-02T21:26:26+0700] Waiting for /mapping/local_obstacle_cloud; elapsed=1s deadline=90s
[2026-08-02T21:26:31+0700] Waiting for /mapping/local_obstacle_cloud; elapsed=6s deadline=90s
[2026-08-02T21:26:35+0700] Waiting for /mapping/local_obstacle_cloud; elapsed=10s deadline=90s
[1;32m[2026-08-02T21:26:38+0700] STARTED message stream /mapping/local_obstacle_cloud[0m
[1;32m[2026-08-02T21:26:41+0700] STARTED message stream /mapping/spatial_awareness/status[0m

[1;32m######################################################################
#                                                                    #
#                       LIDAR2 3D MAP READY                          #
#                                                                    #
#             VERTICAL C1M1 MAPPING - OBSERVER ONLY                  #
#                                                                    #
######################################################################
[0m
[2026-08-02T21:27:08+0700] Export service: ros2 service call /vertical_lidar_mapper/save_pcd std_srvs/srv/Trigger '{}'
[2026-08-02T21:27:08+0700] Spatial awareness: /mapping/local_obstacle_cloud, /mapping/spatial_awareness/status, /mapping/spatial_awareness/markers
[2026-08-02T21:27:08+0700] On Ctrl+C, autosave requests one PCD/GLB asset set in /home/pi5drone/drone_ros_ws/maps/vertical_3d
[2026-08-02T21:27:08+0700] Runtime logs: /home/pi5drone/drone_ros_ws/runtime_logs/lidar2_3d_20260802_212519
[2026-08-02T21:27:08+0700] No PX4 parameter, arm, mode, movement, or setpoint command was sent
[2026-08-02T21:29:33+0700] Shutdown reason: received signal INT; launcher_exit=130
[2026-08-02T21:29:34+0700] Autosaving 3D map assets through /vertical_lidar_mapper/save_pcd
[2026-08-02T21:29:40+0700] 3D map autosave requested; PCD/GLB output directory: /home/pi5drone/drone_ros_ws/maps/vertical_3d
[2026-08-02T21:29:40+0700] Stopping launcher-owned process group: spatial_awareness pgid=38109
[2026-08-02T21:29:40+0700] Stopping launcher-owned process group: vertical_lidar_mapper pgid=37688
[2026-08-02T21:29:40+0700] Stopping launcher-owned process group: lidar2_static_tf pgid=37354
[2026-08-02T21:29:40+0700] Stopping launcher-owned process group: sllidar2 pgid=37051
[2026-08-02T21:29:41+0700] lidar1, RF2O, 2D SLAM, MAVROS, camera, AprilTag, planner, and flight control were not stopped
