[2026-07-26T18:07:27+0700] Independent RF2O/PX4 odometry startup
[2026-07-26T18:07:27+0700] Workspace=/home/pi5drone/drone_ros_ws; LiDAR=/dev/ttyUSB0; use_sim_time=false
[2026-07-26T18:07:27+0700] This launcher will not manage MAVROS, the flight controller, camera, or AprilTag nodes
[1;32m[2026-07-26T18:07:32+0700] STARTED existing MAVROS connected; vehicle disarmed[0m
[1;32m[2026-07-26T18:07:38+0700] STARTED rplidar pid=5221[0m
[2026-07-26T18:07:40+0700] Waiting for /scan; elapsed=2s deadline=60s
[2026-07-26T18:07:45+0700] Waiting for /scan; elapsed=7s deadline=60s
[1;32m[2026-07-26T18:07:48+0700] STARTED message stream /scan[0m
[1;32m[2026-07-26T18:07:49+0700] STARTED odom_flatten pid=5517[0m
[1;32m[2026-07-26T18:07:49+0700] STARTED static_lidar_tf pid=5519[0m
[2026-07-26T18:07:51+0700] Waiting for TF odom -> base_footprint; elapsed=2s deadline=60s
[1;32m[2026-07-26T18:07:55+0700] STARTED TF odom -> base_footprint[0m
[2026-07-26T18:07:57+0700] Waiting for TF base_footprint -> laser_frame; elapsed=2s deadline=60s
[2026-07-26T18:08:00+0700] Waiting for TF base_footprint -> laser_frame; elapsed=5s deadline=60s
[2026-07-26T18:08:06+0700] Waiting for TF base_footprint -> laser_frame; elapsed=11s deadline=60s
[1;32m[2026-07-26T18:08:10+0700] STARTED TF base_footprint -> laser_frame[0m
[1;32m[2026-07-26T18:08:10+0700] STARTED scan_audit pid=6090[0m
[2026-07-26T18:08:11+0700] Waiting for /scan_stream_audit/diagnostics classification_ready=true; elapsed=1s deadline=30s
[2026-07-26T18:08:15+0700] Waiting for /scan_stream_audit/diagnostics classification_ready=true; elapsed=5s deadline=30s
[1;32m[2026-07-26T18:08:18+0700] STARTED diagnostic /scan_stream_audit/diagnostics classification_ready=true[0m
[1;32m[2026-07-26T18:08:18+0700] STARTED canonicalizer pid=6266[0m
waiting for /scan_rf2o: 0/5
[1;32m[2026-07-26T18:08:26+0700] STARTED diagnostic /scan_rf2o/diagnostics timestamp_monotonic=true[0m
[1;32m[2026-07-26T18:08:26+0700] STARTED five coherent canonical scans[0m
[1;32m[2026-07-26T18:08:26+0700] STARTED lidar_odom_monitor pid=6422[0m
[1;32m[2026-07-26T18:08:27+0700] STARTED rf2o pid=6455[0m
waiting for /lidar/odom_raw: 0/5
[1;32m[2026-07-26T18:08:33+0700] STARTED RF2O raw odometry /lidar/odom_raw[0m
waiting for /lidar/odom: 2/5
[1;32m[2026-07-26T18:08:35+0700] STARTED health-gated LiDAR odometry /lidar/odom[0m
[1;32m[2026-07-26T18:08:36+0700] STARTED lidar_odom_px4_bridge pid=6639[0m
[2026-07-26T18:08:36+0700] Waiting for /lidar_odom_px4_bridge/diagnostics; elapsed=0s deadline=15s
[2026-07-26T18:08:43+0700] Waiting for /lidar_odom_px4_bridge/diagnostics; elapsed=7s deadline=15s
[1;32m[2026-07-26T18:08:46+0700] STARTED message stream /lidar_odom_px4_bridge/diagnostics[0m
[2026-07-26T18:08:48+0700] Waiting for /mavros/odometry/out; elapsed=2s deadline=60s
[1;32m[2026-07-26T18:08:51+0700] STARTED message stream /mavros/odometry/out[0m
[1;32m[2026-07-26T18:08:52+0700] STARTED RF2O feed to PX4 via /mavros/odometry/out[0m

[1;32m######################################################################
#                                                                    #
#                         ALL SYSTEM READY                           #
#                                                                    #
#             RF2O odometry is feeding PX4 through MAVROS            #
#                                                                    #
######################################################################
[0m
[2026-07-26T18:09:01+0700] ROS/MAVROS feed is ready; verify EKF2 external-vision aid flags before flight
[2026-07-26T18:09:01+0700] No PX4 parameter, arm, mode, or movement command was sent
[2026-07-26T18:09:01+0700] Runtime logs: /home/pi5drone/drone_ros_ws/runtime_logs/rf2o_px4_20260726_180727
